08-31 16:25:24.148 12437 12483 I cnsp    : #maybeCreateTimeTrigger: time trigger= PROACTIVE_CLIENT_PLATFORM_V2:RENDERED_DATA_SHOW;CALENDAR_EVENT;239091978;OPA_SMARTSPACE;:0 with start time=1756742400, stop time=1756744500 in seconds.
08-31 16:25:24.148 12437 12477 I cnsp    : #maybeCreateTimeTrigger: time trigger= PROACTIVE_CLIENT_PLATFORM_V2:RENDERED_DATA_SHOW;CALENDAR_EVENT;-1991933249;OPA_SMARTSPACE;:0 with start time=1756718400, stop time=1756720500 in seconds.
08-31 16:25:24.149 12437 12481 I cnsp    : #maybeCreateTimeTrigger: time trigger= PROACTIVE_CLIENT_PLATFORM_V2:RENDERED_DATA_SHOW;CALENDAR_EVENT;-1259643299;OPA_SMARTSPACE;:0 with start time=1756722600, stop time=1756724700 in seconds.
08-31 16:25:24.151 12437 12484 I cnsp    : #maybeCreateTimeTrigger: time trigger= PROACTIVE_CLIENT_PLATFORM_V2:RENDERED_DATA_SHOW;CALENDAR_EVENT;2114397570;OPA_SMARTSPACE;:0 with start time=1756735200, stop time=1756737300 in seconds.
08-31 16:25:24.152 12437 12481 I cnsp    : #maybeCreateTimeTrigger: time trigger= PROACTIVE_CLIENT_PLATFORM_V2:RENDERED_DATA_SHOW;CALENDAR_EVENT;-2136169431;OPA_SMARTSPACE;:0 with start time=1756731600, stop time=1756733700 in seconds.
08-31 16:25:24.152 12437 12484 I cnsp    : #maybeCreateTimeTrigger: time trigger= PROACTIVE_CLIENT_PLATFORM_V2:RENDERED_DATA_SHOW;CALENDAR_EVENT;768161949;OPA_SMARTSPACE;:0 with start time=1756728000, stop time=1756730100 in seconds.
08-31 16:25:24.153 12437 12479 I cnsp    : #maybeCreateTimeTrigger: time trigger= PROACTIVE_CLIENT_PLATFORM_V2:RENDERED_DATA_SHOW;CALENDAR_EVENT;431103744;OPA_SMARTSPACE;:0 with start time=1756733400, stop time=1756735500 in seconds.
08-31 16:25:24.154 12437 12481 I cnsp    : #maybeCreateTimeTrigger: time trigger= PROACTIVE_CLIENT_PLATFORM_V2:RENDERED_DATA_SHOW;CALENDAR_EVENT;26517301;OPA_SMARTSPACE;:0 with start time=1756726200, stop time=1756728300 in seconds.
08-31 16:25:24.163 12437 12477 I cnqq    : remove request for trigger key: PROACTIVE_CLIENT_PLATFORM_V2:BACKGROUND_REFRESH_WORKER, isClientInitiated: false
08-31 16:25:24.164 12437 12481 I cnsp    : #remove: subTriggerId=PROACTIVE_CLIENT_PLATFORM_V2:BACKGROUND_REFRESH_WORKER:0
08-31 16:25:24.165  7135  9293 I DebugExecutorService: execute() called with Runnable: cczu@4392ddd
08-31 16:25:24.165  7135  9293 I DebugExecutorService: cczu@4392ddd finished on thread
08-31 16:25:24.165  7135 13328 I CrossProfileSender: Scheduling automatic disconnection
08-31 16:25:24.167 12437 12479 W BundleCallSender: Call returned null or empty bytes from cdaw
08-31 16:25:24.167 12437 12479 W BundleCallSender: Return bytes are empty
08-31 16:25:24.170 12437 12481 I cnsp    : #maybeCreateTimeTrigger: time trigger= PROACTIVE_CLIENT_PLATFORM_V2:BACKGROUND_REFRESH_WORKER:0 with start time=1756651255, stop time=1757256055 in seconds.
08-31 16:25:24.173 29387 29387 D WM-WorkerWrapper: Starting work for com.google.android.libraries.hub.workmanager.HubListenableWorker
08-31 16:25:24.173  7135  7387 I bjls    : #filterNoMapsConsentCards: Flag is off. Return UnfilteredCards
08-31 16:25:24.175  7135  7387 I bjnq    : Not deduping a non-GI-inferred calendar event
08-31 16:25:24.176  7135  7387 I bjnq    : Not deduping a non-GI-inferred calendar event
08-31 16:25:24.176  7135  7387 I bjnq    : Not deduping a non-GI-inferred calendar event
08-31 16:25:24.176  7135  7387 I bjnq    : Not deduping a non-GI-inferred calendar event
08-31 16:25:24.176  7135  7387 I bjnq    : Not deduping a non-GI-inferred calendar event
08-31 16:25:24.176  7135  7387 I bjnq    : Not deduping a non-GI-inferred calendar event
08-31 16:25:24.176  7135  7387 I bjnq    : Not deduping a non-GI-inferred calendar event
08-31 16:25:24.176  7135  7387 I bjnq    : Not deduping a non-GI-inferred calendar event
08-31 16:25:24.176  7135  7387 I bjnq    : Not deduping a non-GI-inferred calendar event
08-31 16:25:24.176  7135  7387 I bjnq    : Not deduping a non-GI-inferred calendar event
08-31 16:25:24.176  7135  7387 I bjnq    : Not deduping a non-GI-inferred calendar event
08-31 16:25:24.176  7135  7387 I bjnq    : Not deduping a non-GI-inferred calendar event
08-31 16:25:24.176  7135  7387 I bjnq    : Not deduping a non-GI-inferred calendar event
08-31 16:25:24.179  7135  7387 I xql     : TNG:MA eligibility is used in AssistantEligibilityCheckerTNGImpl.
08-31 16:25:24.179  7135  7387 I uht     : #shareData for smartspace_tng_update with pending task count: 0
08-31 16:25:24.180  7135  7265 I ajll    : #FCF: Managed profile check status : false
08-31 16:25:24.180  7135  7386 I ajlg    : #FCF: Demo mode check status : false
08-31 16:25:24.180  7135  7265 I ajoi    : #FCF evaluate: { result:enabled:true, failure_reasons: }
08-31 16:25:24.180  7135  7265 I ajoi    : TngMaStatusChecker#evaluateInternal completed in 1 millis
08-31 16:25:24.180  7135  7265 I xrd     : tngMaFeatureEnabled: true
08-31 16:25:24.181  7135  7265 I xqy     : LocaleAssistantEligibilityCheckerImpl#isLocationAssistantEligible completed in 1 millis
08-31 16:25:24.181  7135  7265 I xrd     : locationAssistantEligible: true
08-31 16:25:24.181  1449  1929 I ContentCaptureManagerService: Data share request accepted by Content Capture service
08-31 16:25:24.182  7135  7265 I xqw     : GoogleKidsSpaceCheckerImpl#isGoogleKidsSpaceInstalled completed in 1 millis
08-31 16:25:24.182  7135  7241 I uht     : #shareData onWrite success: smartspace_tng_update
08-31 16:25:24.182  7135  7265 I xqw     : GoogleKidsSpaceCheckerImpl#isGoogleKidsSpaceActive completed in 1 millis
08-31 16:25:24.182  7135  7265 I xrd     : googleKidsSpaceActive: false
08-31 16:25:24.182  7135  7265 I xrd     : isTngMaEligible: true
08-31 16:25:24.182  7135  7265 I xrd     : TngMaEligibilityCheckerImpl#isEligible completed in 3 millis
08-31 16:25:24.183  7632  7934 I AiAiEcho: EchoDataShareHandler starts to process file, locusId=smartspace_tng_update
08-31 16:25:24.185  7135  7381 W bjek    : Feature type id 0 does not have an associated feature type - not extracting fromsub item
08-31 16:25:24.185  7135  7381 W bjek    : InstanceId 0 is invalid
08-31 16:25:24.185  7135  7381 W bjek    : Feature type id 0 does not have an associated feature type - not extracting fromsub item
08-31 16:25:24.185  7135  7381 W bjek    : InstanceId 0 is invalid
08-31 16:25:24.186  7135  7381 W bjek    : Feature type id 0 does not have an associated feature type - not extracting fromsub item
08-31 16:25:24.186  7135  7381 W bjek    : InstanceId 0 is invalid
08-31 16:25:24.186  7135  7381 W bjek    : Feature type id 0 does not have an associated feature type - not extracting fromsub item
08-31 16:25:24.186  7135  7381 W bjek    : InstanceId 0 is invalid
08-31 16:25:24.186  7135  7381 W bjek    : Feature type id 0 does not have an associated feature type - not extracting fromsub item
08-31 16:25:24.186  7135  7381 W bjek    : InstanceId 0 is invalid
08-31 16:25:24.186  7135  7381 W bjek    : Feature type id 0 does not have an associated feature type - not extracting fromsub item
08-31 16:25:24.186  7135  7381 W bjek    : InstanceId 0 is invalid
08-31 16:25:24.187  7135  7381 W bjek    : Feature type id 0 does not have an associated feature type - not extracting fromsub item
08-31 16:25:24.187  7135  7381 W bjek    : InstanceId 0 is invalid
08-31 16:25:24.187  7135  7381 W bjek    : Feature type id 0 does not have an associated feature type - not extracting fromsub item
08-31 16:25:24.187  7135  7381 W bjek    : InstanceId 0 is invalid
08-31 16:25:24.187  7135  7381 W bjek    : Feature type id 0 does not have an associated feature type - not extracting fromsub item
08-31 16:25:24.187  7135  7381 W bjek    : InstanceId 0 is invalid
08-31 16:25:24.187  7135  7381 W bjek    : Feature type id 0 does not have an associated feature type - not extracting fromsub item
08-31 16:25:24.187  7135  7381 W bjek    : InstanceId 0 is invalid
08-31 16:25:24.187  7135  7381 W bjek    : Feature type id 0 does not have an associated feature type - not extracting fromsub item
08-31 16:25:24.187  7135  7381 W bjek    : InstanceId 0 is invalid
08-31 16:25:24.187  7135  7381 W bjek    : Feature type id 0 does not have an associated feature type - not extracting fromsub item
08-31 16:25:24.187  7135  7381 W bjek    : InstanceId 0 is invalid
08-31 16:25:24.188  7135  7381 W bjek    : Feature type id 0 does not have an associated feature type - not extracting fromsub item
08-31 16:25:24.188  7135  7381 W bjek    : InstanceId 0 is invalid
08-31 16:25:24.188  7135  7381 W bjek    : Feature type id 0 does not have an associated feature type - not extracting fromsub item
08-31 16:25:24.188  7135  7381 W bjek    : InstanceId 0 is invalid
08-31 16:25:24.188  7135  7381 W bjek    : Feature type id 0 does not have an associated feature type - not extracting fromsub item
08-31 16:25:24.188  7135  7381 W bjek    : InstanceId 0 is invalid
08-31 16:25:24.188  7135  7381 W bjek    : Feature type id 0 does not have an associated feature type - not extracting fromsub item
08-31 16:25:24.188  7135  7381 W bjek    : InstanceId 0 is invalid
08-31 16:25:24.188  7135  7381 W bjek    : Feature type id 0 does not have an associated feature type - not extracting fromsub item
08-31 16:25:24.188  7135  7381 W bjek    : InstanceId 0 is invalid
08-31 16:25:24.188  7135  7381 W bjek    : Feature type id 0 does not have an associated feature type - not extracting fromsub item
08-31 16:25:24.188  7135  7381 W bjek    : InstanceId 0 is invalid
08-31 16:25:24.188  7135  7381 W bjek    : Feature type id 0 does not have an associated feature type - not extracting fromsub item
08-31 16:25:24.188  7135  7381 W bjek    : InstanceId 0 is invalid
08-31 16:25:24.188  7135  7381 W bjek    : Feature type id 0 does not have an associated feature type - not extracting fromsub item
08-31 16:25:24.189  7135  7241 I uht     : #shareData for smartspace_tng_update completed with unretriable status SUCCESS on retry attempt 0
08-31 16:25:24.189  7135  7381 W bjek    : InstanceId 0 is invalid
08-31 16:25:24.189  7135  7241 I uht     : #shareData for smartspace_tng_update done
08-31 16:25:24.189  7135  7381 W bjek    : Feature type id 0 does not have an associated feature type - not extracting fromsub item
08-31 16:25:24.189  7135  7381 W bjek    : InstanceId 0 is invalid
08-31 16:25:24.189  7135  7241 I birz    : Update sent successfully. locusId: smartspace_tng_update
08-31 16:25:24.189  7135  7381 W bjek    : Feature type id 0 does not have an associated feature type - not extracting fromsub item
08-31 16:25:24.189  7135  7381 W bjek    : InstanceId 0 is invalid
08-31 16:25:24.189  7135  7381 W bjek    : Feature type id 0 does not have an associated feature type - not extracting fromsub item
08-31 16:25:24.189  7135  7381 W bjek    : InstanceId 0 is invalid
08-31 16:25:24.189  7135  7381 W bjek    : Feature type id 0 does not have an associated feature type - not extracting fromsub item
08-31 16:25:24.189  7135  7381 W bjek    : InstanceId 0 is invalid
08-31 16:25:24.189  7135  7387 I <unknown class>: Weather Smartspace TNG not enabled.
08-31 16:25:24.189  7135  7381 W bjek    : Feature type id 0 does not have an associated feature type - not extracting fromsub item
08-31 16:25:24.190  7135  7381 W bjek    : InstanceId 0 is invalid
08-31 16:25:24.190  7135  7379 W AmbientPrefs: SmartspaceCard: BIRTHDAY should not use MainPreferences setting!
08-31 16:25:24.190  7135  7295 W AmbientPrefs: SmartspaceCard: SPORTS should not use MainPreferences setting!
08-31 16:25:24.190  7135  7381 W bjek    : Feature type id 0 does not have an associated feature type - not extracting fromsub item
08-31 16:25:24.190  7135  7381 W bjek    : InstanceId 0 is invalid
08-31 16:25:24.190  7135  7381 W bjek    : Feature type id 0 does not have an associated feature type - not extracting fromsub item
08-31 16:25:24.190  7135  7381 W bjek    : InstanceId 0 is invalid
08-31 16:25:24.190  7135  7265 I BcSsSuggestionAgg: Smartspace card update to AiAi successfully
08-31 16:25:24.190  7135  7265 I BcSsSuggestionAgg: cardId: 569377243, card type: WEATHER, pre event title: # enrb@19a0df4, event start time: 1756647397599, update time: 1756647397599, expireTime: 1756648800000, is from work profile: false
08-31 16:25:24.190  7135  7265 I BcSsSuggestionAgg: cardId: 569377244, card type: WEATHER, pre event title: # enrb@19a0df4, event start time: 1756648800000, update time: 1756648800000, expireTime: 1756652400000, is from work profile: false
08-31 16:25:24.190  7135  7296 W bjls    : Failed to find key 'smartspace_pref_personal_results_key' in Settings.secure
08-31 16:25:24.190  7135  7296 W bjls    : android.provider.Settings$SettingNotFoundException: smartspace_pref_personal_results_key
08-31 16:25:24.190  7135  7296 W bjls    : 	at android.provider.Settings.parseIntSetting(Settings.java:4177)
08-31 16:25:24.190  7135  7296 W bjls    : 	at android.provider.Settings.-$$Nest$smparseIntSetting(Unknown Source:0)
08-31 16:25:24.190  7135  7296 W bjls    : 	at android.provider.Settings$Secure.getIntForUser(Settings.java:7580)
08-31 16:25:24.190  7135  7296 W bjls    : 	at android.provider.Settings$Secure.getInt(Settings.java:7572)
08-31 16:25:24.190  7135  7296 W bjls    : 	at bjls.g(PG:8)
08-31 16:25:24.190  7135  7296 W bjls    : 	at bjll.apply(PG:226)
08-31 16:25:24.190  7135  7296 W bjls    : 	at emqz.apply(PG:13)
08-31 16:25:24.190  7135  7296 W bjls    : 	at evpv.d(PG:3)
08-31 16:25:24.190  7135  7296 W bjls    : 	at evpw.run(PG:38)
08-31 16:25:24.190  7135  7296 W bjls    : 	at cqpo.run(PG:5)
08-31 16:25:24.190  7135  7296 W bjls    : 	at eunz.run(PG:44)
08-31 16:25:24.190  7135  7296 W bjls    : 	at cqpa.run(PG:83)
08-31 16:25:24.190  7135  7296 W bjls    : 	at java.lang.Thread.run(Thread.java:1119)
08-31 16:25:24.190  7135  7296 W bjls    : 	at cqqq.run(PG:62)
08-31 16:25:24.190  7135  7265 I BcSsSuggestionAgg: cardId: 569377245, card type: WEATHER, pre event title: # enrb@19a0df4, event start time: 1756652400000, update time: 1756652400000, expireTime: 1756656000000, is from work profile: false
08-31 16:25:24.190  7135  7387 I arho    : #getOobeStatus: OptedIn [CONTEXT ratelimit_period="10 SECONDS" skipped=1 ]
08-31 16:25:24.190  7135  7381 W bjek    : Feature type id 0 does not have an associated feature type - not extracting fromsub item
08-31 16:25:24.190  7135  7265 I BcSsSuggestionAgg: cardId: 569377246, card type: WEATHER, pre event title: # enrb@19a0df4, event start time: 1756656000000, update time: 1756656000000, expireTime: 1756659600000, is from work profile: false
08-31 16:25:24.190  7135  7381 W bjek    : InstanceId 0 is invalid
08-31 16:25:24.191  7135  7265 I BcSsSuggestionAgg: cardId: 569377247, card type: WEATHER, pre event title: # enrb@19a0df4, event start time: 1756659600000, update time: 1756659600000, expireTime: 1756663200000, is from work profile: false
08-31 16:25:24.191  7135  7381 W bjek    : Feature type id 0 does not have an associated feature type - not extracting fromsub item
08-31 16:25:24.191  7135  7265 I BcSsSuggestionAgg: cardId: 569377248, card type: WEATHER, pre event title: # enrb@19a0df4, event start time: 1756663200000, update time: 1756663200000, expireTime: 1756666800000, is from work profile: false
08-31 16:25:24.191  7135  7265 I BcSsSuggestionAgg: cardId: 569377249, card type: WEATHER, pre event title: # enrb@19a0df4, event start time: 1756666800000, update time: 1756666800000, expireTime: 1756668997599, is from work profile: false
08-31 16:25:24.191  7135  7381 W bjek    : InstanceId 0 is invalid
08-31 16:25:24.191  7135  7265 I BcSsSuggestionAgg: cardId: -2127650088, card type: CALENDAR, pre event title: # enrb@19a0df4, event start time: 1756796400000, update time: 1756794600000, expireTime: 1756796700000, is from work profile: false
08-31 16:25:24.191  7135  7265 I BcSsSuggestionAgg: cardId: -977023906, card type: CALENDAR, pre event title: # enrb@19a0df4, event start time: 1756710000000, update time: 1756708200000, expireTime: 1756710300000, is from work profile: false
08-31 16:25:24.191  7135  7265 I BcSsSuggestionAgg: cardId: -628180011, card type: CALENDAR, pre event title: # enrb@19a0df4, event start time: 1756720800000, update time: 1756719000000, expireTime: 1756721100000, is from work profile: true
08-31 16:25:24.191  7135  7381 W bjek    : Feature type id 0 does not have an associated feature type - not extracting fromsub item
08-31 16:25:24.191  7135  7265 I BcSsSuggestionAgg: cardId: 2125109248, card type: CALENDAR, pre event title: # enrb@19a0df4, event start time: 1756738800000, update time: 1756737000000, expireTime: 1756739100000, is from work profile: true
08-31 16:25:24.192  7135  7381 W bjek    : InstanceId 0 is invalid
08-31 16:25:24.192  7135  7381 W bjek    : Feature type id 0 does not have an associated feature type - not extracting fromsub item
08-31 16:25:24.192  7135  7381 W bjek    : InstanceId 0 is invalid
08-31 16:25:24.192  7135  7381 W bjek    : Feature type id 0 does not have an associated feature type - not extracting fromsub item
08-31 16:25:24.192  7135  7381 W bjek    : InstanceId 0 is invalid
08-31 16:25:24.193  7135  7381 W bjek    : Feature type id 0 does not have an associated feature type - not extracting fromsub item
08-31 16:25:24.193  7135  7241 E ekzq    : Failed to store the update to Geller storage.
08-31 16:25:24.193  7135  7241 E ekzq    : com.google.android.libraries.geller.portable.GellerException: Code: FAILED_PRECONDITION, Message: Corpus SMARTSPACE_CARD_UPDATE_RECORD has wipeout enabled, so local writes are blocked
08-31 16:25:24.193  7135  7241 E ekzq    : 	at com.google.android.libraries.geller.portable.Geller.nativeWrite(Native Method)
08-31 16:25:24.193  7135  7241 E ekzq    : 	at ctbo.a(PG:295)
08-31 16:25:24.193  7135  7241 E ekzq    : 	at emqu.a(PG:13)
08-31 16:25:24.193  7135  7241 E ekzq    : 	at evtp.a(PG:3)
08-31 16:25:24.193  7135  7241 E ekzq    : 	at evss.run(PG:19)
08-31 16:25:24.193  7135  7241 E ekzq    : 	at evtr.run(PG:5)
08-31 16:25:24.193  7135  7241 E ekzq    : 	at evtg.run(PG:3)
08-31 16:25:24.193  7135  7241 E ekzq    : 	at evth.run(PG:64)
08-31 16:25:24.193  7135  7241 E ekzq    : 	at cqpo.run(PG:5)
08-31 16:25:24.193  7135  7241 E ekzq    : 	at java.util.concurrent.ThreadPoolExecutor.runWorker(ThreadPoolExecutor.java:1156)
08-31 16:25:24.193  7135  7241 E ekzq    : 	at java.util.concurrent.ThreadPoolExecutor$Worker.run(ThreadPoolExecutor.java:651)
08-31 16:25:24.193  7135  7241 E ekzq    : 	at cqou.run(PG:27)
08-31 16:25:24.193  7135  7241 E ekzq    : 	at java.lang.Thread.run(Thread.java:1119)
08-31 16:25:24.193  7135  7241 E ekzq    : 	at cqqq.run(PG:62)
08-31 16:25:24.193  7135  7381 W bjek    : InstanceId 0 is invalid
08-31 16:25:24.193  7135  7381 W bjek    : Feature type id 0 does not have an associated feature type - not extracting fromsub item
08-31 16:25:24.193  7135  7381 W bjek    : InstanceId 0 is invalid
08-31 16:25:24.193  7135  7381 W bjek    : Feature type id 0 does not have an associated feature type - not extracting fromsub item
08-31 16:25:24.193  7135  7381 W bjek    : InstanceId 0 is invalid
08-31 16:25:24.194  7135  7381 W bjek    : Feature type id 0 does not have an associated feature type - not extracting fromsub item
08-31 16:25:24.194  7135  7381 W bjek    : InstanceId 0 is invalid
08-31 16:25:24.194  7135  7381 W bjek    : Feature type id 0 does not have an associated feature type - not extracting fromsub item
08-31 16:25:24.194  7135  7381 W bjek    : InstanceId 0 is invalid
08-31 16:25:24.194  7135  7265 I BcSsSuggestionAgg: cardId: -1391670006, card type: CALENDAR, pre event title: # enrb@19a0df4, event start time: 1756731600000, update time: 1756729800000, expireTime: 1756731900000, is from work profile: true
08-31 16:25:24.194  7135  7381 W bjek    : Feature type id 0 does not have an associated feature type - not extracting fromsub item
08-31 16:25:24.194  7135  7381 W bjek    : InstanceId 0 is invalid
08-31 16:25:24.194  7135  7381 W bjek    : Feature type id 0 does not have an associated feature type - not extracting fromsub item
08-31 16:25:24.194  7135  7381 W bjek    : InstanceId 0 is invalid
08-31 16:25:24.194  7135  7265 I BcSsSuggestionAgg: cardId: -355932661, card type: CALENDAR, pre event title: # enrb@19a0df4, event start time: 1756744200000, update time: 1756742400000, expireTime: 1756744500000, is from work profile: true
08-31 16:25:24.194  7135  7265 I BcSsSuggestionAgg: cardId: 674040106, card type: CALENDAR, pre event title: # enrb@19a0df4, event start time: 1756720200000, update time: 1756718400000, expireTime: 1756720500000, is from work profile: true
08-31 16:25:24.194  7135  7381 W bjek    : Feature type id 0 does not have an associated feature type - not extracting fromsub item
08-31 16:25:24.194  7135  7381 W bjek    : InstanceId 0 is invalid
08-31 16:25:24.194  7135  7381 W bjek    : Feature type id 0 does not have an associated feature type - not extracting fromsub item
08-31 16:25:24.194  7135  7265 I BcSsSuggestionAgg: cardId: 505266228, card type: CALENDAR, pre event title: # enrb@19a0df4, event start time: 1756724400000, update time: 1756722600000, expireTime: 1756724700000, is from work profile: true
08-31 16:25:24.194  7135  7381 W bjek    : InstanceId 0 is invalid
08-31 16:25:24.195  7135  7381 W bjek    : Feature type id 0 does not have an associated feature type - not extracting fromsub item
08-31 16:25:24.195  7135  7381 W bjek    : InstanceId 0 is invalid
08-31 16:25:24.195  7135  7381 W bjek    : Feature type id 0 does not have an associated feature type - not extracting fromsub item
08-31 16:25:24.195  7135  7265 I BcSsSuggestionAgg: cardId: 2076086303, card type: CALENDAR, pre event title: # enrb@19a0df4, event start time: 1756737000000, update time: 1756735200000, expireTime: 1756737300000, is from work profile: true
08-31 16:25:24.195  7135  7381 W bjek    : InstanceId 0 is invalid
08-31 16:25:24.195  7135  7381 W bjek    : Feature type id 0 does not have an associated feature type - not extracting fromsub item
08-31 16:25:24.195  7135  7381 W bjek    : InstanceId 0 is invalid
08-31 16:25:24.195  7135  7381 W bjek    : Feature type id 0 does not have an associated feature type - not extracting fromsub item
08-31 16:25:24.195  7135  7381 W bjek    : InstanceId 0 is invalid
08-31 16:25:24.195  7135  7381 W bjek    : Feature type id 0 does not have an associated feature type - not extracting fromsub item
08-31 16:25:24.195  7135  7381 W bjek    : InstanceId 0 is invalid
08-31 16:25:24.195  7135  7381 W bjek    : Feature type id 0 does not have an associated feature type - not extracting fromsub item
08-31 16:25:24.195  7135  7381 W bjek    : InstanceId 0 is invalid
08-31 16:25:24.195  7135  7381 W bjek    : Feature type id 0 does not have an associated feature type - not extracting fromsub item
08-31 16:25:24.195  7135  7381 W bjek    : InstanceId 0 is invalid
08-31 16:25:24.195  7135  7381 W bjek    : Feature type id 0 does not have an associated feature type - not extracting fromsub item
08-31 16:25:24.195  7135  7381 W bjek    : InstanceId 0 is invalid
08-31 16:25:24.195  7135  7381 W bjek    : Feature type id 0 does not have an associated feature type - not extracting fromsub item
08-31 16:25:24.195  7135  7381 W bjek    : InstanceId 0 is invalid
08-31 16:25:24.195  7135  7381 W bjek    : Feature type id 0 does not have an associated feature type - not extracting fromsub item
08-31 16:25:24.195  7135  7381 W bjek    : InstanceId 0 is invalid
08-31 16:25:24.195  7135  7381 W bjek    : Feature type id 0 does not have an associated feature type - not extracting fromsub item
08-31 16:25:24.196  7135  7381 W bjek    : InstanceId 0 is invalid
08-31 16:25:24.196  7135  7381 W bjek    : Feature type id 0 does not have an associated feature type - not extracting fromsub item
08-31 16:25:24.196  7135  7381 W bjek    : InstanceId 0 is invalid
08-31 16:25:24.196  7135  7381 W bjek    : Feature type id 0 does not have an associated feature type - not extracting fromsub item
08-31 16:25:24.196  7135  7381 W bjek    : InstanceId 0 is invalid
08-31 16:25:24.196  7135  7381 W bjek    : Feature type id 0 does not have an associated feature type - not extracting fromsub item
08-31 16:25:24.196  7135  7381 W bjek    : InstanceId 0 is invalid
08-31 16:25:24.196  7135  7381 W bjek    : Feature type id 0 does not have an associated feature type - not extracting fromsub item
08-31 16:25:24.196  7135  7381 W bjek    : InstanceId 0 is invalid
08-31 16:25:24.196  7135  7381 W bjek    : Feature type id 0 does not have an associated feature type - not extracting fromsub item
08-31 16:25:24.196  7135  7381 W bjek    : InstanceId 0 is invalid
08-31 16:25:24.196  7135  7381 W bjek    : Feature type id 0 does not have an associated feature type - not extracting fromsub item
08-31 16:25:24.196  7135  7381 W bjek    : InstanceId 0 is invalid
08-31 16:25:24.196  7135  7381 W bjek    : Feature type id 0 does not have an associated feature type - not extracting fromsub item
08-31 16:25:24.196  7135  7381 W bjek    : InstanceId 0 is invalid
08-31 16:25:24.196  7135  7381 W bjek    : Feature type id 0 does not have an associated feature type - not extracting fromsub item
08-31 16:25:24.196  7135  7381 W bjek    : InstanceId 0 is invalid
08-31 16:25:24.196  7135  7381 W bjek    : Feature type id 0 does not have an associated feature type - not extracting fromsub item
08-31 16:25:24.196  7135  7381 W bjek    : InstanceId 0 is invalid
08-31 16:25:24.196  7135  7381 W bjek    : Feature type id 0 does not have an associated feature type - not extracting fromsub item
08-31 16:25:24.196  7135  7381 W bjek    : InstanceId 0 is invalid
08-31 16:25:24.196  7135  7381 W bjek    : Feature type id 0 does not have an associated feature type - not extracting fromsub item
08-31 16:25:24.196  7135  7381 W bjek    : InstanceId 0 is invalid
08-31 16:25:24.196  7135  7381 W bjek    : Feature type id 0 does not have an associated feature type - not extracting fromsub item
08-31 16:25:24.196  7135  7381 W bjek    : InstanceId 0 is invalid
08-31 16:25:24.197  7135  7381 W bjek    : Feature type id 0 does not have an associated feature type - not extracting fromsub item
08-31 16:25:24.197  7135  7381 W bjek    : InstanceId 0 is invalid
08-31 16:25:24.197  7135  7381 W bjek    : Feature type id 0 does not have an associated feature type - not extracting fromsub item
08-31 16:25:24.197  7135  7381 W bjek    : InstanceId 0 is invalid
08-31 16:25:24.197  7135  7381 W bjek    : Feature type id 0 does not have an associated feature type - not extracting fromsub item
08-31 16:25:24.197  7135  7381 W bjek    : InstanceId 0 is invalid
08-31 16:25:24.197  7135  7381 W bjek    : Feature type id 0 does not have an associated feature type - not extracting fromsub item
08-31 16:25:24.197  7135  7381 W bjek    : InstanceId 0 is invalid
08-31 16:25:24.197  7135  7381 W bjek    : Feature type id 0 does not have an associated feature type - not extracting fromsub item
08-31 16:25:24.197  7135  7381 W bjek    : InstanceId 0 is invalid
08-31 16:25:24.197  7135  7381 W bjek    : Feature type id 0 does not have an associated feature type - not extracting fromsub item
08-31 16:25:24.197  7135  7381 W bjek    : InstanceId 0 is invalid
08-31 16:25:24.197  7135  7381 W bjek    : Feature type id 0 does not have an associated feature type - not extracting fromsub item
08-31 16:25:24.197  7135  7381 W bjek    : InstanceId 0 is invalid
08-31 16:25:24.197  7135  7381 W bjek    : Feature type id 0 does not have an associated feature type - not extracting fromsub item
08-31 16:25:24.197  7135  7381 W bjek    : InstanceId 0 is invalid
08-31 16:25:24.197  7135  7381 W bjek    : Feature type id 0 does not have an associated feature type - not extracting fromsub item
08-31 16:25:24.197  7135  7381 W bjek    : InstanceId 0 is invalid
08-31 16:25:24.197  7135  7381 W bjek    : Feature type id 0 does not have an associated feature type - not extracting fromsub item
08-31 16:25:24.197  7135  7381 W bjek    : InstanceId 0 is invalid
08-31 16:25:24.198  7135  7381 W bjek    : Feature type id 0 does not have an associated feature type - not extracting fromsub item
08-31 16:25:24.198  7135  7381 W bjek    : InstanceId 0 is invalid
08-31 16:25:24.198  7135  7381 W bjek    : Feature type id 0 does not have an associated feature type - not extracting fromsub item
08-31 16:25:24.198  7135  7381 W bjek    : InstanceId 0 is invalid
08-31 16:25:24.198  7135  7381 W bjek    : Feature type id 0 does not have an associated feature type - not extracting fromsub item
08-31 16:25:24.198  7135  7381 W bjek    : InstanceId 0 is invalid
08-31 16:25:24.198  7135  7381 W bjek    : Feature type id 0 does not have an associated feature type - not extracting fromsub item
08-31 16:25:24.198  7135  7381 W bjek    : InstanceId 0 is invalid
08-31 16:25:24.198  7135  7381 W bjek    : Feature type id 0 does not have an associated feature type - not extracting fromsub item
08-31 16:25:24.198  7135  7381 W bjek    : InstanceId 0 is invalid
08-31 16:25:24.199  7135  7265 I BcSsSuggestionAgg: cardId: -2043277453, card type: CALENDAR, pre event title: # enrb@19a0df4, event start time: 1756733400000, update time: 1756731600000, expireTime: 1756733700000, is from work profile: true
08-31 16:25:24.199  7135  7265 I BcSsSuggestionAgg: cardId: 163217529, card type: CALENDAR, pre event title: # enrb@19a0df4, event start time: 1756729800000, update time: 1756728000000, expireTime: 1756730100000, is from work profile: true
08-31 16:25:24.199  7135  7265 I BcSsSuggestionAgg: cardId: 603478142, card type: CALENDAR, pre event title: # enrb@19a0df4, event start time: 1756735200000, update time: 1756733400000, expireTime: 1756735500000, is from work profile: true
08-31 16:25:24.199  7135  7265 I BcSsSuggestionAgg: cardId: 467306434, card type: CALENDAR, pre event title: # enrb@19a0df4, event start time: 1756728000000, update time: 1756726200000, expireTime: 1756728300000, is from work profile: true
08-31 16:25:24.210 29387 29415 I WM-WorkerWrapper: Worker result SUCCESS for Work [ id=f9a0d592-5312-43fa-9b9b-16cb0d0356d9, tags={ com.google.android.libraries.hub.workmanager.HubListenableWorker,GmailifyUpdateAvailabilityWork } ]
08-31 16:25:24.215 29387 29387 D WM-Processor: Processor f9a0d592-5312-43fa-9b9b-16cb0d0356d9 executed; reschedule = false
08-31 16:25:24.215 29387 29387 D WM-SystemJobService: f9a0d592-5312-43fa-9b9b-16cb0d0356d9 executed on JobScheduler
08-31 16:25:24.222 29387 29415 D WM-GreedyScheduler: Cancelling work ID f9a0d592-5312-43fa-9b9b-16cb0d0356d9
08-31 16:25:24.240 25976  4135 I ecqc    : appOpsListener android:record_audio com.google.android.apps.safetyhub
08-31 16:25:24.240 25976  4135 I ecqc    : Ignoring irrelevant audio permission changes for package com.google.android.apps.safetyhub
08-31 16:25:24.275  1449  1528 I DisplayDeviceRepository: Display device changed render timings: "Built-in Screen", renderFrameRate=120.00002, presentationDeadlineNanos=11499999, appVsyncOffsetNanos=6233332, frameRateOverrides=[{uid=10247 frameRateHz=60.00001}]
08-31 16:25:24.322  4437  6890 I cn_CronetUrlRequestContext: destroyNativeStreamLocked org.chromium.net.impl.CronetBidirectionalStream@18222bd
08-31 16:25:24.323  4437  6890 I cn_CronetUrlRequestContext: destroyNativeStreamLocked org.chromium.net.impl.CronetBidirectionalStream@bc0803
08-31 16:25:24.325  4437  4662 D CredentialStrategyInterceptor: Using CredentialStrategy: class bmiz
08-31 16:25:24.328  4437  4661 D CredentialStrategyInterceptor: Using CredentialStrategy: class bmiz
08-31 16:25:24.329  4437  4760 V RequestFinishedListener: onRequestFinished is skipped due to PrimesCronetMonitorIgnoreAnnotation
08-31 16:25:24.333  4437  4760 V RequestFinishedListener: onRequestFinished is skipped due to PrimesCronetMonitorIgnoreAnnotation
08-31 16:25:24.391  1449  1528 I DisplayDeviceRepository: Display device changed render timings: "Built-in Screen", renderFrameRate=120.00002, presentationDeadlineNanos=11499999, appVsyncOffsetNanos=6233332, frameRateOverrides=[]
08-31 16:25:24.432 25976  4135 I ecqc    : appOpsListener android:record_audio com.google.android.dialer
08-31 16:25:24.432 25976  4135 I ecqc    : Ignoring irrelevant audio permission changes for package com.google.android.dialer
08-31 16:25:24.600 25343 25619 I Auth    : [GetTokenResponse] Decryption key=it success, service=oauth2:https://www.googleapis.com/auth/fitbit [CONTEXT service_id=343 ]
08-31 16:25:24.614   968  1018 D shamp   : [TEA] [Domain: LTE_RRM] [Token: 48fb20ca] [Timestamp: 1756650321303]: Srxlev(12.96dB) S_NonIntraSearchP_Ind(1) S_NonIntraSearchP(62dB) LTERRM_S_NONINTRASEARCH_OFFSET(0dB)
08-31 16:25:24.615   968  1018 D shamp   : [TEA] [Domain: LTE DM] [Token: 9c07e879] [Timestamp: 1756650321366]: | 1_S |CC0 Mx0 Sc0| PCell SFN [ 716,385 ], DL EARFCN [ 3, 1600], PCell ID [322], DL Bandwidth [ 5]
08-31 16:25:24.615   968  1018 D shamp   : [TEA] [Domain: LTE_DM] [Token: b4155ea3] [Timestamp: 1756650321366]: |CC0 Mx0 Sc0| PCell SINR Avg: -3.26 RX Count: 2]
08-31 16:25:24.615   968  1018 D shamp   : [TEA] [Domain: LTE_RRM] [Token: 48fb20ca] [Timestamp: 1756650321413]: Srxlev(12.58dB) S_NonIntraSearchP_Ind(1) S_NonIntraSearchP(14dB) LTERRM_S_NONINTRASEARCH_OFFSET(0dB)
08-31 16:25:24.615   968  1018 D shamp   : [TEA] [Domain: LTE DM] [Token: 9c07e879] [Timestamp: 1756650321572]: | 1_S |CC0 Mx0 Sc0| PCell SFN [ 2413,591 ], DL EARFCN [20, 6300], PCell ID [107], DL Bandwidth [ 3]
08-31 16:25:24.615   968  1018 D shamp   : [TEA] [Domain: LTE_DM] [Token: b4155ea3] [Timestamp: 1756650321572]: |CC0 Mx0 Sc0| PCell SINR Avg: -3.56 RX Count: 2]
08-31 16:25:24.615   968  1018 D shamp   : [TEA] [Domain: LTE_RRM] [Token: 48fb20ca] [Timestamp: 1756650321615]: Srxlev(12.96dB) S_NonIntraSearchP_Ind(1) S_NonIntraSearchP(62dB) LTERRM_S_NONINTRASEARCH_OFFSET(0dB)
08-31 16:25:24.615   968  1018 D shamp   : [TEA] [Domain: LTE DM] [Token: 9c07e879] [Timestamp: 1756650321686]: | 1_S |CC0 Mx0 Sc0| PCell SFN [ 716,705 ], DL EARFCN [ 3, 1600], PCell ID [322], DL Bandwidth [ 5]
08-31 16:25:24.615   968  1018 D shamp   : [TEA] [Domain: LTE_DM] [Token: b4155ea3] [Timestamp: 1756650321686]: |CC0 Mx0 Sc0| PCell SINR Avg: 9.45 RX Count: 2]
08-31 16:25:24.615   968  1018 D shamp   : [TEA] [Domain: LTE_RRM] [Token: 48fb20ca] [Timestamp: 1756650321728]: Srxlev(12.58dB) S_NonIntraSearchP_Ind(1) S_NonIntraSearchP(14dB) LTERRM_S_NONINTRASEARCH_OFFSET(0dB)
08-31 16:25:24.615   968  1018 D shamp   : [TEA] [Domain: LTE DM] [Token: 9c07e879] [Timestamp: 1756650321891]: | 1_S |CC0 Mx0 Sc0| PCell SFN [ 2413,910 ], DL EARFCN [20, 6300], PCell ID [107], DL Bandwidth [ 3]
08-31 16:25:24.615   968  1018 D shamp   : [TEA] [Domain: LTE_DM] [Token: b4155ea3] [Timestamp: 1756650321891]: |CC0 Mx0 Sc0| PCell SINR Avg: 8.43 RX Count: 2]
08-31 16:25:24.615   968  1018 D shamp   : [TEA] [Domain: LTE_RRM] [Token: 48fb20ca] [Timestamp: 1756650321944]: Srxlev(12.67dB) S_NonIntraSearchP_Ind(1) S_NonIntraSearchP(62dB) LTERRM_S_NONINTRASEARCH_OFFSET(0dB)
08-31 16:25:24.615   968  1018 D shamp   : [TEA] [Domain: LTE DM] [Token: 9c07e879] [Timestamp: 1756650322006]: | 1_S |CC0 Mx0 Sc0| PCell SFN [ 716,1025 ], DL EARFCN [ 3, 1600], PCell ID [322], DL Bandwidth [ 5]
08-31 16:25:24.615   968  1018 D shamp   : [TEA] [Domain: LTE_DM] [Token: b4155ea3] [Timestamp: 1756650322006]: |CC0 Mx0 Sc0| PCell SINR Avg: 8.49 RX Count: 2]
08-31 16:25:24.615   968  1018 D shamp   : [TEA] [Domain: LTE_RRM] [Token: 48fb20ca] [Timestamp: 1756650322053]: Srxlev(11.79dB) S_NonIntraSearchP_Ind(1) S_NonIntraSearchP(14dB) LTERRM_S_NONINTRASEARCH_OFFSET(0dB)
08-31 16:25:24.615   968  1018 D shamp   : [TEA] [Domain: LTE DM] [Token: 9c07e879] [Timestamp: 1756650322211]: | 1_S |CC0 Mx0 Sc0| PCell SFN [ 2413,1230 ], DL EARFCN [20, 6300], PCell ID [107], DL Bandwidth [ 3]
08-31 16:25:24.615   968  1018 D shamp   : [TEA] [Domain: LTE_DM] [Token: b4155ea3] [Timestamp: 1756650322211]: |CC0 Mx0 Sc0| PCell SINR Avg: 8.12 RX Count: 2]
08-31 16:25:24.615   968  1018 D shamp   : [TEA] [Domain: LTE_RRM] [Token: 48fb20ca] [Timestamp: 1756650322255]: Srxlev(12.67dB) S_NonIntraSearchP_Ind(1) S_NonIntraSearchP(62dB) LTERRM_S_NONINTRASEARCH_OFFSET(0dB)
08-31 16:25:24.615   968  1018 D shamp   : [TEA] [Domain: LTE DM] [Token: 9c07e879] [Timestamp: 1756650322326]: | 1_S |CC0 Mx0 Sc0| PCell SFN [ 716,1345 ], DL EARFCN [ 3, 1600], PCell ID [322], DL Bandwidth [ 5]
08-31 16:25:24.615   968  1018 D shamp   : [TEA] [Domain: LTE_DM] [Token: b4155ea3] [Timestamp: 1756650322326]: |CC0 Mx0 Sc0| PCell SINR Avg: -3.17 RX Count: 2]
08-31 16:25:24.615   968  1018 D shamp   : [TEA] [Domain: LTE_RRM] [Token: 48fb20ca] [Timestamp: 1756650322368]: Srxlev(11.79dB) S_NonIntraSearchP_Ind(1) S_NonIntraSearchP(14dB) LTERRM_S_NONINTRASEARCH_OFFSET(0dB)
08-31 16:25:24.615   968  1018 D shamp   : [TEA] [Domain: LTE DM] [Token: 9c07e879] [Timestamp: 1756650322532]: | 1_S |CC0 Mx0 Sc0| PCell SFN [ 2413,1551 ], DL EARFCN [20, 6300], PCell ID [107], DL Bandwidth [ 3]
08-31 16:25:24.615   968  1018 D shamp   : [TEA] [Domain: LTE_DM] [Token: b4155ea3] [Timestamp: 1756650322532]: |CC0 Mx0 Sc0| PCell SINR Avg: -3.96 RX Count: 2]
08-31 16:25:24.615   968  1018 D shamp   : [TEA] [Domain: LTE DM] [Token: 9c07e879] [Timestamp: 1756650322646]: | 1_S |CC0 Mx0 Sc0| PCell SFN [ 716,1665 ], DL EARFCN [ 3, 1600], PCell ID [322], DL Bandwidth [ 5]
08-31 16:25:24.616   968  1018 D shamp   : [TEA] [Domain: LTE_DM] [Token: b4155ea3] [Timestamp: 1756650322646]: |CC0 Mx0 Sc0| PCell SINR Avg: -2.77 RX Count: 2]
08-31 16:25:24.616   968  1018 D shamp   : [TEA] [Domain: LTE_RRM] [Token: 48fb20ca] [Timestamp: 1756650322692]: Srxlev(11.65dB) S_NonIntraSearchP_Ind(1) S_NonIntraSearchP(14dB) LTERRM_S_NONINTRASEARCH_OFFSET(0dB)
08-31 16:25:24.616   968  1018 D shamp   : [TEA] [Domain: LTE DM] [Token: 9c07e879] [Timestamp: 1756650322851]: | 1_S |CC0 Mx0 Sc0| PCell SFN [ 2413,1870 ], DL EARFCN [20, 6300], PCell ID [107], DL Bandwidth [ 3]
08-31 16:25:24.616   968  1018 D shamp   : [TEA] [Domain: LTE_DM] [Token: b4155ea3] [Timestamp: 1756650322851]: |CC0 Mx0 Sc0| PCell SINR Avg: 10.15 RX Count: 2]
08-31 16:25:24.616   968  1018 D shamp   : [TEA] [Domain: LTE_RRM] [Token: 48fb20ca] [Timestamp: 1756650322903]: Srxlev(13.20dB) S_NonIntraSearchP_Ind(1) S_NonIntraSearchP(62dB) LTERRM_S_NONINTRASEARCH_OFFSET(0dB)
08-31 16:25:24.616   968  1018 D shamp   : [TEA] [Domain: LTE DM] [Token: 9c07e879] [Timestamp: 1756650322967]: | 1_S |CC0 Mx0 Sc0| PCell SFN [ 716,1986 ], DL EARFCN [ 3, 1600], PCell ID [322], DL Bandwidth [ 5]
08-31 16:25:24.616   968  1018 D shamp   : [TEA] [Domain: LTE_DM] [Token: b4155ea3] [Timestamp: 1756650322967]: |CC0 Mx0 Sc0| PCell SINR Avg: -3.29 RX Count: 2]
08-31 16:25:24.616   968  1018 D shamp   : [TEA] [Domain: LTE_RRM] [Token: 48fb20ca] [Timestamp: 1756650323005]: Srxlev(11.65dB) S_NonIntraSearchP_Ind(1) S_NonIntraSearchP(14dB) LTERRM_S_NONINTRASEARCH_OFFSET(0dB)
08-31 16:25:24.616   968  1018 D shamp   : [TEA] [Domain: LTE DM] [Token: 9c07e879] [Timestamp: 1756650323171]: | 1_S |CC0 Mx0 Sc0| PCell SFN [ 2413,2190 ], DL EARFCN [20, 6300], PCell ID [107], DL Bandwidth [ 3]
08-31 16:25:24.616   968  1018 D shamp   : [TEA] [Domain: LTE_DM] [Token: b4155ea3] [Timestamp: 1756650323171]: |CC0 Mx0 Sc0| PCell SINR Avg: 4.34 RX Count: 2]
08-31 16:25:24.616   968  1018 D shamp   : [TEA] [Domain: LTE_RRM] [Token: 48fb20ca] [Timestamp: 1756650323214]: Srxlev(13.20dB) S_NonIntraSearchP_Ind(1) S_NonIntraSearchP(62dB) LTERRM_S_NONINTRASEARCH_OFFSET(0dB)
08-31 16:25:24.616   968  1018 D shamp   : [TEA] [Domain: LTE DM] [Token: 9c07e879] [Timestamp: 1756650323286]: | 1_S |CC0 Mx0 Sc0| PCell SFN [ 716,2305 ], DL EARFCN [ 3, 1600], PCell ID [322], DL Bandwidth [ 5]
08-31 16:25:24.616   968  1018 D shamp   : [TEA] [Domain: LTE_DM] [Token: b4155ea3] [Timestamp: 1756650323286]: |CC0 Mx0 Sc0| PCell SINR Avg: 10.70 RX Count: 2]
08-31 16:25:24.616   968  1018 D shamp   : [TEA] [Domain: LTE_RRM] [Token: 48fb20ca] [Timestamp: 1756650323334]: Srxlev(12.21dB) S_NonIntraSearchP_Ind(1) S_NonIntraSearchP(14dB) LTERRM_S_NONINTRASEARCH_OFFSET(0dB)
08-31 16:25:24.616   968  1018 D shamp   : [TEA] [Domain: LTE DM] [Token: 9c07e879] [Timestamp: 1756650323491]: | 1_S |CC0 Mx0 Sc0| PCell SFN [ 2413,2510 ], DL EARFCN [20, 6300], PCell ID [107], DL Bandwidth [ 3]
08-31 16:25:24.616   968  1018 D shamp   : [TEA] [Domain: LTE_DM] [Token: b4155ea3] [Timestamp: 1756650323491]: |CC0 Mx0 Sc0| PCell SINR Avg: 6.60 RX Count: 2]
08-31 16:25:24.616   968  1018 D shamp   : [TEA] [Domain: LTE_RRM] [Token: 48fb20ca] [Timestamp: 1756650323543]: Srxlev(12.34dB) S_NonIntraSearchP_Ind(1) S_NonIntraSearchP(62dB) LTERRM_S_NONINTRASEARCH_OFFSET(0dB)
08-31 16:25:24.616   968  1018 D shamp   : [TEA] [Domain: LTE DM] [Token: 9c07e879] [Timestamp: 1756650323606]: | 1_S |CC0 Mx0 Sc0| PCell SFN [ 716,2625 ], DL EARFCN [ 3, 1600], PCell ID [322], DL Bandwidth [ 5]
08-31 16:25:24.616   968  1018 D shamp   : [TEA] [Domain: LTE_DM] [Token: b4155ea3] [Timestamp: 1756650323606]: |CC0 Mx0 Sc0| PCell SINR Avg: 9.28 RX Count: 2]
08-31 16:25:24.616   968  1018 D shamp   : [TEA] [Domain: LTE_RRM] [Token: 48fb20ca] [Timestamp: 1756650323648]: Srxlev(12.21dB) S_NonIntraSearchP_Ind(1) S_NonIntraSearchP(14dB) LTERRM_S_NONINTRASEARCH_OFFSET(0dB)
08-31 16:25:24.616   968  1018 D shamp   : [TEA] [Domain: LTE DM] [Token: 9c07e879] [Timestamp: 1756650323811]: | 1_S |CC0 Mx0 Sc0| PCell SFN [ 2413,2830 ], DL EARFCN [20, 6300], PCell ID [107], DL Bandwidth [ 3]
08-31 16:25:24.616   968  1018 D shamp   : [TEA] [Domain: LTE_DM] [Token: b4155ea3] [Timestamp: 1756650323811]: |CC0 Mx0 Sc0| PCell SINR Avg: 8.28 RX Count: 2]
08-31 16:25:24.616   968  1018 D shamp   : [TEA] [Domain: LTE_RRM] [Token: 48fb20ca] [Timestamp: 1756650323854]: Srxlev(12.34dB) S_NonIntraSearchP_Ind(1) S_NonIntraSearchP(62dB) LTERRM_S_NONINTRASEARCH_OFFSET(0dB)
08-31 16:25:24.616   968  1018 D shamp   : [TEA] [Domain: LTE DM] [Token: 9c07e879] [Timestamp: 1756650323926]: | 1_S |CC0 Mx0 Sc0| PCell SFN [ 716,2945 ], DL EARFCN [ 3, 1600], PCell ID [322], DL Bandwidth [ 5]
08-31 16:25:24.617   968  1018 D shamp   : [TEA] [Domain: LTE_DM] [Token: b4155ea3] [Timestamp: 1756650323926]: |CC0 Mx0 Sc0| PCell SINR Avg: 9.71 RX Count: 2]
08-31 16:25:24.617   968  1018 D shamp   : [TEA] [Domain: LTE_RRM] [Token: 48fb20ca] [Timestamp: 1756650323972]: Srxlev(12.00dB) S_NonIntraSearchP_Ind(1) S_NonIntraSearchP(14dB) LTERRM_S_NONINTRASEARCH_OFFSET(0dB)
08-31 16:25:24.617   968  1018 D shamp   : [TEA] [Domain: LTE DM] [Token: 9c07e879] [Timestamp: 1756650324131]: | 1_S |CC0 Mx0 Sc0| PCell SFN [ 2413,3150 ], DL EARFCN [20, 6300], PCell ID [107], DL Bandwidth [ 3]
08-31 16:25:24.617   968  1018 D shamp   : [TEA] [Domain: LTE_DM] [Token: b4155ea3] [Timestamp: 1756650324131]: |CC0 Mx0 Sc0| PCell SINR Avg: 7.78 RX Count: 2]
08-31 16:25:24.617   968  1018 D shamp   : [TEA] [Domain: LTE_RRM] [Token: 48fb20ca] [Timestamp: 1756650324184]: Srxlev(13.39dB) S_NonIntraSearchP_Ind(1) S_NonIntraSearchP(62dB) LTERRM_S_NONINTRASEARCH_OFFSET(0dB)
08-31 16:25:24.617   968  1018 D shamp   : [TEA] [Domain: LTE DM] [Token: 9c07e879] [Timestamp: 1756650324246]: | 1_S |CC0 Mx0 Sc0| PCell SFN [ 716,3265 ], DL EARFCN [ 3, 1600], PCell ID [322], DL Bandwidth [ 5]
08-31 16:25:24.617   968  1018 D shamp   : [TEA] [Domain: LTE_DM] [Token: b4155ea3] [Timestamp: 1756650324246]: |CC0 Mx0 Sc0| PCell SINR Avg: 9.38 RX Count: 2]
08-31 16:25:24.617   968  1018 D shamp   : [TEA] [Domain: LTE_RRM] [Token: 48fb20ca] [Timestamp: 1756650324288]: Srxlev(12.00dB) S_NonIntraSearchP_Ind(1) S_NonIntraSearchP(14dB) LTERRM_S_NONINTRASEARCH_OFFSET(0dB)
08-31 16:25:24.617   968  1018 D shamp   : [TEA] [Domain: LTE DM] [Token: 9c07e879] [Timestamp: 1756650324451]: | 1_S |CC0 Mx0 Sc0| PCell SFN [ 2413,3470 ], DL EARFCN [20, 6300], PCell ID [107], DL Bandwidth [ 3]
08-31 16:25:24.617   968  1018 D shamp   : [TEA] [Domain: LTE_DM] [Token: b4155ea3] [Timestamp: 1756650324451]: |CC0 Mx0 Sc0| PCell SINR Avg: 4.38 RX Count: 2]
08-31 16:25:24.617   968  1018 D shamp   : [TEA] [Domain: LTE_RRM] [Token: 48fb20ca] [Timestamp: 1756650324493]: Srxlev(13.39dB) S_NonIntraSearchP_Ind(1) S_NonIntraSearchP(62dB) LTERRM_S_NONINTRASEARCH_OFFSET(0dB)
08-31 16:25:24.617   968  1018 D shamp   : [TEA] [Domain: LTE DM] [Token: 9c07e879] [Timestamp: 1756650324566]: | 1_S |CC0 Mx0 Sc0| PCell SFN [ 716,3585 ], DL EARFCN [ 3, 1600], PCell ID [322], DL Bandwidth [ 5]
08-31 16:25:24.617   968  1018 D shamp   : [TEA] [Domain: LTE_DM] [Token: b4155ea3] [Timestamp: 1756650324566]: |CC0 Mx0 Sc0| PCell SINR Avg: -2.98 RX Count: 2]
08-31 16:25:24.617   968  1018 D shamp   : [TEA] [Domain: LTE_RRM] [Token: 48fb20ca] [Timestamp: 1756650324612]: Srxlev(11.18dB) S_NonIntraSearchP_Ind(1) S_NonIntraSearchP(14dB) LTERRM_S_NONINTRASEARCH_OFFSET(0dB)
08-31 16:25:24.639  1229  1229 D AOC     : A3:MSG: usf_vsc_log.cc, 54: USF: [WO] Rejected by settle_time and gyro finds no rotation 0
08-31 16:25:24.700 25343 19520 I NearbyMediums: No BLE Fast/GATT advertisements found in the latest cycle.
08-31 16:25:24.700 25343 19520 I NearbyMediums: Current Tracked Scanning Clients are : {NearbyConnections.EnvironmentMonitor, NearbySharing, NearbyConnections.TxAdvertisement}
08-31 16:25:24.785 11721 11744 I pixel-thermal: VIRTUAL-SKIN-MODEL: model_input: [31416.00 35490.00 31639.00 33197.00 34577.00 34109.00 35378.00 31483.00 ]
08-31 16:25:24.786 11721 11744 I native  : I0000 00:00:1756650324.785850   11744 thermal_tflite_wrapper.cc:261] ThermalTfliteInvoke
08-31 16:25:24.786 11721 11744 I pixel-thermal: VIRTUAL-SKIN-MODEL: model_output: [32455.9 ]
08-31 16:25:24.786 11721 11744 I pixel-thermal: VIRTUAL-SKIN-MODEL: predicted_value: [32455.9 ]
08-31 16:25:24.786 11721 11744 I pixel-thermal: VIRTUAL-SKIN-CPU-MID:32.4476 raw data: VIRTUAL-SKIN:32447.6 VIRTUAL-SKIN-CPU-MID:32447.6 VIRTUAL-SKIN-LEGACY:32214.8 VIRTUAL-SKIN-LEGACY-MODEL-DIFF:-241.043 VIRTUAL-SKIN-LEGACY-SHUTDOWN:0 VIRTUAL-SKIN-MODEL:32455.9 VIRTUAL-SKIN-MODEL-CLAMPED:32455.9 VIRTUAL-SKIN-MODEL-LEGACY-DIFF:241.043 VIRTUAL-SKIN-MODEL-UPDATED:32447.6 VIRTUAL-SKIN-MODEL-UPPER-CLAMPED:32455.9 VIRTUAL-SKIN-SUB-0:29206.1 VIRTUAL-SKIN-SUB-1:31147.5 VIRTUAL-SKIN-SUB-2:32214.8 VIRTUAL-SKIN-SUB-3:32027.6 VIRTUAL-SKIN-SUB-4:30374.8 VIRTUAL-SKIN-SUB-5:32026.7 VIRTUAL-SKIN-SUB-6:31553.8 VT_LEGACY_WEIGHT:0 VT_MODEL_WEIGHT:1 btmspkr_therm:31416 charging_therm:35490 disp_therm:31639 north_therm:33197 quiet_therm:34577 rfpa_therm:34109 soc_therm:35378 usb_pwr_therm:31483 
08-31 16:25:24.792 11721 11744 I pixel-thermal: STATS-UPDATOR:0 raw data: STATS-UPDATOR:0 VIRTUAL-SKIN-LEGACY:32214.8 VIRTUAL-SKIN-MODEL:32455.9 VIRTUAL-SKIN-MODEL-LEGACY-DIFF:241.043 
08-31 16:25:24.792 11721 11744 I pixel-thermal: VIRTUAL-SKIN-CHARGE-WIRED:31.96 raw data: NO_WLC:1 VIRTUAL-SKIN-CHARGE:31960 VIRTUAL-SKIN-CHARGE-SUB-0:29206.1 VIRTUAL-SKIN-CHARGE-SUB-1:30374.8 VIRTUAL-SKIN-CHARGE-SUB-2:31912 VIRTUAL-SKIN-CHARGE-SUB-3:31960 VIRTUAL-SKIN-CHARGE-SUB-4:31901.3 VIRTUAL-SKIN-CHARGE-SUB-5:31553.8 VIRTUAL-SKIN-CHARGE-WIRED:31960 WLC_CHECK:1 btmspkr_therm:31416 charging_therm:35490 disp_therm:31639 north_therm:33197 quiet_therm:34577 rfpa_therm:34109 soc_therm:35378 thb_hda:54 usb_pwr_therm:31483 
08-31 16:25:24.792 11721 11744 I pixel-thermal: VIRTUAL-SKIN-CPU-ODPM:32.4476 raw data: VIRTUAL-SKIN:32447.6 VIRTUAL-SKIN-CPU-ODPM:32447.6 
08-31 16:25:24.792 11721 11744 I pixel-thermal: quiet_therm:34.577 raw data: quiet_therm:34577 
08-31 16:25:24.792 11721 11744 I pixel-thermal: VIRTUAL-SKIN:32.4476 raw data: VIRTUAL-SKIN:32447.6 
08-31 16:25:24.792 11721 11744 I pixel-thermal: VIRTUAL-SKIN-HINT:32.4476 raw data: VIRTUAL-SKIN:32447.6 VIRTUAL-SKIN-HINT:32447.6 
08-31 16:25:24.793 11721 11744 I pixel-thermal: VIRTUAL-SKIN-CPU-HIGH:32.4476 raw data: VIRTUAL-SKIN:32447.6 VIRTUAL-SKIN-CPU-HIGH:32447.6 
08-31 16:25:24.793 11721 11744 I pixel-thermal: VIRTUAL-SKIN-SOC:32.4476 raw data: VIRTUAL-SKIN:32447.6 VIRTUAL-SKIN-SOC:32447.6 
08-31 16:25:24.793 11721 11744 I pixel-thermal: VIRTUAL-SKIN-SPEAKER:36.1328 raw data: VIRTUAL-SKIN-SPEAKER:36132.8 VIRTUAL-SKIN-SPEAKER-SUB-0:36132.8 btmspkr_therm:31416 charging_therm:35490 disp_therm:31639 north_therm:33197 quiet_therm:34577 rfpa_therm:34109 soc_therm:35378 usb_pwr_therm:31483 
08-31 16:25:24.793 11721 11744 I pixel-thermal: VIRTUAL-SKIN-CPU-LIGHT-ODPM:32.4476 raw data: VIRTUAL-SKIN:32447.6 VIRTUAL-SKIN-CPU-LIGHT-ODPM:32447.6 
08-31 16:25:24.793 11721 11744 I pixel-thermal: VIRTUAL-SKIN-GPU:32.4476 raw data: VIRTUAL-SKIN:32447.6 VIRTUAL-SKIN-GPU:32447.6 
08-31 16:25:24.793 11721 11744 I pixel-thermal: cellular-emergency:32.4476 raw data: VIRTUAL-SKIN:32447.6 cellular-emergency:32447.6 
08-31 16:25:24.793 11721 11744 I pixel-thermal: rfpa_therm:34.109 raw data: rfpa_therm:34109 
08-31 16:25:24.796 11721 11744 I pixel-thermal: CHARGING-STATS-UPDATOR:0 raw data: CHARGING-STATS-UPDATOR:0 IS_WIRED_15W:1 IS_WIRED_15W_CHECK:2 IS_WIRED_18W:0 IS_WIRED_18W_CHECK:1 IS_WIRED_5W:0 IS_WIRED_5W_CHECK:1 IS_WIRED_7_5W:0 IS_WIRED_7_5W_CHECK:1 IS_WIRED_GT18W:0 IS_WIRED_GT18W_CHECK:1 IS_WIRED_SUB5W:0 IS_WIRED_SUB5W_CHECK:1 IS_WLC:0 NO_WIRED_15W:0 NO_WIRED_18W:1 NO_WIRED_5W:1 NO_WIRED_7_5W:1 NO_WIRED_GT18W:1 NO_WIRED_SUB5W:1 NO_WLC:1 VIRTUAL-SKIN-CHARGE:31960 VIRTUAL-SKIN-CHARGE-DURING-WIRED-15W-STATS:31960 VIRTUAL-SKIN-CHARGE-DURING-WIRED-18W-STATS:-1e+06 VIRTUAL-SKIN-CHARGE-DURING-WIRED-5W-STATS:-1e+06 VIRTUAL-SKIN-CHARGE-DURING-WIRED-7-5W-STATS:-1e+06 VIRTUAL-SKIN-CHARGE-DURING-WIRED-GT18W-STATS:-1e+06 VIRTUAL-SKIN-CHARGE-DURING-WIRED-SUB5W-STATS:-1e+06 VIRTUAL-SKIN-CHARGE-DURING-WLC-STATS:-1e+06 WLC_CHECK:1 thb_hda:54 
08-31 16:25:24.796 11721 11744 I pixel-thermal: VIRTUAL-SKIN-CHARGE-PERSIST:31.96 raw data: VIRTUAL-SKIN-CHARGE:31960 VIRTUAL-SKIN-CHARGE-PERSIST:31960 
08-31 16:25:24.828 29387 18648 I a.x.j.JobQueue: Launching job OfflineSearchIndexingJob
08-31 16:25:24.829 29387 18648 I a.x.j.Job: Starting Job(OfflineSearchIndexingJob#0.166) (priority=3, jobType=ROOT)
