08-31 16:25:23.916 25976 26049 I ecpw    : getAllConfigAndTakeAction dspAvailable: true, disableDspInTest: false
08-31 16:25:23.916 25976 26049 I ecnv    : hotword enrollment state is enrolled:  false, speakerId model exist: false.
08-31 16:25:23.916 25976 26049 I ecnv    : Hotword enrollment state : 2.
08-31 16:25:23.917 29387 29387 I Hub     : BaseWidgetProvider: onReceive intent: Intent { act=com.android.mail.ACTION_NOTIFY_DATASET_CHANGED typ=application/gmail-ls flg=0x10 xflg=0x4 pkg=com.google.android.gm cmp=com.google.android.gm/.widget.GmailWidgetProvider (has extras) }
08-31 16:25:23.918 12437 12483 I wcy     : #getLastReturnedProactiveData for client type 39 and proactive data type Optional[[112, 100001, 18, 100013]]
08-31 16:25:23.918 12437 12483 I wdl     : #getLastReturnedProactiveData for client type 39 and proactive data type Optional[[112, 100001, 18, 100013]]
08-31 16:25:23.918 12437 12483 I wcy     : #getLastReturnedProactiveData for client type 39 and proactive data type Optional[[112, 100001, 18, 100013]]
08-31 16:25:23.918 12437 12483 I wdl     : #getLastReturnedProactiveData for client type 39 and proactive data type Optional[[112, 100001, 18, 100013]]
08-31 16:25:23.918 12437 12483 I wdl     : #getLastReturnedProactiveData for client type 39 and proactive data type Optional[[]]
08-31 16:25:23.919  1449  2131 D BackgroundInstallControlService: Package event received: 0
08-31 16:25:23.921 25976 26049 I ecnv    : Hotword enrollment state : 2.
08-31 16:25:23.922 25976 26044 W ecpw    : No hotword model!
08-31 16:25:23.922 25976 26044 I ecpw    : No hotword model! Hotword Detection is not running! We don't need to stop it.
08-31 16:25:23.922 25976 26044 I ecpw    : Get the next action NO_OP for requester AUDIO_PERMISSION_CHANGED.
08-31 16:25:23.922 25976 26044 I ecpw    : Hotword detection is running : false, no further operation required.
08-31 16:25:23.923 25976 26044 I ecsu    : #addDspHotwordPropertiesToRequestHandlingMetadata
08-31 16:25:23.923  9183  9277 W JobInfo : Requested important-while-foreground flag for job770 is ignored and takes no effect
08-31 16:25:23.924  7135  7386 W bjls    : This card is not supported Settings.Secure and is disabled by default, cardType: BIRTHDAY
08-31 16:25:23.924  7135  7386 W bjls    : This card is not supported Settings.Secure and is disabled by default, cardType: ALARM
08-31 16:25:23.924  7135  7386 W bjls    : This card is not supported Settings.Secure and is disabled by default, cardType: SPORTS
08-31 16:25:23.924  7135  7386 W bjls    : This card is not supported Settings.Secure and is disabled by default, cardType: LOCATION_OOBE
08-31 16:25:23.925  7135  7386 W bjls    : This card is not supported Settings.Secure and is disabled by default, cardType: STOCK_PRICE_CHANGE
08-31 16:25:23.925  7135  7386 W bjls    : This card is not supported Settings.Secure and is disabled by default, cardType: STOCK_EARNINGS_CALL
08-31 16:25:23.925  7135  7386 W bjls    : This card is not supported Settings.Secure and is disabled by default, cardType: GAS_STATION_PAYMENT
08-31 16:25:23.925  7135  7386 W bjls    : This card is not supported Settings.Secure and is disabled by default, cardType: TRANSIT_STATION_INFO
08-31 16:25:23.925  7135  7386 W bjls    : This card is not supported Settings.Secure and is disabled by default, cardType: RESTAURANT
08-31 16:25:23.925  7135  7386 W bjls    : This card is not supported Settings.Secure and is disabled by default, cardType: HOLIDAY_ALARMS
08-31 16:25:23.925  7135  7386 W bjls    : This card is not supported Settings.Secure and is disabled by default, cardType: MEDIA
08-31 16:25:23.925  7135  7386 W bjls    : This card is not supported Settings.Secure and is disabled by default, cardType: MEDIA_RECS_DRIVING
08-31 16:25:23.925  7135  7386 W bjls    : This card is not supported Settings.Secure and is disabled by default, cardType: MEDIA_HEADS_UP
08-31 16:25:23.925  7135  7386 W bjls    : This card is not supported Settings.Secure and is disabled by default, cardType: DRIVING_MODE
08-31 16:25:23.926 25976 26044 I ecsu    : #addDspHotwordPropertiesToRequestHandlingMetadata: properties=# ecrs@2a70160e
08-31 16:25:23.926 25976 26044 I ecpw    : #logRequestHandlingNonErrorEndEvent. Reset requestIdOfFirstError, firstStartErrorCausesRetry and numOfRetriesDoneForHotwordDetectorStartErrors!
08-31 16:25:23.927 25976 26045 I ecpw    : #onConfigUpdate inside sequencer
08-31 16:25:23.927 25976 26045 I ecpw    : getAllConfigAndTakeAction called because of AUDIO_PERMISSION_CHANGED
08-31 16:25:23.928 12437 12477 I cozv    : getUpcomingEvents(2025-08-31T14:25:23.928Z, 2025-09-02T14:25:23.928Z)
08-31 16:25:23.931  1449  1929 D ActivityManager: sync unfroze 5262 com.android.providers.calendar for 7
08-31 16:25:23.932  7135  7379 I ectu    : HDM.HotwordService: hotwordDebugToastDecision: HIDE, tag: 0
08-31 16:25:23.933 25976 26121 I ecpw    : getHotwordConfigResponse returned.
08-31 16:25:23.933  1449  2131 D BackgroundInstallControlService: Package event received: 0
08-31 16:25:23.933 25976 26121 I ecqx    : Operational mode passed in HotwordConfig is DEFAULT_PERSONAL
08-31 16:25:23.933 25976 26121 I ectf    : #getHotwordInfo called.
08-31 16:25:23.933 25976 26121 I ectc    : Account not changed, ignore update.
08-31 16:25:23.933 25976 26121 I ectf    : Not fetching hotword info from SRM
08-31 16:25:23.933 25976 26044 I ecpw    : getHotwordInfo and getHotwordSettingState returned.
08-31 16:25:23.933 25976 26044 I ecso    : No need to try to get the fallback locale. for keyphrase X Google, locale en-US
08-31 16:25:23.933 25976 26044 I ecsu    : #getDspAvailableResult locale : en-US, dsp locale : en-US, keyphrase : X Google, DSP keyphrase : X Google, isKeyphraseAndLocaleSupported : true, canUseDownloadDspModel : false. forceUniversalDspHotwordModel : false
08-31 16:25:23.934 25976 26043 I ecsu    : isDspHotwordSupportedByPlatform = true, isDspHotwordModelAvailable = true
08-31 16:25:23.934 25976 26043 I ecpw    : getAllConfigAndTakeAction dspAvailable: true, disableDspInTest: false
08-31 16:25:23.934 25976 26043 I ecnv    : hotword enrollment state is enrolled:  false, speakerId model exist: false.
08-31 16:25:23.934 25976 26043 I ecnv    : Hotword enrollment state : 2.
08-31 16:25:23.934 25976 26043 I ecnv    : Hotword enrollment state : 2.
08-31 16:25:23.935 25976 26043 W ecpw    : No hotword model!
08-31 16:25:23.935 25976 26043 I ecpw    : No hotword model! Hotword Detection is not running! We don't need to stop it.
08-31 16:25:23.935 25976 26043 I ecpw    : Get the next action NO_OP for requester AUDIO_PERMISSION_CHANGED.
08-31 16:25:23.935 25976 26043 I ecpw    : Hotword detection is running : false, no further operation required.
08-31 16:25:23.935 25976 26043 I ecsu    : #addDspHotwordPropertiesToRequestHandlingMetadata
08-31 16:25:23.936 25976 26043 I ecsu    : #addDspHotwordPropertiesToRequestHandlingMetadata: properties=# ecrs@2a70160e
08-31 16:25:23.936 25976 26043 I ecpw    : #logRequestHandlingNonErrorEndEvent. Reset requestIdOfFirstError, firstStartErrorCausesRetry and numOfRetriesDoneForHotwordDetectorStartErrors!
08-31 16:25:23.941 12437 12481 I wom     : filterInvalidEvents pre-filter size=12
08-31 16:25:23.941 12437 12481 I wom     : post-filter events size=11
08-31 16:25:23.944  1449  2131 D BackgroundInstallControlService: Package event received: 0
08-31 16:25:23.946  7135  7386 I cozv    : getUpcomingEvents(2025-08-31T14:25:23.946Z, 2025-09-02T14:25:23.946Z)
08-31 16:25:23.951  1449  1929 D ConnectivityService: requestNetwork for uid/pid:10218/9183 activeRequest: null callbackRequest: 1285133 [NetworkRequest [ REQUEST id=1285134, [ Capabilities: INTERNET&NOT_RESTRICTED&TRUSTED&NOT_VCN_MANAGED&NOT_BANDWIDTH_CONSTRAINED Uid: 10218 RequestorUid: 10218 RequestorPkg: com.google.android.videos UnderlyingNetworks: Null] ]] callback flags: 0 order: 2147483647 isUidTracked: false declaredMethods: AVAIL|LOST|NC
08-31 16:25:23.952  1449  2131 D BackgroundInstallControlService: Package event received: 0
08-31 16:25:23.954  1449  2051 D OemPaidWifiNetworkFactory: got request NetworkRequest [ REQUEST id=1285134, [ Capabilities: INTERNET&NOT_RESTRICTED&TRUSTED&NOT_VCN_MANAGED&NOT_BANDWIDTH_CONSTRAINED Uid: 10218 RequestorUid: 10218 RequestorPkg: com.google.android.videos UnderlyingNetworks: Null] ]
08-31 16:25:23.954  1449  2051 D MultiInternetWifiNetworkFactory: got request NetworkRequest [ REQUEST id=1285134, [ Capabilities: INTERNET&NOT_RESTRICTED&TRUSTED&NOT_VCN_MANAGED&NOT_BANDWIDTH_CONSTRAINED Uid: 10218 RequestorUid: 10218 RequestorPkg: com.google.android.videos UnderlyingNetworks: Null] ]
08-31 16:25:23.954  1449  2051 D WifiNetworkFactory: got request NetworkRequest [ REQUEST id=1285134, [ Capabilities: INTERNET&NOT_RESTRICTED&TRUSTED&NOT_VCN_MANAGED&NOT_BANDWIDTH_CONSTRAINED Uid: 10218 RequestorUid: 10218 RequestorPkg: com.google.android.videos UnderlyingNetworks: Null] ]
08-31 16:25:23.954  1449  2066 D ConnectivityService: NetReassign [1285134 : null  717] [c 0] [a 1] [i 1]
08-31 16:25:23.954  1449  2051 D UntrustedWifiNetworkFactory: got request NetworkRequest [ REQUEST id=1285134, [ Capabilities: INTERNET&NOT_RESTRICTED&TRUSTED&NOT_VCN_MANAGED&NOT_BANDWIDTH_CONSTRAINED Uid: 10218 RequestorUid: 10218 RequestorPkg: com.google.android.videos UnderlyingNetworks: Null] ]
08-31 16:25:23.955  9183  9277 E PlayMovies: mbj.a:83 No worker key associated with this task with tags: [google_tv_widget_tag, com.google.android.apps.googletv.app.services.workmanager.WorkerWrapper]
08-31 16:25:23.955  9183  9277 E PlayMovies: 
08-31 16:25:23.961 29387 19926 I a.l.h.a.r.i.AccountRequ: Account with id 2 meets requirements for [MailAccountRequirement]: true
08-31 16:25:23.962  4958  5012 D WM-Processor: Processor cancelling 225d3556-dc83-47ef-a3b2-3920caa98908
08-31 16:25:23.962  4958  5012 D WM-Processor: WorkerWrapper could not be found for 225d3556-dc83-47ef-a3b2-3920caa98908
08-31 16:25:23.963  7135  7241 I wpl     : #updateLastReturnedDatabase
08-31 16:25:23.964 29387 19841 I a.l.h.a.r.i.AccountRequ: Account with id 2 meets all requirements: true
08-31 16:25:23.964  7135  7241 I wcy     : #putNewReturnedDataQuery
08-31 16:25:23.964  7135  7241 I wdl     : #putNewReturnedDataQuery
08-31 16:25:23.964  7135  7241 I wcy     : #putNewReturnedDataQuery
08-31 16:25:23.964  7135  7241 I wdl     : #putNewReturnedDataQuery
08-31 16:25:23.964  7135  7230 I wcy     : #putNewReturnedDataQuery
08-31 16:25:23.964  7135  7230 I wdl     : #putNewReturnedDataQuery
08-31 16:25:23.964 12437 12475 I wpl     : #updateLastReturnedDatabase
08-31 16:25:23.964 12437 19237 I wom     : filterInvalidEvents pre-filter size=21
08-31 16:25:23.964  7135 19836 I wom     : filterInvalidEvents pre-filter size=2
08-31 16:25:23.965  7135 19836 I wom     : post-filter events size=2
08-31 16:25:23.965 12437 19237 I wom     : post-filter events size=19
08-31 16:25:23.969  7135  9293 I DebugExecutorService: execute() called with Runnable: cczu@a21fabc
08-31 16:25:23.969  7135  9293 I DebugExecutorService: cczu@a21fabc finished on thread
08-31 16:25:23.970  7135 13330 I CrossProfileSender: Scheduling automatic disconnection
08-31 16:25:23.970 29387 19808 I a.l.h.a.a.i.AccountMana: Job [OnAccountsUpdated] finished with success.
08-31 16:25:23.970  7135  7386 I bkgk    : OEM Device doesn't enable Smartspace Integration.
08-31 16:25:23.970  7135  7386 I A       : Air Quality is disabled in TNG.
08-31 16:25:23.970  7135  7386 I bkds    : #deduplicateByGroupingId() Proactive data size {0} deduped size {0} check-in cards.
08-31 16:25:23.970  7135  7386 I bkjl    : Time to leave feature is disabled via ProactiveDataList producer.
08-31 16:25:23.970  7135  7386 I A       : Weather Alert is disabled in TNG via ProactiveDataList producer.
08-31 16:25:23.970  7135  7386 I A       : Weather is disabled in TNG via ProactiveDataList producer.
08-31 16:25:23.971  4958  5012 D WM-GreedyScheduler: Cancelling work ID 225d3556-dc83-47ef-a3b2-3920caa98908
08-31 16:25:23.969 12437 12464 I wcy     : #putNewReturnedDataQuery
08-31 16:25:23.971 12437 12464 I wdl     : #putNewReturnedDataQuery
08-31 16:25:23.972  7135  7241 I wdo     : #putNewReturnedDataQuery
08-31 16:25:23.972  7135  7241 I wdl     : #putNewReturnedDataQuery
08-31 16:25:23.972 12437 12474 I wdo     : #putNewReturnedDataQuery
08-31 16:25:23.972 12437 12474 I wdl     : #putNewReturnedDataQuery
08-31 16:25:23.974 12437 12475 W BundleCallSender: Call returned null or empty bytes from cdaw
08-31 16:25:23.974 12437 12475 W BundleCallSender: Return bytes are empty
08-31 16:25:23.974 12437 12475 I wcy     : #putNewReturnedDataQuery
08-31 16:25:23.974 12437 12475 I wdl     : #putNewReturnedDataQuery
08-31 16:25:23.981 29387 29448 I a.l.h.c.i.ComponentsMan: Toggling Chat components off.
08-31 16:25:23.986  4958  5012 D WM-SystemJobScheduler: Scheduling work ID a7a9e25d-7c2c-4601-9dce-45af7ccdee92Job ID 1000806
08-31 16:25:23.987 12437 12481 I bjon    : Create TNG wrapped click intent for cardType: CALENDAR
08-31 16:25:23.987 12437 12477 I bjon    : Create TNG wrapped click intent for cardType: CALENDAR
08-31 16:25:23.987 12437 12481 I bjwl    : #createWrappedClickIntent: Account is missing
08-31 16:25:23.987 12437 12477 I bjwl    : #createWrappedClickIntent: Account is missing
08-31 16:25:23.987 12437 12477 I bjon    : Create feedback wrapped click intent
08-31 16:25:23.987 12437 12477 I bjwl    : #createWrappedClickIntent: Account is missing
08-31 16:25:23.987 12437 12481 I bjon    : Create feedback wrapped click intent
08-31 16:25:23.987 12437 12477 I bjom    : Add feedback button
08-31 16:25:23.988 12437 12477 I bjon    : Create card explanation intent
08-31 16:25:23.988 12437 12477 I bjwl    : #createWrappedClickIntent: Account is missing
08-31 16:25:23.988 12437 12484 I bjon    : Create TNG wrapped click intent for cardType: CALENDAR
08-31 16:25:23.988 12437 12484 I bjwl    : #createWrappedClickIntent: Account is missing
08-31 16:25:23.988 12437 12477 I bjon    : Create TNG wrapped click intent for cardType: CALENDAR
08-31 16:25:23.988 12437 12477 I bjwl    : #createWrappedClickIntent: Account is missing
08-31 16:25:23.988 12437 12484 I bjon    : Create feedback wrapped click intent
08-31 16:25:23.988 12437 12484 I bjwl    : #createWrappedClickIntent: Account is missing
08-31 16:25:23.988 12437 12477 I bjon    : Create feedback wrapped click intent
08-31 16:25:23.988 12437 12477 I bjwl    : #createWrappedClickIntent: Account is missing
08-31 16:25:23.988 12437 12477 I bjom    : Add feedback button
08-31 16:25:23.988 12437 12477 I bjon    : Create card explanation intent
08-31 16:25:23.988 12437 12477 I bjwl    : #createWrappedClickIntent: Account is missing
08-31 16:25:23.988 12437 12477 I bjon    : Create TNG wrapped click intent for cardType: CALENDAR
08-31 16:25:23.989 12437 12477 I bjwl    : #createWrappedClickIntent: Account is missing
08-31 16:25:23.989 12437 12477 I bjon    : Create feedback wrapped click intent
08-31 16:25:23.989 12437 12477 I bjwl    : #createWrappedClickIntent: Account is missing
08-31 16:25:23.989 12437 12477 I bjom    : Add feedback button
08-31 16:25:23.989 12437 12477 I bjon    : Create card explanation intent
08-31 16:25:23.989 12437 12477 I bjwl    : #createWrappedClickIntent: Account is missing
08-31 16:25:23.989 12437 12497 I bjon    : Create TNG wrapped click intent for cardType: CALENDAR
08-31 16:25:23.989 12437 12484 I bjom    : Add feedback button
08-31 16:25:23.989 12437 12484 I bjon    : Create card explanation intent
08-31 16:25:23.989 12437 12484 I bjwl    : #createWrappedClickIntent: Account is missing
08-31 16:25:23.990 12437 12484 I bjon    : Create TNG wrapped click intent for cardType: CALENDAR
08-31 16:25:23.990 12437 12484 I bjwl    : #createWrappedClickIntent: Account is missing
08-31 16:25:23.990 12437 12484 I bjon    : Create feedback wrapped click intent
08-31 16:25:23.990 12437 12484 I bjwl    : #createWrappedClickIntent: Account is missing
08-31 16:25:23.990 12437 12484 I bjom    : Add feedback button
08-31 16:25:23.990 12437 12484 I bjon    : Create card explanation intent
08-31 16:25:23.990 12437 12484 I bjwl    : #createWrappedClickIntent: Account is missing
08-31 16:25:23.990 12437 12479 I bjon    : Create TNG wrapped click intent for cardType: CALENDAR
08-31 16:25:23.991 12437 12479 I bjwl    : #createWrappedClickIntent: Account is missing
08-31 16:25:23.991 12437 12483 I bjon    : Create TNG wrapped click intent for cardType: CALENDAR
08-31 16:25:23.991 12437 12479 I bjon    : Create feedback wrapped click intent
08-31 16:25:23.991 12437 12483 I bjwl    : #createWrappedClickIntent: Account is missing
08-31 16:25:23.991 12437 12477 I bjon    : Create TNG wrapped click intent for cardType: CALENDAR
08-31 16:25:23.991 12437 12477 I bjwl    : #createWrappedClickIntent: Account is missing
08-31 16:25:23.991 12437 12483 I bjon    : Create feedback wrapped click intent
08-31 16:25:23.991 12437 12477 I bjon    : Create feedback wrapped click intent
08-31 16:25:23.991 12437 12483 I bjwl    : #createWrappedClickIntent: Account is missing
08-31 16:25:23.991 12437 12477 I bjwl    : #createWrappedClickIntent: Account is missing
08-31 16:25:23.991 12437 12477 I bjom    : Add feedback button
08-31 16:25:23.991 12437 12483 I bjom    : Add feedback button
08-31 16:25:23.991 12437 12477 I bjon    : Create card explanation intent
08-31 16:25:23.991 12437 12477 I bjwl    : #createWrappedClickIntent: Account is missing
08-31 16:25:23.991 12437 12483 I bjon    : Create card explanation intent
08-31 16:25:23.991 12437 12481 I bjwl    : #createWrappedClickIntent: Account is missing
08-31 16:25:23.991 12437 12481 I bjom    : Add feedback button
08-31 16:25:23.991 12437 12481 I bjon    : Create card explanation intent
08-31 16:25:23.991 12437 12481 I bjwl    : #createWrappedClickIntent: Account is missing
08-31 16:25:23.991 12437 12477 I bjon    : Create TNG wrapped click intent for cardType: CALENDAR
08-31 16:25:23.991 12437 12477 I bjwl    : #createWrappedClickIntent: Account is missing
08-31 16:25:23.992 12437 12477 I bjon    : Create feedback wrapped click intent
08-31 16:25:23.992 12437 12477 I bjwl    : #createWrappedClickIntent: Account is missing
08-31 16:25:23.992 12437 12477 I bjom    : Add feedback button
08-31 16:25:23.992 12437 12477 I bjon    : Create card explanation intent
08-31 16:25:23.992 12437 12477 I bjwl    : #createWrappedClickIntent: Account is missing
08-31 16:25:23.992 12437 12484 I bjon    : Create TNG wrapped click intent for cardType: CALENDAR
08-31 16:25:23.992 12437 12484 I bjwl    : #createWrappedClickIntent: Account is missing
08-31 16:25:23.992 12437 12477 I bjon    : Create TNG wrapped click intent for cardType: CALENDAR
08-31 16:25:23.992 12437 12484 I bjon    : Create feedback wrapped click intent
08-31 16:25:23.992 12437 12477 I bjwl    : #createWrappedClickIntent: Account is missing
08-31 16:25:23.992 12437 12484 I bjwl    : #createWrappedClickIntent: Account is missing
08-31 16:25:23.992 12437 12484 I bjom    : Add feedback button
08-31 16:25:23.992 12437 12477 I bjon    : Create feedback wrapped click intent
08-31 16:25:23.992 12437 12481 I bjon    : Create TNG wrapped click intent for cardType: CALENDAR
08-31 16:25:23.992 12437 12477 I bjwl    : #createWrappedClickIntent: Account is missing
08-31 16:25:23.992 12437 12481 I bjwl    : #createWrappedClickIntent: Account is missing
08-31 16:25:23.992 12437 12477 I bjom    : Add feedback button
08-31 16:25:23.992 12437 12477 I bjon    : Create card explanation intent
08-31 16:25:23.992 12437 12477 I bjwl    : #createWrappedClickIntent: Account is missing
08-31 16:25:23.992 12437 12481 I bjon    : Create feedback wrapped click intent
08-31 16:25:23.992 12437 12481 I bjwl    : #createWrappedClickIntent: Account is missing
08-31 16:25:23.992 12437 12481 I bjom    : Add feedback button
08-31 16:25:23.992 12437 12481 I bjon    : Create card explanation intent
08-31 16:25:23.992 12437 12481 I bjwl    : #createWrappedClickIntent: Account is missing
08-31 16:25:23.992 12437 12477 I bjon    : Create TNG wrapped click intent for cardType: CALENDAR
08-31 16:25:23.992 12437 12477 I bjwl    : #createWrappedClickIntent: Account is missing
08-31 16:25:23.992 12437 12477 I bjon    : Create feedback wrapped click intent
08-31 16:25:23.992 12437 12481 I bjon    : Create TNG wrapped click intent for cardType: CALENDAR
08-31 16:25:23.993 12437 12497 I bjwl    : #createWrappedClickIntent: Account is missing
08-31 16:25:23.993 12437 12481 I bjwl    : #createWrappedClickIntent: Account is missing
08-31 16:25:23.993 12437 12481 I bjon    : Create feedback wrapped click intent
08-31 16:25:23.993 12437 12497 I bjon    : Create feedback wrapped click intent
08-31 16:25:23.993 12437 12481 I bjwl    : #createWrappedClickIntent: Account is missing
08-31 16:25:23.993 12437 12497 I bjwl    : #createWrappedClickIntent: Account is missing
08-31 16:25:23.993 12437 12481 I bjom    : Add feedback button
08-31 16:25:23.993 12437 12481 I bjon    : Create card explanation intent
08-31 16:25:23.993 12437 12497 I bjom    : Add feedback button
08-31 16:25:23.993 12437 12481 I bjwl    : #createWrappedClickIntent: Account is missing
08-31 16:25:23.993 12437 12481 I bjon    : Create TNG wrapped click intent for cardType: CALENDAR
08-31 16:25:23.993 12437 12481 I bjwl    : #createWrappedClickIntent: Account is missing
08-31 16:25:23.993 12437 12497 I bjon    : Create card explanation intent
08-31 16:25:23.993 12437 12497 I bjwl    : #createWrappedClickIntent: Account is missing
08-31 16:25:23.993 12437 12481 I bjon    : Create feedback wrapped click intent
08-31 16:25:23.993 12437 12481 I bjwl    : #createWrappedClickIntent: Account is missing
08-31 16:25:23.993 12437 12481 I bjom    : Add feedback button
08-31 16:25:23.993 12437 12481 I bjon    : Create card explanation intent
08-31 16:25:23.993 12437 12481 I bjwl    : #createWrappedClickIntent: Account is missing
08-31 16:25:23.993 12437 12497 I bjon    : Create TNG wrapped click intent for cardType: CALENDAR
08-31 16:25:23.994 12437 12497 I bjwl    : #createWrappedClickIntent: Account is missing
08-31 16:25:23.994 12437 12497 I bjon    : Create feedback wrapped click intent
08-31 16:25:23.994 12437 12497 I bjwl    : #createWrappedClickIntent: Account is missing
08-31 16:25:23.994 12437 12484 I bjon    : Create card explanation intent
08-31 16:25:23.994 12437 12497 I bjom    : Add feedback button
08-31 16:25:23.994 12437 12497 I bjon    : Create card explanation intent
08-31 16:25:23.994 12437 12497 I bjwl    : #createWrappedClickIntent: Account is missing
08-31 16:25:23.994 12437 12481 I bjon    : Create TNG wrapped click intent for cardType: CALENDAR
08-31 16:25:23.994 12437 12481 I bjwl    : #createWrappedClickIntent: Account is missing
08-31 16:25:23.994 12437 12497 I bjon    : Create TNG wrapped click intent for cardType: CALENDAR
08-31 16:25:23.994 12437 12497 I bjwl    : #createWrappedClickIntent: Account is missing
08-31 16:25:23.994 12437 12481 I bjon    : Create feedback wrapped click intent
08-31 16:25:23.994 12437 12497 I bjon    : Create feedback wrapped click intent
08-31 16:25:23.994 12437 12497 I bjwl    : #createWrappedClickIntent: Account is missing
08-31 16:25:23.994 12437 12497 I bjom    : Add feedback button
08-31 16:25:23.994 12437 12497 I bjon    : Create card explanation intent
08-31 16:25:23.994 12437 12497 I bjwl    : #createWrappedClickIntent: Account is missing
08-31 16:25:23.995 12437 12497 I bjon    : Create TNG wrapped click intent for cardType: CALENDAR
08-31 16:25:23.995 12437 12497 I bjwl    : #createWrappedClickIntent: Account is missing
08-31 16:25:23.995 12437 12481 I bjwl    : #createWrappedClickIntent: Account is missing
08-31 16:25:23.995 12437 12484 I bjwl    : #createWrappedClickIntent: Account is missing
08-31 16:25:23.995 12437 12481 I bjom    : Add feedback button
08-31 16:25:23.995 12437 12481 I bjon    : Create card explanation intent
08-31 16:25:23.995 12437 12481 I bjwl    : #createWrappedClickIntent: Account is missing
08-31 16:25:23.995 12437 12479 I bjwl    : #createWrappedClickIntent: Account is missing
08-31 16:25:23.995 12437 12479 I bjom    : Add feedback button
08-31 16:25:23.995 12437 12479 I bjon    : Create card explanation intent
08-31 16:25:23.995 12437 12479 I bjwl    : #createWrappedClickIntent: Account is missing
08-31 16:25:23.995 12437 12484 I bjon    : Create TNG wrapped click intent for cardType: CALENDAR
08-31 16:25:23.995 12437 12484 I bjwl    : #createWrappedClickIntent: Account is missing
08-31 16:25:23.995 12437 12484 I bjon    : Create feedback wrapped click intent
08-31 16:25:23.995 12437 12484 I bjwl    : #createWrappedClickIntent: Account is missing
08-31 16:25:23.995 12437 12483 I bjwl    : #createWrappedClickIntent: Account is missing
08-31 16:25:23.996 12437 12484 I bjom    : Add feedback button
08-31 16:25:23.996 12437 12484 I bjon    : Create card explanation intent
08-31 16:25:23.996 12437 12484 I bjwl    : #createWrappedClickIntent: Account is missing
08-31 16:25:23.996 12437 12477 I bjwl    : #createWrappedClickIntent: Account is missing
08-31 16:25:23.996 12437 12497 I bjon    : Create feedback wrapped click intent
08-31 16:25:23.996 12437 12477 I bjom    : Add feedback button
08-31 16:25:23.996 12437 12477 I bjon    : Create card explanation intent
08-31 16:25:23.996 12437 12477 I bjwl    : #createWrappedClickIntent: Account is missing
08-31 16:25:23.996 12437 12497 I bjwl    : #createWrappedClickIntent: Account is missing
08-31 16:25:23.996 12437 12497 I bjom    : Add feedback button
08-31 16:25:23.996 12437 12497 I bjon    : Create card explanation intent
08-31 16:25:23.996 12437 12497 I bjwl    : #createWrappedClickIntent: Account is missing
08-31 16:25:23.997  1449  2131 D BackgroundInstallControlService: Package event received: 0
08-31 16:25:24.000  4958  5012 I WM-WorkerWrapper: Worker result SUCCESS for Work [ id=febc1785-429c-4c2d-a91a-69b8dc9ca0f3, tags={ cgalvgcGcsLib,com.google.android.libraries.vpn.gcs.core.common.work.framework.GcsLibWorker } ]
08-31 16:25:24.002  7135  7295 I wom     : filterInvalidEvents pre-filter size=2
08-31 16:25:24.002  4958  4958 D WM-Processor: dis febc1785-429c-4c2d-a91a-69b8dc9ca0f3 executed; reschedule = false
08-31 16:25:24.002  4958  4958 D WM-GreedyScheduler: Stopping tracking for WorkGenerationalId(workSpecId=febc1785-429c-4c2d-a91a-69b8dc9ca0f3, generation=0)
08-31 16:25:24.002  7135  7295 I wom     : post-filter events size=2
08-31 16:25:24.002  4958  4958 D WM-SystemJobService: febc1785-429c-4c2d-a91a-69b8dc9ca0f3 executed on JobScheduler
08-31 16:25:24.007  7135  7295 I bjon    : Create TNG wrapped click intent for cardType: CALENDAR
08-31 16:25:24.007  7135  7265 I bjon    : Create TNG wrapped click intent for cardType: CALENDAR
08-31 16:25:24.007  7135  7295 I bjwl    : #createWrappedClickIntent: Put account
08-31 16:25:24.007  7135  7265 I bjwl    : #createWrappedClickIntent: Put account
08-31 16:25:24.007  7135  7295 I bjon    : Create feedback wrapped click intent
08-31 16:25:24.007  7135  7295 I bjwl    : #createWrappedClickIntent: Account is missing
08-31 16:25:24.008  7135  7295 I bjom    : Add feedback button
08-31 16:25:24.008  7135  7295 I bjon    : Create card explanation intent
08-31 16:25:24.008  7135  7295 I bjwl    : #createWrappedClickIntent: Account is missing
08-31 16:25:24.009  7135  7265 I bjon    : Create feedback wrapped click intent
08-31 16:25:24.009  7135  7265 I bjwl    : #createWrappedClickIntent: Account is missing
08-31 16:25:24.009  7135  7265 I bjom    : Add feedback button
08-31 16:25:24.009  7135  7265 I bjon    : Create card explanation intent
08-31 16:25:24.009  7135  7265 I bjwl    : #createWrappedClickIntent: Account is missing
08-31 16:25:24.011 29387 29429 I Hub     : [TikTok] GmsAccounts: GMSCore Auth returned 3 accounts.
08-31 16:25:24.012 29387 29429 I Hub     : [TikTok] GmsAccounts: GoogleOwnersProvider returned 3 accounts.
08-31 16:25:24.014  4958  5012 W JobInfo : Requested important-while-foreground flag for job1000807 is ignored and takes no effect
08-31 16:25:24.015  4958  5012 D WM-SystemJobScheduler: Scheduling work ID 6a362207-b7b3-418a-97b5-89ce8dacdc09Job ID 1000807
08-31 16:25:24.019  4958  4958 D WM-SystemJobService: onStartJob for WorkGenerationalId(workSpecId=6a362207-b7b3-418a-97b5-89ce8dacdc09, generation=0)
08-31 16:25:24.021  4958  5012 D WM-GreedyScheduler: Starting work for 6a362207-b7b3-418a-97b5-89ce8dacdc09
08-31 16:25:24.024  4958  5012 D WM-GreedyScheduler: Starting work for 117d8a0e-bdf2-4e90-b6c4-c5a956eecc2a
08-31 16:25:24.026  4958  5012 D WM-Processor: Processor cancelling 6a362207-b7b3-418a-97b5-89ce8dacdc09
08-31 16:25:24.026  4958  5012 D WM-Processor: WorkerWrapper could not be found for 6a362207-b7b3-418a-97b5-89ce8dacdc09
08-31 16:25:24.027  4958  5012 D WM-GreedyScheduler: Cancelling work ID 6a362207-b7b3-418a-97b5-89ce8dacdc09
08-31 16:25:24.027  4958  4958 D WM-SystemJobService: onStopJob for WorkGenerationalId(workSpecId=6a362207-b7b3-418a-97b5-89ce8dacdc09, generation=0)
08-31 16:25:24.030  1449  2947 W JobScheduler: Job didn't exist in JobStore: 46dcc95 {androidx.work.systemjobscheduler} #u0a194/1000807 #GcsLibWorker#@androidx.work.systemjobscheduler@com.google.android.apps.tycho/androidx.work.impl.background.systemjob.SystemJobService
08-31 16:25:24.032  1449  2131 D BackgroundInstallControlService: Package event received: 0
08-31 16:25:24.038  4958  5012 W JobInfo : Requested important-while-foreground flag for job1000808 is ignored and takes no effect
08-31 16:25:24.038  4958  5012 D WM-SystemJobScheduler: Scheduling work ID 117d8a0e-bdf2-4e90-b6c4-c5a956eecc2aJob ID 1000808
08-31 16:25:24.040  7135  7387 I <unknown class>: Cross Device Alarm is disabled via ProactiveSuggestions producer.
08-31 16:25:24.040  7135  7387 I A       : Air quality is disabled in TNG via ProactiveSuggestions producer.
08-31 16:25:24.040  7135  7387 I bkcc    : Commute time feature is disabled via ProactiveSuggestions producer.
08-31 16:25:24.042  7135  7387 I bkjl    : Time to leave feature is disabled via ProactiveSuggestions producer.
08-31 16:25:24.043  7135  7387 I A       : #Generate weather data.
08-31 16:25:24.044  7135  7387 I bjon    : Create Pixel Weather wrapped click intent.
08-31 16:25:24.045  7135  7387 I bjon    : Create TNG weather or weather daily forecast or weather timely reminder wrapped click intent.
08-31 16:25:24.045  7135  7387 I bjwl    : #createWrappedClickIntent: Put account
08-31 16:25:24.045  7135  7387 I bjon    : Create card explanation intent
08-31 16:25:24.045  7135  7387 I bjwl    : #createWrappedClickIntent: Account is missing
08-31 16:25:24.046  7135  7387 I A       : #TNG createSmartspaceCard enable_reminder: true, enable_forecast: true, showTimelyReminderForPrecipitationType presents: false
08-31 16:25:24.046  7135  7387 I A       : #TNG high temperature: 73, low temperature: 53, show weather daily forecast: false
08-31 16:25:24.046  7135  7296 I cnqq    : remove request for trigger key: PROACTIVE_CLIENT_PLATFORM_V2:BACKGROUND_REFRESH_WORKER, isClientInitiated: false
08-31 16:25:24.046  7135  7387 I bjon    : Create card explanation intent
08-31 16:25:24.046  7135  7387 I bjwl    : #createWrappedClickIntent: Account is missing
08-31 16:25:24.046  7135  7387 I A       : #TNG createSmartspaceCard enable_reminder: true, enable_forecast: true, showTimelyReminderForPrecipitationType presents: false
08-31 16:25:24.046  7135  7387 I A       : #TNG high temperature: 73, low temperature: 53, show weather daily forecast: false
08-31 16:25:24.046  7135  7387 I bjon    : Create card explanation intent
08-31 16:25:24.046  7135  7387 I bjwl    : #createWrappedClickIntent: Account is missing
08-31 16:25:24.046  7135  7387 I A       : #TNG createSmartspaceCard enable_reminder: true, enable_forecast: true, showTimelyReminderForPrecipitationType presents: false
08-31 16:25:24.046  7135  7387 I A       : #TNG high temperature: 73, low temperature: 53, show weather daily forecast: false
08-31 16:25:24.046  7135  7387 I bjon    : Create card explanation intent
08-31 16:25:24.047  7135  7387 I bjwl    : #createWrappedClickIntent: Account is missing
08-31 16:25:24.047  7135  7387 I A       : #TNG createSmartspaceCard enable_reminder: true, enable_forecast: true, showTimelyReminderForPrecipitationType presents: false
08-31 16:25:24.047  7135  7387 I A       : #TNG high temperature: 73, low temperature: 53, show weather daily forecast: false
08-31 16:25:24.047  7135  7387 I bjon    : Create card explanation intent
08-31 16:25:24.047  7135  7387 I bjwl    : #createWrappedClickIntent: Account is missing
08-31 16:25:24.047  7135  7387 I A       : #TNG createSmartspaceCard enable_reminder: true, enable_forecast: true, showTimelyReminderForPrecipitationType presents: false
08-31 16:25:24.047  7135  7387 I A       : #TNG high temperature: 73, low temperature: 53, show weather daily forecast: false
08-31 16:25:24.048  7135  7387 I bjon    : Create card explanation intent
08-31 16:25:24.048  7135  7387 I bjwl    : #createWrappedClickIntent: Account is missing
08-31 16:25:24.049  7135  7387 I A       : #TNG createSmartspaceCard enable_reminder: true, enable_forecast: true, showTimelyReminderForPrecipitationType presents: false
08-31 16:25:24.049  7135  7387 I A       : #TNG high temperature: 73, low temperature: 53, show weather daily forecast: false
08-31 16:25:24.049  7135  7387 I bjon    : Create card explanation intent
08-31 16:25:24.049  7135  7387 I bjwl    : #createWrappedClickIntent: Account is missing
08-31 16:25:24.049  7135  7387 I A       : #TNG createSmartspaceCard enable_reminder: true, enable_forecast: true, showTimelyReminderForPrecipitationType presents: false
08-31 16:25:24.049  7135  7387 I A       : #TNG high temperature: 73, low temperature: 53, show weather daily forecast: false
08-31 16:25:24.049  7135  7387 I bjom    : #getIconFromCard: WEATHER
08-31 16:25:24.049  7135  7387 W bjom    : cardType: 1 has no icon.
08-31 16:25:24.049  7135  7387 I bjom    : #getIconFromCard: WEATHER
08-31 16:25:24.049  7135  7387 W bjom    : cardType: 1 has no icon.
08-31 16:25:24.049  7135  7387 I bjom    : #getIconFromCard: WEATHER
08-31 16:25:24.049  7135  7387 W bjom    : cardType: 1 has no icon.
08-31 16:25:24.049  7135  7387 I bjom    : #getIconFromCard: WEATHER
08-31 16:25:24.049  7135  7387 W bjom    : cardType: 1 has no icon.
08-31 16:25:24.049  7135  7387 I bjom    : #getIconFromCard: WEATHER
08-31 16:25:24.049  7135  7387 W bjom    : cardType: 1 has no icon.
08-31 16:25:24.049  7135  7387 I bjom    : #getIconFromCard: WEATHER
08-31 16:25:24.049  7135  7387 W bjom    : cardType: 1 has no icon.
08-31 16:25:24.050  7135  7387 I bjom    : #getIconFromCard: WEATHER
08-31 16:25:24.050  7135  7387 W bjom    : cardType: 1 has no icon.
08-31 16:25:24.050  7135  7387 I A       : Generate weather tomorrow forecast data.
08-31 16:25:24.050  7135  7230 I bjom    : load card icon from url
08-31 16:25:24.050  7135  7387 E A       : UI template failed to generate weather tomorrow forecast card
08-31 16:25:24.050  7135  7379 I cnsp    : #remove: subTriggerId=PROACTIVE_CLIENT_PLATFORM_V2:BACKGROUND_REFRESH_WORKER:0
08-31 16:25:24.050  7135  7230 I bjom    : load card icon from url
08-31 16:25:24.051  7135  7230 I bjom    : load card icon from url
08-31 16:25:24.051  7135  7381 I bjom    : load card icon from url
08-31 16:25:24.051  7135  7381 I bjom    : load card icon from url
08-31 16:25:24.052  7135  7381 I bjom    : load card icon from url
08-31 16:25:24.053 12437 12484 I cnqq    : remove request for trigger key: PROACTIVE_CLIENT_PLATFORM_V2:RENDERED_DATA_SHOW;CALENDAR_EVENT;-1210501129;OPA_SMARTSPACE;, isClientInitiated: false
08-31 16:25:24.053 12437 12484 I cnqq    : remove request for trigger key: PROACTIVE_CLIENT_PLATFORM_V2:RENDERED_DATA_SHOW;CALENDAR_EVENT;1918626470;OPA_SMARTSPACE;, isClientInitiated: false
08-31 16:25:24.054 12437 12484 I cnqq    : remove request for trigger key: PROACTIVE_CLIENT_PLATFORM_V2:RENDERED_DATA_SHOW;CALENDAR_EVENT;-31981765;OPA_SMARTSPACE;, isClientInitiated: false
08-31 16:25:24.054 12437 12484 I cnqq    : remove request for trigger key: PROACTIVE_CLIENT_PLATFORM_V2:RENDERED_DATA_SHOW;CALENDAR_EVENT;239091978;OPA_SMARTSPACE;, isClientInitiated: false
08-31 16:25:24.054 12437 12484 I cnqq    : remove request for trigger key: PROACTIVE_CLIENT_PLATFORM_V2:RENDERED_DATA_SHOW;CALENDAR_EVENT;-1991933249;OPA_SMARTSPACE;, isClientInitiated: false
08-31 16:25:24.054 12437 12484 I cnqq    : remove request for trigger key: PROACTIVE_CLIENT_PLATFORM_V2:RENDERED_DATA_SHOW;CALENDAR_EVENT;-1259643299;OPA_SMARTSPACE;, isClientInitiated: false
08-31 16:25:24.054 12437 12484 I cnqq    : remove request for trigger key: PROACTIVE_CLIENT_PLATFORM_V2:RENDERED_DATA_SHOW;CALENDAR_EVENT;2114397570;OPA_SMARTSPACE;, isClientInitiated: false
08-31 16:25:24.054 12437 12484 I cnqq    : remove request for trigger key: PROACTIVE_CLIENT_PLATFORM_V2:RENDERED_DATA_SHOW;CALENDAR_EVENT;-2136169431;OPA_SMARTSPACE;, isClientInitiated: false
08-31 16:25:24.054 12437 12484 I cnqq    : remove request for trigger key: PROACTIVE_CLIENT_PLATFORM_V2:RENDERED_DATA_SHOW;CALENDAR_EVENT;768161949;OPA_SMARTSPACE;, isClientInitiated: false
08-31 16:25:24.054 12437 12484 I cnqq    : remove request for trigger key: PROACTIVE_CLIENT_PLATFORM_V2:RENDERED_DATA_SHOW;CALENDAR_EVENT;431103744;OPA_SMARTSPACE;, isClientInitiated: false
08-31 16:25:24.054 12437 12484 I cnqq    : remove request for trigger key: PROACTIVE_CLIENT_PLATFORM_V2:RENDERED_DATA_SHOW;CALENDAR_EVENT;26517301;OPA_SMARTSPACE;, isClientInitiated: false
08-31 16:25:24.055  7135  7230 I bjom    : load card icon from url
08-31 16:25:24.055  7135  7230 I bjon    : Create feedback wrapped click intent
08-31 16:25:24.055  7135  7230 I bjwl    : #createWrappedClickIntent: Account is missing
08-31 16:25:24.055  7135  7230 I bjom    : Add feedback button
08-31 16:25:24.055  4958  4958 D WM-SystemJobService: onStartJob for WorkGenerationalId(workSpecId=117d8a0e-bdf2-4e90-b6c4-c5a956eecc2a, generation=0)
08-31 16:25:24.055  7135  7230 I bjon    : Create feedback wrapped click intent
08-31 16:25:24.055  7135  7230 I bjwl    : #createWrappedClickIntent: Account is missing
08-31 16:25:24.055  7135  7230 I bjom    : Add feedback button
08-31 16:25:24.055  7135  7230 I bjon    : Create feedback wrapped click intent
08-31 16:25:24.055  7135  7230 I bjwl    : #createWrappedClickIntent: Account is missing
08-31 16:25:24.055  7135  7230 I bjom    : Add feedback button
08-31 16:25:24.055  7135  7230 I bjon    : Create feedback wrapped click intent
08-31 16:25:24.055  7135  7230 I bjwl    : #createWrappedClickIntent: Account is missing
08-31 16:25:24.056  7135  7230 I bjom    : Add feedback button
08-31 16:25:24.056  7135  7295 I WeatherTempParser: #getParsedCard: UI template weather card has been populated from the upstream, cardId: 569377244
08-31 16:25:24.056  7135  7387 I WeatherTempParser: #getParsedCard: UI template weather card has been populated from the upstream, cardId: 569377248
08-31 16:25:24.056  7135  7295 I WeatherTempParser: #getParsedCard: UI template weather card has been populated from the upstream, cardId: 569377249
08-31 16:25:24.056  7135  7387 I WeatherTempParser: #getParsedCard: UI template weather card has been populated from the upstream, cardId: 569377245
08-31 16:25:24.057  7135  7381 I bjon    : Create feedback wrapped click intent
08-31 16:25:24.057  7135  7381 I bjwl    : #createWrappedClickIntent: Account is missing
08-31 16:25:24.057  7135  7381 I bjom    : Add feedback button
08-31 16:25:24.057  7135  7296 I WeatherTempParser: #getParsedCard: UI template weather card has been populated from the upstream, cardId: 569377247
08-31 16:25:24.057  4958  5012 D WM-GreedyScheduler: Starting work for d406b089-46c8-4b9a-aede-9c5f9284b9f1
08-31 16:25:24.057  7135  7381 I bjon    : Create feedback wrapped click intent
08-31 16:25:24.058  7135  7381 I bjwl    : #createWrappedClickIntent: Account is missing
08-31 16:25:24.058  7135  7381 I bjom    : Add feedback button
08-31 16:25:24.058  1449  2131 D BackgroundInstallControlService: Package event received: 0
08-31 16:25:24.058  7135  7386 I WeatherTempParser: #getParsedCard: UI template weather card has been populated from the upstream, cardId: 569377246
08-31 16:25:24.059  7135  7241 I bjon    : Create feedback wrapped click intent
08-31 16:25:24.059  7135  7241 I bjwl    : #createWrappedClickIntent: Account is missing
08-31 16:25:24.060  7135  7241 I bjom    : Add feedback button
08-31 16:25:24.061  7135  7379 I WeatherTempParser: #getParsedCard: UI template weather card has been populated from the upstream, cardId: 569377243
08-31 16:25:24.061  4958  5049 D WM-GreedyScheduler: Cancelling work ID febc1785-429c-4c2d-a91a-69b8dc9ca0f3
08-31 16:25:24.062 12437 12484 I cnsp    : #remove: subTriggerId=PROACTIVE_CLIENT_PLATFORM_V2:RENDERED_DATA_SHOW;CALENDAR_EVENT;-1210501129;OPA_SMARTSPACE;:0
08-31 16:25:24.066  7135  7379 I cnsp    : #maybeCreateTimeTrigger: time trigger= PROACTIVE_CLIENT_PLATFORM_V2:BACKGROUND_REFRESH_WORKER:0 with start time=1756651313, stop time=1757256113 in seconds.
08-31 16:25:24.066 29387 29412 W JobInfo : Requested important-while-foreground flag for job555001575 is ignored and takes no effect
08-31 16:25:24.066 29387 29412 D WM-SystemJobScheduler: Scheduling work ID f9a0d592-5312-43fa-9b9b-16cb0d0356d9Job ID 555001575
08-31 16:25:24.069  4958  5049 D WM-NetworkStateTracker: Unregistering network callback
08-31 16:25:24.073 29387 29429 I Hub     : [TikTok] GmsAccounts: GMSCore Auth returned 3 accounts.
08-31 16:25:24.074 29387 29429 I Hub     : [TikTok] GmsAccounts: GoogleOwnersProvider returned 3 accounts.
08-31 16:25:24.076 29387 29387 D WM-SystemJobService: onStartJob for WorkGenerationalId(workSpecId=f9a0d592-5312-43fa-9b9b-16cb0d0356d9, generation=0)
08-31 16:25:24.076  4958  5049 W WM-Processor: Didn't find WorkSpec for id WorkGenerationalId(workSpecId=6a362207-b7b3-418a-97b5-89ce8dacdc09, generation=0)
08-31 16:25:24.076  4958  4958 D WM-SystemJobService: 6a362207-b7b3-418a-97b5-89ce8dacdc09 executed on JobScheduler
08-31 16:25:24.076  4958  5049 W WM-Processor: Didn't find WorkSpec for id WorkGenerationalId(workSpecId=6a362207-b7b3-418a-97b5-89ce8dacdc09, generation=0)
08-31 16:25:24.077  4958  4958 D WM-SystemJobService: 6a362207-b7b3-418a-97b5-89ce8dacdc09 executed on JobScheduler
08-31 16:25:24.079 25976  4135 I ecqc    : appOpsListener android:record_audio com.google.android.apps.maps
08-31 16:25:24.079 25976  4135 I ecqc    : Ignoring irrelevant audio permission changes for package com.google.android.apps.maps
08-31 16:25:24.080 25976  4135 I ecqc    : appOpsListener android:record_audio com.google.android.projection.gearhead
08-31 16:25:24.080 25976  4135 I ecqc    : Ignoring irrelevant audio permission changes for package com.google.android.projection.gearhead
08-31 16:25:24.081 12437 12484 I cnsp    : #remove: subTriggerId=PROACTIVE_CLIENT_PLATFORM_V2:RENDERED_DATA_SHOW;CALENDAR_EVENT;1918626470;OPA_SMARTSPACE;:0
08-31 16:25:24.084  4958  5049 D WM-Processor: dis: processing WorkGenerationalId(workSpecId=117d8a0e-bdf2-4e90-b6c4-c5a956eecc2a, generation=0)
08-31 16:25:24.085  4958  5049 D WM-StopWorkRunnable: StopWorkRunnable for 6a362207-b7b3-418a-97b5-89ce8dacdc09; Processor.stopWork = false
08-31 16:25:24.085  4958  5049 D WM-StopWorkRunnable: StopWorkRunnable for 6a362207-b7b3-418a-97b5-89ce8dacdc09; Processor.stopWork = false
08-31 16:25:24.085 12437 12497 I cnsp    : #remove: subTriggerId=PROACTIVE_CLIENT_PLATFORM_V2:RENDERED_DATA_SHOW;CALENDAR_EVENT;-31981765;OPA_SMARTSPACE;:0
08-31 16:25:24.085  4958  5049 D WM-Processor: Work WorkGenerationalId(workSpecId=117d8a0e-bdf2-4e90-b6c4-c5a956eecc2a, generation=0) is already enqueued for processing
08-31 16:25:24.085  4958  5049 D WM-Processor: dis: processing WorkGenerationalId(workSpecId=d406b089-46c8-4b9a-aede-9c5f9284b9f1, generation=0)
08-31 16:25:24.086 29387 29412 D WM-GreedyScheduler: Starting work for f9a0d592-5312-43fa-9b9b-16cb0d0356d9
08-31 16:25:24.089  4958  5049 D WM-GreedyScheduler: Cancelling work ID 6a362207-b7b3-418a-97b5-89ce8dacdc09
08-31 16:25:24.091  4958  5049 D WM-GreedyScheduler: Cancelling work ID 6a362207-b7b3-418a-97b5-89ce8dacdc09
08-31 16:25:24.092  4958  5049 D MddListenableWorkerFactory: createWorker for class: com.google.android.libraries.vpn.gcs.core.common.work.framework.GcsLibWorker
08-31 16:25:24.093 12437 12497 I cnsp    : #remove: subTriggerId=PROACTIVE_CLIENT_PLATFORM_V2:RENDERED_DATA_SHOW;CALENDAR_EVENT;239091978;OPA_SMARTSPACE;:0
08-31 16:25:24.094 29387 29413 I WM-WorkerWrapper: Worker result SUCCESS for Work [ id=b618cff9-4eb0-43e5-b0c8-3bb06d6947a1, tags={ com.google.android.libraries.hub.workmanager.HubListenableWorker,LoginAccountsChangedWork } ]
08-31 16:25:24.095  4958  5049 D MddListenableWorkerFactory: createWorker for class: com.google.android.libraries.vpn.gcs.core.common.work.framework.GcsLibWorker
08-31 16:25:24.095  4958  4958 D WM-WorkerWrapper: Starting work for com.google.android.libraries.vpn.gcs.core.common.work.framework.GcsLibWorker
08-31 16:25:24.099  4958  4958 D WM-WorkerWrapper: Starting work for com.google.android.libraries.vpn.gcs.core.common.work.framework.GcsLibWorker
08-31 16:25:24.100 29387 29387 D WM-Processor: Processor b618cff9-4eb0-43e5-b0c8-3bb06d6947a1 executed; reschedule = false
08-31 16:25:24.102 12437 12497 I cnsp    : #remove: subTriggerId=PROACTIVE_CLIENT_PLATFORM_V2:RENDERED_DATA_SHOW;CALENDAR_EVENT;-1991933249;OPA_SMARTSPACE;:0
08-31 16:25:24.102  4958  5018 I WM-WorkerWrapper: Worker result SUCCESS for Work [ id=117d8a0e-bdf2-4e90-b6c4-c5a956eecc2a, tags={ cgalvgcGcsLib,com.google.android.libraries.vpn.gcs.core.common.work.framework.GcsLibWorker } ]
08-31 16:25:24.104  4958  4958 D WM-Processor: dis 117d8a0e-bdf2-4e90-b6c4-c5a956eecc2a executed; reschedule = false
08-31 16:25:24.104  4958  4958 D WM-SystemJobService: 117d8a0e-bdf2-4e90-b6c4-c5a956eecc2a executed on JobScheduler
08-31 16:25:24.104  4958  5018 I WM-WorkerWrapper: Worker result SUCCESS for Work [ id=d406b089-46c8-4b9a-aede-9c5f9284b9f1, tags={ cgalvgcGcsLib,com.google.android.libraries.vpn.gcs.core.common.work.framework.GcsLibWorker } ]
08-31 16:25:24.104 29387 29387 D WM-SystemJobService: b618cff9-4eb0-43e5-b0c8-3bb06d6947a1 executed on JobScheduler
08-31 16:25:24.106 29387 29413 D WM-Processor: Processor cancelling 3849150a-74c0-4419-8aef-b67c25a85d6d
08-31 16:25:24.106 29387 29413 D WM-Processor: WorkerWrapper could not be found for 3849150a-74c0-4419-8aef-b67c25a85d6d
08-31 16:25:24.109 12437 12497 I cnsp    : #remove: subTriggerId=PROACTIVE_CLIENT_PLATFORM_V2:RENDERED_DATA_SHOW;CALENDAR_EVENT;-1259643299;OPA_SMARTSPACE;:0
08-31 16:25:24.109  4958  4958 D WM-Processor: dis d406b089-46c8-4b9a-aede-9c5f9284b9f1 executed; reschedule = false
08-31 16:25:24.109  4958  4958 D WM-SystemJobService: d406b089-46c8-4b9a-aede-9c5f9284b9f1 executed on JobScheduler
08-31 16:25:24.110  4958  5018 D WM-GreedyScheduler: Cancelling work ID 117d8a0e-bdf2-4e90-b6c4-c5a956eecc2a
08-31 16:25:24.111  4958  5018 D WM-GreedyScheduler: Cancelling work ID d406b089-46c8-4b9a-aede-9c5f9284b9f1
08-31 16:25:24.115 12437 12484 I cnsp    : #remove: subTriggerId=PROACTIVE_CLIENT_PLATFORM_V2:RENDERED_DATA_SHOW;CALENDAR_EVENT;2114397570;OPA_SMARTSPACE;:0
08-31 16:25:24.122 29387 29413 D WM-GreedyScheduler: Cancelling work ID 3849150a-74c0-4419-8aef-b67c25a85d6d
08-31 16:25:24.123 12437 12484 I cnsp    : #remove: subTriggerId=PROACTIVE_CLIENT_PLATFORM_V2:RENDERED_DATA_SHOW;CALENDAR_EVENT;-2136169431;OPA_SMARTSPACE;:0
08-31 16:25:24.132 29387 29413 D WM-Processor: Processor: processing WorkGenerationalId(workSpecId=f9a0d592-5312-43fa-9b9b-16cb0d0356d9, generation=0)
08-31 16:25:24.133 29387 29413 D WM-Processor: Work WorkGenerationalId(workSpecId=f9a0d592-5312-43fa-9b9b-16cb0d0356d9, generation=0) is already enqueued for processing
08-31 16:25:24.133 25976  4135 I ecqc    : appOpsListener android:record_audio com.google.android.apps.recorder
08-31 16:25:24.134 25976  4135 I ecqc    : Ignoring irrelevant audio permission changes for package com.google.android.apps.recorder
08-31 16:25:24.135 12437 12483 I cnsp    : #remove: subTriggerId=PROACTIVE_CLIENT_PLATFORM_V2:RENDERED_DATA_SHOW;CALENDAR_EVENT;768161949;OPA_SMARTSPACE;:0
08-31 16:25:24.136 29387 29413 D WM-GreedyScheduler: Cancelling work ID b618cff9-4eb0-43e5-b0c8-3bb06d6947a1
08-31 16:25:24.139 12437 12483 I cnsp    : #remove: subTriggerId=PROACTIVE_CLIENT_PLATFORM_V2:RENDERED_DATA_SHOW;CALENDAR_EVENT;431103744;OPA_SMARTSPACE;:0
08-31 16:25:24.139 29387 29413 I org.webrtc.Logging: EffectsMiniBenchmarkWorkerFactory: Received worker class com.google.android.libraries.hub.workmanager.HubListenableWorker
08-31 16:25:24.139 29387 29413 I Hub     : [Conf] EffectsMiniBenchmarkWorkerFactory: Received worker class com.google.android.libraries.hub.workmanager.HubListenableWorker
08-31 16:25:24.142 12437 12481 I cnsp    : #remove: subTriggerId=PROACTIVE_CLIENT_PLATFORM_V2:RENDERED_DATA_SHOW;CALENDAR_EVENT;26517301;OPA_SMARTSPACE;:0
08-31 16:25:24.145 12437 12484 I cnsp    : #maybeCreateTimeTrigger: time trigger= PROACTIVE_CLIENT_PLATFORM_V2:RENDERED_DATA_SHOW;CALENDAR_EVENT;-1210501129;OPA_SMARTSPACE;:0 with start time=1756719000, stop time=1756721100 in seconds.
08-31 16:25:24.146 12437 12481 I cnsp    : #maybeCreateTimeTrigger: time trigger= PROACTIVE_CLIENT_PLATFORM_V2:RENDERED_DATA_SHOW;CALENDAR_EVENT;1918626470;OPA_SMARTSPACE;:0 with start time=1756737000, stop time=1756739100 in seconds.
08-31 16:25:24.147 12437 12481 I cnsp    : #maybeCreateTimeTrigger: time trigger= PROACTIVE_CLIENT_PLATFORM_V2:RENDERED_DATA_SHOW;CALENDAR_EVENT;-31981765;OPA_SMARTSPACE;:0 with start time=1756729800, stop time=1756731900 in seconds.
