--------- beginning of main
08-31 16:25:20.641  1449  2066 D InetDiagMessage: Destroyed 0 sockets, proto=IPPROTO_TCP, family=AF_INET, states=14
08-31 16:25:20.649  1449  2066 D InetDiagMessage: Destroyed 0 sockets, proto=IPPROTO_TCP, family=AF_INET6, states=14
08-31 16:25:20.649  1449  2066 D InetDiagMessage: Destroyed live tcp sockets for uids={1010244} in 12ms
08-31 16:25:20.653  1449  2066 D InetDiagMessage: Destroyed 0 sockets, proto=IPPROTO_TCP, family=AF_INET, states=14
08-31 16:25:20.658  1449  2066 D InetDiagMessage: Destroyed 0 sockets, proto=IPPROTO_TCP, family=AF_INET6, states=14
08-31 16:25:20.658  1449  2066 D InetDiagMessage: Destroyed live tcp sockets for uids={1020244} in 9ms
08-31 16:25:21.250   898   970 D CHRE    : @ 543648.782: Parsed nanoapp message from host: app ID 0x476f6f676c00103b endpoint 0x8005 msgType 1 payload size 8
08-31 16:25:21.260   507   507 D DisplayModeController: setDesiredMode 4619827359057144832 {mode={fps=120.00 Hz, modePtr={id=2, vsyncRate=240.00 Hz, peakRefreshRate=120.00 Hz}}, emitEvent=true, force=false}
08-31 16:25:21.260   968  1018 D shamp   : [TEA] [Domain: LTE DM] [Token: 9c07e879] [Timestamp: 1756650318059]: | 1_S |CC0 Mx0 Sc0| PCell SFN [ 2413,7310 ], DL EARFCN [20, 6300], PCell ID [107], DL Bandwidth [ 3]
08-31 16:25:21.260   968  1018 D shamp   : [TEA] [Domain: LTE_DM] [Token: b4155ea3] [Timestamp: 1756650318059]: |CC0 Mx0 Sc0| PCell SINR Avg: -4.53 RX Count: 2]
08-31 16:25:21.260   968  1018 D shamp   : [TEA] [Domain: LTE_RRM] [Token: 48fb20ca] [Timestamp: 1756650318107]: Srxlev(12.99dB) S_NonIntraSearchP_Ind(1) S_NonIntraSearchP(62dB) LTERRM_S_NONINTRASEARCH_OFFSET(0dB)
08-31 16:25:21.260   968  1018 D shamp   : [TEA] [Domain: LTE DM] [Token: 9c07e879] [Timestamp: 1756650318173]: | 1_S |CC0 Mx0 Sc0| PCell SFN [ 716,7425 ], DL EARFCN [ 3, 1600], PCell ID [322], DL Bandwidth [ 5]
08-31 16:25:21.260   968  1018 D shamp   : [TEA] [Domain: LTE_DM] [Token: b4155ea3] [Timestamp: 1756650318173]: |CC0 Mx0 Sc0| PCell SINR Avg: -2.01 RX Count: 2]
08-31 16:25:21.260   968  1018 D shamp   : [TEA] [Domain: LTE_RRM] [Token: 48fb20ca] [Timestamp: 1756650318200]: Srxlev(13.90dB) S_NonIntraSearchP_Ind(1) S_NonIntraSearchP(14dB) LTERRM_S_NONINTRASEARCH_OFFSET(0dB)
08-31 16:25:21.260   968  1018 D shamp   : [TEA] [Domain: LTE DM] [Token: 9c07e879] [Timestamp: 1756650318378]: | 1_S |CC0 Mx0 Sc0| PCell SFN [ 2413,7630 ], DL EARFCN [20, 6300], PCell ID [107], DL Bandwidth [ 3]
08-31 16:25:21.260   968  1018 D shamp   : [TEA] [Domain: LTE_DM] [Token: b4155ea3] [Timestamp: 1756650318378]: |CC0 Mx0 Sc0| PCell SINR Avg: -5.01 RX Count: 2]
08-31 16:25:21.260   968  1018 D shamp   : [TEA] [Domain: LTE_RRM] [Token: 48fb20ca] [Timestamp: 1756650318418]: Srxlev(12.99dB) S_NonIntraSearchP_Ind(1) S_NonIntraSearchP(62dB) LTERRM_S_NONINTRASEARCH_OFFSET(0dB)
08-31 16:25:21.260   968  1018 D shamp   : [TEA] [Domain: LTE DM] [Token: 9c07e879] [Timestamp: 1756650318493]: | 1_S |CC0 Mx0 Sc0| PCell SFN [ 716,7745 ], DL EARFCN [ 3, 1600], PCell ID [322], DL Bandwidth [ 5]
08-31 16:25:21.260   968  1018 D shamp   : [TEA] [Domain: LTE_DM] [Token: b4155ea3] [Timestamp: 1756650318493]: |CC0 Mx0 Sc0| PCell SINR Avg: -2.93 RX Count: 2]
08-31 16:25:21.260   968  1018 D shamp   : [TEA] [Domain: LTE_RRM] [Token: 48fb20ca] [Timestamp: 1756650318494]: Srxlev(13.90dB) S_NonIntraSearchP_Ind(1) S_NonIntraSearchP(14dB) LTERRM_S_NONINTRASEARCH_OFFSET(0dB)
08-31 16:25:21.260   968  1018 D shamp   : [TEA] [Domain: LTE DM] [Token: 9c07e879] [Timestamp: 1756650318698]: | 1_S |CC0 Mx0 Sc0| PCell SFN [ 2413,7950 ], DL EARFCN [20, 6300], PCell ID [107], DL Bandwidth [ 3]
--------- beginning of system
08-31 16:25:21.261  1449  1528 I DisplayDeviceRepository: Display device changed render timings: "Built-in Screen", renderFrameRate=120.00002, presentationDeadlineNanos=11499999, appVsyncOffsetNanos=6233332, frameRateOverrides=[]
08-31 16:25:21.263  1449  1525 D WindowManager: DeferredDisplayUpdater: partially applying DisplayInfo(960 x 2142) immediately
08-31 16:25:21.265   953   953 D DeviceHalAidl: [default] setParameters: parameters: "screen_state=on"
08-31 16:25:21.266   894 11718 D ASvc::Module: updateScreenState: 1
08-31 16:25:21.268   968  1018 D shamp   : [TEA] [Domain: LTE_DM] [Token: b4155ea3] [Timestamp: 1756650318698]: |CC0 Mx0 Sc0| PCell SINR Avg: -5.29 RX Count: 2]
08-31 16:25:21.268   968  1018 D shamp   : [TEA] [Domain: LTE_RRM] [Token: 48fb20ca] [Timestamp: 1756650318747]: Srxlev(13.06dB) S_NonIntraSearchP_Ind(1) S_NonIntraSearchP(62dB) LTERRM_S_NONINTRASEARCH_OFFSET(0dB)
08-31 16:25:21.268   968  1018 D shamp   : [TEA] [Domain: LTE DM] [Token: 9c07e879] [Timestamp: 1756650318813]: | 1_S |CC0 Mx0 Sc0| PCell SFN [ 716,8065 ], DL EARFCN [ 3, 1600], PCell ID [322], DL Bandwidth [ 5]
08-31 16:25:21.268   968  1018 D shamp   : [TEA] [Domain: LTE_DM] [Token: b4155ea3] [Timestamp: 1756650318813]: |CC0 Mx0 Sc0| PCell SINR Avg: -1.01 RX Count: 2]
08-31 16:25:21.268   968  1018 D shamp   : [TEA] [Domain: LTE_RRM] [Token: 48fb20ca] [Timestamp: 1756650318839]: Srxlev(13.06dB) S_NonIntraSearchP_Ind(1) S_NonIntraSearchP(14dB) LTERRM_S_NONINTRASEARCH_OFFSET(0dB)
08-31 16:25:21.268   968  1018 D shamp   : [TEA] [Domain: LTE DM] [Token: 9c07e879] [Timestamp: 1756650319018]: | 1_S |CC0 Mx0 Sc0| PCell SFN [ 2413,8270 ], DL EARFCN [20, 6300], PCell ID [107], DL Bandwidth [ 3]
08-31 16:25:21.269   968  1018 D shamp   : [TEA] [Domain: LTE_DM] [Token: b4155ea3] [Timestamp: 1756650319018]: |CC0 Mx0 Sc0| PCell SINR Avg: -5.35 RX Count: 2]
08-31 16:25:21.269   968  1018 D shamp   : [TEA] [Domain: LTE_RRM] [Token: 48fb20ca] [Timestamp: 1756650319058]: Srxlev(13.06dB) S_NonIntraSearchP_Ind(1) S_NonIntraSearchP(62dB) LTERRM_S_NONINTRASEARCH_OFFSET(0dB)
08-31 16:25:21.269   968  1018 D shamp   : [TEA] [Domain: LTE DM] [Token: 9c07e879] [Timestamp: 1756650319188]: | 1_S |CC0 Mx0 Sc0| PCell SFN [ 716,8440 ], DL EARFCN [ 3, 1600], PCell ID [322], DL Bandwidth [ 5]
08-31 16:25:21.269   968  1018 D shamp   : [TEA] [Domain: LTE_DM] [Token: b4155ea3] [Timestamp: 1756650319189]: |CC0 Mx0 Sc0| PCell SINR Avg: 10.01 RX Count: 2]
08-31 16:25:21.269   968  1018 D shamp   : [TEA] [Domain: LTE_RRM] [Token: 48fb20ca] [Timestamp: 1756650319189]: Srxlev(13.06dB) S_NonIntraSearchP_Ind(1) S_NonIntraSearchP(14dB) LTERRM_S_NONINTRASEARCH_OFFSET(0dB)
08-31 16:25:21.269   968  1018 D shamp   : [TEA] [Domain: LTE DM] [Token: 9c07e879] [Timestamp: 1756650319338]: | 1_S |CC0 Mx0 Sc0| PCell SFN [ 2413,8590 ], DL EARFCN [20, 6300], PCell ID [107], DL Bandwidth [ 3]
08-31 16:25:21.269   968  1018 D shamp   : [TEA] [Domain: LTE_DM] [Token: b4155ea3] [Timestamp: 1756650319338]: |CC0 Mx0 Sc0| PCell SINR Avg: -6.36 RX Count: 2]
08-31 16:25:21.269   968  1018 D shamp   : [TEA] [Domain: LTE_RRM] [Token: 48fb20ca] [Timestamp: 1756650319389]: Srxlev(13.38dB) S_NonIntraSearchP_Ind(1) S_NonIntraSearchP(62dB) LTERRM_S_NONINTRASEARCH_OFFSET(0dB)
08-31 16:25:21.269   968  1018 D shamp   : [TEA] [Domain: LTE DM] [Token: 9c07e879] [Timestamp: 1756650319453]: | 1_S |CC0 Mx0 Sc0| PCell SFN [ 716,8705 ], DL EARFCN [ 3, 1600], PCell ID [322], DL Bandwidth [ 5]
08-31 16:25:21.269   968  1018 D shamp   : [TEA] [Domain: LTE_DM] [Token: b4155ea3] [Timestamp: 1756650319453]: |CC0 Mx0 Sc0| PCell SINR Avg: -1.91 RX Count: 2]
08-31 16:25:21.269   968  1018 D shamp   : [TEA] [Domain: LTE_RRM] [Token: 48fb20ca] [Timestamp: 1756650319479]: Srxlev(11.48dB) S_NonIntraSearchP_Ind(1) S_NonIntraSearchP(14dB) LTERRM_S_NONINTRASEARCH_OFFSET(0dB)
08-31 16:25:21.269   968  1018 D shamp   : [TEA] [Domain: LTE DM] [Token: 9c07e879] [Timestamp: 1756650319658]: | 1_S |CC0 Mx0 Sc0| PCell SFN [ 2413,8910 ], DL EARFCN [20, 6300], PCell ID [107], DL Bandwidth [ 3]
08-31 16:25:21.269   968  1018 D shamp   : [TEA] [Domain: LTE_DM] [Token: b4155ea3] [Timestamp: 1756650319658]: |CC0 Mx0 Sc0| PCell SINR Avg: -6.75 RX Count: 2]
08-31 16:25:21.269   968  1018 D shamp   : [TEA] [Domain: LTE_RRM] [Token: 48fb20ca] [Timestamp: 1756650319698]: Srxlev(13.38dB) S_NonIntraSearchP_Ind(1) S_NonIntraSearchP(62dB) LTERRM_S_NONINTRASEARCH_OFFSET(0dB)
08-31 16:25:21.269   968  1018 D shamp   : [TEA] [Domain: LTE DM] [Token: 9c07e879] [Timestamp: 1756650319773]: | 1_S |CC0 Mx0 Sc0| PCell SFN [ 716,9025 ], DL EARFCN [ 3, 1600], PCell ID [322], DL Bandwidth [ 5]
08-31 16:25:21.269   968  1018 D shamp   : [TEA] [Domain: LTE_DM] [Token: b4155ea3] [Timestamp: 1756650319773]: |CC0 Mx0 Sc0| PCell SINR Avg: -2.67 RX Count: 2]
08-31 16:25:21.269   968  1018 D shamp   : [TEA] [Domain: LTE_RRM] [Token: 48fb20ca] [Timestamp: 1756650319774]: Srxlev(11.48dB) S_NonIntraSearchP_Ind(1) S_NonIntraSearchP(14dB) LTERRM_S_NONINTRASEARCH_OFFSET(0dB)
08-31 16:25:21.269   968  1018 D shamp   : [TEA] [Domain: LTE DM] [Token: 9c07e879] [Timestamp: 1756650319978]: | 1_S |CC0 Mx0 Sc0| PCell SFN [ 2413,9230 ], DL EARFCN [20, 6300], PCell ID [107], DL Bandwidth [ 3]
08-31 16:25:21.269   968  1018 D shamp   : [TEA] [Domain: LTE_DM] [Token: b4155ea3] [Timestamp: 1756650319978]: |CC0 Mx0 Sc0| PCell SINR Avg: 8.49 RX Count: 2]
08-31 16:25:21.269   968  1018 D shamp   : [TEA] [Domain: LTE_RRM] [Token: 48fb20ca] [Timestamp: 1756650320031]: Srxlev(14.06dB) S_NonIntraSearchP_Ind(1) S_NonIntraSearchP(62dB) LTERRM_S_NONINTRASEARCH_OFFSET(0dB)
08-31 16:25:21.269   968  1018 D shamp   : [TEA] [Domain: LTE DM] [Token: 9c07e879] [Timestamp: 1756650320093]: | 1_S |CC0 Mx0 Sc0| PCell SFN [ 716,9345 ], DL EARFCN [ 3, 1600], PCell ID [322], DL Bandwidth [ 5]
08-31 16:25:21.269   968  1018 D shamp   : [TEA] [Domain: LTE_DM] [Token: b4155ea3] [Timestamp: 1756650320093]: |CC0 Mx0 Sc0| PCell SINR Avg: 9.71 RX Count: 2]
08-31 16:25:21.269   968  1018 D shamp   : [TEA] [Domain: LTE_RRM] [Token: 48fb20ca] [Timestamp: 1756650320120]: Srxlev(10.60dB) S_NonIntraSearchP_Ind(1) S_NonIntraSearchP(14dB) LTERRM_S_NONINTRASEARCH_OFFSET(0dB)
08-31 16:25:21.270   968  1018 D shamp   : [TEA] [Domain: LTE DM] [Token: 9c07e879] [Timestamp: 1756650320298]: | 1_S |CC0 Mx0 Sc0| PCell SFN [ 2413,9550 ], DL EARFCN [20, 6300], PCell ID [107], DL Bandwidth [ 3]
08-31 16:25:21.270   968  1018 D shamp   : [TEA] [Domain: LTE_DM] [Token: b4155ea3] [Timestamp: 1756650320298]: |CC0 Mx0 Sc0| PCell SINR Avg: 3.58 RX Count: 2]
08-31 16:25:21.270   968  1018 D shamp   : [TEA] [Domain: LTE_RRM] [Token: 48fb20ca] [Timestamp: 1756650320341]: Srxlev(14.06dB) S_NonIntraSearchP_Ind(1) S_NonIntraSearchP(62dB) LTERRM_S_NONINTRASEARCH_OFFSET(0dB)
08-31 16:25:21.270   968  1018 D shamp   : [TEA] [Domain: LTE DM] [Token: 9c07e879] [Timestamp: 1756650320413]: | 1_S |CC0 Mx0 Sc0| PCell SFN [ 716,9665 ], DL EARFCN [ 3, 1600], PCell ID [322], DL Bandwidth [ 5]
08-31 16:25:21.270   968  1018 D shamp   : [TEA] [Domain: LTE_DM] [Token: b4155ea3] [Timestamp: 1756650320413]: |CC0 Mx0 Sc0| PCell SINR Avg: 9.29 RX Count: 2]
08-31 16:25:21.270   968  1018 D shamp   : [TEA] [Domain: LTE_RRM] [Token: 48fb20ca] [Timestamp: 1756650320455]: Srxlev(10.60dB) S_NonIntraSearchP_Ind(1) S_NonIntraSearchP(14dB) LTERRM_S_NONINTRASEARCH_OFFSET(0dB)
08-31 16:25:21.270   968  1018 D shamp   : [TEA] [Domain: LTE DM] [Token: 9c07e879] [Timestamp: 1756650320618]: | 1_S |CC0 Mx0 Sc0| PCell SFN [ 2413,9870 ], DL EARFCN [20, 6300], PCell ID [107], DL Bandwidth [ 3]
08-31 16:25:21.270   968  1018 D shamp   : [TEA] [Domain: LTE_DM] [Token: b4155ea3] [Timestamp: 1756650320618]: |CC0 Mx0 Sc0| PCell SINR Avg: 7.22 RX Count: 2]
08-31 16:25:21.270   968  1018 D shamp   : [TEA] [Domain: LTE_RRM] [Token: 48fb20ca] [Timestamp: 1756650320671]: Srxlev(14.14dB) S_NonIntraSearchP_Ind(1) S_NonIntraSearchP(62dB) LTERRM_S_NONINTRASEARCH_OFFSET(0dB)
08-31 16:25:21.270   968  1018 D shamp   : [TEA] [Domain: LTE DM] [Token: 9c07e879] [Timestamp: 1756650320733]: | 1_S |CC0 Mx0 Sc0| PCell SFN [ 716,9985 ], DL EARFCN [ 3, 1600], PCell ID [322], DL Bandwidth [ 5]
08-31 16:25:21.270   968  1018 D shamp   : [TEA] [Domain: LTE_DM] [Token: b4155ea3] [Timestamp: 1756650320733]: |CC0 Mx0 Sc0| PCell SINR Avg: 9.69 RX Count: 2]
08-31 16:25:21.270   968  1018 D shamp   : [TEA] [Domain: LTE_RRM] [Token: 48fb20ca] [Timestamp: 1756650320779]: Srxlev(11.93dB) S_NonIntraSearchP_Ind(1) S_NonIntraSearchP(14dB) LTERRM_S_NONINTRASEARCH_OFFSET(0dB)
08-31 16:25:21.270   968  1018 D shamp   : [TEA] [Domain: LTE DM] [Token: 9c07e879] [Timestamp: 1756650320938]: | 1_S |CC0 Mx0 Sc0| PCell SFN [ 2413,10190 ], DL EARFCN [20, 6300], PCell ID [107], DL Bandwidth [ 3]
08-31 16:25:21.270   968  1018 D shamp   : [TEA] [Domain: LTE_DM] [Token: b4155ea3] [Timestamp: 1756650320938]: |CC0 Mx0 Sc0| PCell SINR Avg: 8.85 RX Count: 2]
08-31 16:25:21.270   968  1018 D shamp   : [TEA] [Domain: LTE_RRM] [Token: 48fb20ca] [Timestamp: 1756650320982]: Srxlev(14.14dB) S_NonIntraSearchP_Ind(1) S_NonIntraSearchP(62dB) LTERRM_S_NONINTRASEARCH_OFFSET(0dB)
08-31 16:25:21.270   968  1018 D shamp   : [TEA] [Domain: LTE DM] [Token: 9c07e879] [Timestamp: 1756650321054]: | 1_S |CC0 Mx0 Sc0| PCell SFN [ 716,66 ], DL EARFCN [ 3, 1600], PCell ID [322], DL Bandwidth [ 5]
08-31 16:25:21.270   968  1018 D shamp   : [TEA] [Domain: LTE_DM] [Token: b4155ea3] [Timestamp: 1756650321054]: |CC0 Mx0 Sc0| PCell SINR Avg: 1.01 RX Count: 2]
08-31 16:25:21.270   968  1018 D shamp   : [TEA] [Domain: LTE_RRM] [Token: 48fb20ca] [Timestamp: 1756650321095]: Srxlev(11.93dB) S_NonIntraSearchP_Ind(1) S_NonIntraSearchP(14dB) LTERRM_S_NONINTRASEARCH_OFFSET(0dB)
08-31 16:25:21.270   968  1018 D shamp   : [TEA] [Domain: LTE DM] [Token: 9c07e879] [Timestamp: 1756650321258]: | 1_S |CC0 Mx0 Sc0| PCell SFN [ 2413,270 ], DL EARFCN [20, 6300], PCell ID [107], DL Bandwidth [ 3]
08-31 16:25:21.270   968  1018 D shamp   : [TEA] [Domain: LTE_DM] [Token: b4155ea3] [Timestamp: 1756650321258]: |CC0 Mx0 Sc0| PCell SINR Avg: 6.79 RX Count: 2]
08-31 16:25:21.271   953   953 D DeviceHalAidl: [r_submix] setParameters: parameters: "screen_state=on"
08-31 16:25:21.272   894 11718 D AHAL_Module: updateScreenState: r_submix: 1
08-31 16:25:21.272   953   953 D DeviceHalAidl: [bluetooth] setParameters: parameters: "screen_state=on"
08-31 16:25:21.272   894 11718 D AHAL_Module: updateScreenState: bluetooth: 1
08-31 16:25:21.358  1449  1976 V WindowManager: DesktopModeLaunchParamsModifier: phase= 0 task=null activity=null display-area-from-source=DefaultTaskDisplayArea@14500306 display-id=0 task-display-area-windowing-mode=1 suggested-display-area=DefaultTaskDisplayArea@14500306 task null, skipping
08-31 16:25:21.359  1449  1976 V WindowManager: TaskLaunchParamsModifier:phase=0 task=null activity=null display-area-from-source=DefaultTaskDisplayArea@14500306 display-id=0 task-display-area-windowing-mode=1 suggested-display-area=DefaultTaskDisplayArea@14500306
08-31 16:25:21.359  1449  1976 V GrammaticalInflectionUtils: AttributionSource: android.content.AttributionSource@5a1321ef does not have READ_SYSTEM_GRAMMATICAL_GENDER permission.
08-31 16:25:21.359  1449  1976 W OptProp : Cannot read opt property android.window.PROPERTY_COMPAT_ALLOW_RESIZEABLE_ACTIVITY_OVERRIDES
08-31 16:25:21.360  1449  1976 W OptProp : Cannot read opt property android.window.PROPERTY_COMPAT_ALLOW_MIN_ASPECT_RATIO_OVERRIDE
08-31 16:25:21.360  1449  1976 V WindowManager: DesktopModeLaunchParamsModifier: phase= 0 task=null activity=ActivityRecord{188119920 u0 com.reathm.motivate/com.google.android.gms.auth.api.signin.internal.SignInHubActivity display-area-from-source=DefaultTaskDisplayArea@14500306 display-id=0 task-display-area-windowing-mode=1 suggested-display-area=DefaultTaskDisplayArea@14500306 task null, skipping
08-31 16:25:21.360  1449  1976 V WindowManager: TaskLaunchParamsModifier:phase=0 task=null activity=ActivityRecord{188119920 u0 com.reathm.motivate/com.google.android.gms.auth.api.signin.internal.SignInHubActivity t-1} display-area-from-source=DefaultTaskDisplayArea@14500306 display-id=0 task-display-area-windowing-mode=1 suggested-display-area=DefaultTaskDisplayArea@14500306
08-31 16:25:21.360  1449  1976 V WindowManager: DesktopModeLaunchParamsModifier: phase= 3 task=Task{af03f7d #4703 type=standard I=com.reathm.motivate/.MainActivity} activity=ActivityRecord{188119920 u0 com.reathm.motivate/com.google.android.gms.auth.api.signin.internal.SignInHubActivity t-1} display-area-from-source=DefaultTaskDisplayArea@14500306 display-id=0 task-display-area-windowing-mode=1 suggested-display-area=DefaultTaskDisplayArea@14500306 not entering desktop mode, skipping
08-31 16:25:21.360  1449  1976 V WindowManager: TaskLaunchParamsModifier:phase=3 task=Task{af03f7d #4703 type=standard I=com.reathm.motivate/.MainActivity} activity=ActivityRecord{188119920 u0 com.reathm.motivate/com.google.android.gms.auth.api.signin.internal.SignInHubActivity t-1} display-area-from-source=DefaultTaskDisplayArea@14500306 display-id=0 task-display-area-windowing-mode=1 suggested-display-area=DefaultTaskDisplayArea@14500306 inherit-from-source=fullscreen non-freeform-task-display-area display-area=DefaultTaskDisplayArea@14500306 default-portrait freeform-size-mismatch=Rect(242, 640 - 718, 1600)
08-31 16:25:21.361  1449  1976 V WindowManager: DesktopModeLaunchParamsModifier: phase= 3 task=Task{af03f7d #4703 type=standard I=com.reathm.motivate/.MainActivity} activity=ActivityRecord{188119920 u0 com.reathm.motivate/com.google.android.gms.auth.api.signin.internal.SignInHubActivity t-1} display-area-from-source=DefaultTaskDisplayArea@14500306 display-id=0 task-display-area-windowing-mode=1 suggested-display-area=DefaultTaskDisplayArea@14500306 not entering desktop mode, skipping
08-31 16:25:21.361  1449  1976 V WindowManager: TaskLaunchParamsModifier:phase=3 task=Task{af03f7d #4703 type=standard I=com.reathm.motivate/.MainActivity} activity=ActivityRecord{188119920 u0 com.reathm.motivate/com.google.android.gms.auth.api.signin.internal.SignInHubActivity t-1} display-area-from-source=DefaultTaskDisplayArea@14500306 display-id=0 task-display-area-windowing-mode=1 suggested-display-area=DefaultTaskDisplayArea@14500306 inherit-from-source=fullscreen non-freeform-task-display-area display-area=DefaultTaskDisplayArea@14500306 default-portrait freeform-size-mismatch=Rect(242, 640 - 718, 1600)
08-31 16:25:21.362  1449  1976 W OptProp : Cannot read opt property android.window.PROPERTY_COMPAT_ALLOW_ORIENTATION_OVERRIDE
08-31 16:25:21.363   898   970 D CHRE    : @ 543648.892: Parsed nanoapp message from host: app ID 0x476f6f676c00103b endpoint 0x8005 msgType 1 payload size 6
08-31 16:25:21.364  2195  2196 I deeptouch: I0000 00:00:1756650321.353464    2196 tf_lite_classifier.cc:413] Event stream classified as kNone
08-31 16:25:21.364   507   565 I libbinder.BpBinder: onLastStrongRef automatically unlinking death recipients: 
08-31 16:25:21.365  1449  1976 I ActivityTaskManager: START u0 {act=com.google.android.gms.auth.GOOGLE_SIGN_IN xflg=0x4 pkg=com.reathm.motivate cmp=com.reathm.motivate/com.google.android.gms.auth.api.signin.internal.SignInHubActivity (has extras)} with LAUNCH_MULTIPLE from uid 10533 (com.reathm.motivate) (rr=249393620) (BAL_ALLOW_VISIBLE_WINDOW) result code=0
08-31 16:25:21.365  2202  2228 V WindowManagerShell: Transition requested (#3243): android.os.BinderProxy@92c2c34 TransitionRequestInfo { type = OPEN, triggerTask = TaskInfo{userId=0 taskId=4703 effectiveUid=10533 displayId=0 isRunning=true baseIntent=Intent { act=android.intent.action.MAIN cat=[android.intent.category.LAUNCHER] flg=0x10200000 cmp=com.reathm.motivate/.MainActivity } baseActivity=ComponentInfo{com.reathm.motivate/com.reathm.motivate.MainActivity} topActivity=ComponentInfo{com.reathm.motivate/com.google.android.gms.auth.api.signin.internal.SignInHubActivity} origActivity=null realActivity=ComponentInfo{com.reathm.motivate/com.reathm.motivate.MainActivity} numActivities=2 lastActiveTime=543646589 supportsMultiWindow=true resizeMode=1 isResizeable=true minWidth=-1 minHeight=-1 defaultMinSize=220 token=WCT{android.os.BinderProxy@660ae7b} topActivityType=1 pictureInPictureParams=null shouldDockBigOverlays=false launchIntoPipHostTaskId=-1 lastParentTaskIdBeforePip=-1 displayCutoutSafeInsets=Rect(0, 0 - 0, 0) topActivityInfo=ActivityInfo{17eda5d com.google.android.gms.auth.api.signin.internal.SignInHubActivity} launchCookies=[android.os.BinderProxy@a4fa4f1] positionInParent=Point(0, 0) parentTaskId=-1 isFocused=true isVisible=true isVisibleRequested=true isTopActivityNoDisplay=false isSleeping=false locusId=null displayAreaFeatureId=1 isTopActivityTransparent=true isActivityStackTransparent=false lastNonFullscreenBounds=Rect(242, 640 - 718, 1600) capturedLink=null capturedLinkTimestamp=0 requestedVisibleTypes=-9 topActivityRequestOpenInBrowserEducationTimestamp=0 appCompatTaskInfo=AppCompatTaskInfo { topActivityInSizeCompat=false eligibleForLetterboxEducation= false isLetterboxEducationEnabled= false isLetterboxDoubleTapEnabled= false eligibleForUserAspectRatioButton= false topActivityBoundsLetterboxed= false isFromLetterboxDoubleTap= false topActivityLetterboxVerticalPosition= -1 topActivityLetterboxHorizontalPosition= -1 topActivityLetterboxWidth=-1 topActivityLetterboxHeight=-1 topActivityAppBounds=Rect(0, 0 - 960, 2142) isUserFullscreenOverrideEnabled=false isSystemFullscreenOverrideEnabled=false hasMinAspectRatioOverride=false topActivityLetterboxBounds=null cameraCompatTaskInfo=CameraCompatTaskInfo { freeformCameraCompatMode=inactiveundefined} topNonResizableActivityAspectRatio=-1.0} topActivityMainWindowFrame=null isAppBubble=false}, pipChange = null, remoteTransition = null, displayChange = null, flags = 0, debugId = 3243 }
08-31 16:25:21.365  2202  2228 D ShellSplitScreen: logExit: no-op, mLoggerSessionId is null
08-31 16:25:21.370  1449  2131 D BackgroundInstallControlService: Package event received: 0
08-31 16:25:21.370  1449  1528 I DisplayDeviceRepository: Display device changed render timings: "Built-in Screen", renderFrameRate=120.00002, presentationDeadlineNanos=11499999, appVsyncOffsetNanos=6233332, frameRateOverrides=[{uid=10244 frameRateHz=120.00002}, {uid=10247 frameRateHz=120.00002}, {uid=10533 frameRateHz=120.00002}]
08-31 16:25:21.373  1449  2131 D BackgroundInstallControlService: Package event received: 0
08-31 16:25:21.373  1449  2131 D BackgroundInstallControlService: Package event received: 0
08-31 16:25:21.374  1449  2131 D BackgroundInstallControlService: Package event received: 0
08-31 16:25:21.374  1449  2131 D BackgroundInstallControlService: Package event received: 0
08-31 16:25:21.375  1449  2131 D BackgroundInstallControlService: Package event received: 0
08-31 16:25:21.375  1449  1976 V WindowManager: DesktopModeLaunchParamsModifier: phase= 0 task=null activity=null display-area-from-source=DefaultTaskDisplayArea@14500306 display-id=0 task-display-area-windowing-mode=1 suggested-display-area=DefaultTaskDisplayArea@14500306 task null, skipping
08-31 16:25:21.375  1449  1976 V WindowManager: TaskLaunchParamsModifier:phase=0 task=null activity=null display-area-from-source=DefaultTaskDisplayArea@14500306 display-id=0 task-display-area-windowing-mode=1 suggested-display-area=DefaultTaskDisplayArea@14500306
08-31 16:25:21.376  1449  1976 V WindowManager: DesktopModeLaunchParamsModifier: phase= 0 task=null activity=ActivityRecord{250813483 u0 com.google.android.gms/.auth.api.signin.ui.SignInActivity display-area-from-source=DefaultTaskDisplayArea@14500306 display-id=0 task-display-area-windowing-mode=1 suggested-display-area=DefaultTaskDisplayArea@14500306 task null, skipping
08-31 16:25:21.376  1449  1976 V WindowManager: TaskLaunchParamsModifier:phase=0 task=null activity=ActivityRecord{250813483 u0 com.google.android.gms/.auth.api.signin.ui.SignInActivity t-1} display-area-from-source=DefaultTaskDisplayArea@14500306 display-id=0 task-display-area-windowing-mode=1 suggested-display-area=DefaultTaskDisplayArea@14500306
08-31 16:25:21.376  1449  1976 V WindowManager: DesktopModeLaunchParamsModifier: phase= 3 task=Task{af03f7d #4703 type=standard I=com.reathm.motivate/.MainActivity} activity=ActivityRecord{250813483 u0 com.google.android.gms/.auth.api.signin.ui.SignInActivity t-1} display-area-from-source=DefaultTaskDisplayArea@14500306 display-id=0 task-display-area-windowing-mode=1 suggested-display-area=DefaultTaskDisplayArea@14500306 not entering desktop mode, skipping
08-31 16:25:21.376  1449  1976 V WindowManager: TaskLaunchParamsModifier:phase=3 task=Task{af03f7d #4703 type=standard I=com.reathm.motivate/.MainActivity} activity=ActivityRecord{250813483 u0 com.google.android.gms/.auth.api.signin.ui.SignInActivity t-1} display-area-from-source=DefaultTaskDisplayArea@14500306 display-id=0 task-display-area-windowing-mode=1 suggested-display-area=DefaultTaskDisplayArea@14500306 inherit-from-source=fullscreen non-freeform-task-display-area display-area=DefaultTaskDisplayArea@14500306 default-portrait freeform-size-mismatch=Rect(242, 640 - 718, 1600)
08-31 16:25:21.376  1449  1976 V WindowManager: DesktopModeLaunchParamsModifier: phase= 3 task=Task{af03f7d #4703 type=standard I=com.reathm.motivate/.MainActivity} activity=ActivityRecord{250813483 u0 com.google.android.gms/.auth.api.signin.ui.SignInActivity t-1} display-area-from-source=DefaultTaskDisplayArea@14500306 display-id=0 task-display-area-windowing-mode=1 suggested-display-area=DefaultTaskDisplayArea@14500306 not entering desktop mode, skipping
08-31 16:25:21.376  1449  1976 V WindowManager: TaskLaunchParamsModifier:phase=3 task=Task{af03f7d #4703 type=standard I=com.reathm.motivate/.MainActivity} activity=ActivityRecord{250813483 u0 com.google.android.gms/.auth.api.signin.ui.SignInActivity t-1} display-area-from-source=DefaultTaskDisplayArea@14500306 display-id=0 task-display-area-windowing-mode=1 suggested-display-area=DefaultTaskDisplayArea@14500306 inherit-from-source=fullscreen non-freeform-task-display-area display-area=DefaultTaskDisplayArea@14500306 default-portrait freeform-size-mismatch=Rect(242, 640 - 718, 1600)
08-31 16:25:21.376 25236 25236 D BoundBrokerSvc: onBind: Intent { act=com.google.android.gms.measurement.START xflg=0x4 pkg=com.google.android.gms }
08-31 16:25:21.376 25236 25236 D BoundBrokerSvc: Loading bound service for intent: Intent { act=com.google.android.gms.measurement.START xflg=0x4 pkg=com.google.android.gms }
08-31 16:25:21.376  1449  1976 W OptProp : Cannot read opt property android.window.PROPERTY_COMPAT_ALLOW_MIN_ASPECT_RATIO_OVERRIDE
08-31 16:25:21.376  1449  1976 W OptProp : Cannot read opt property android.window.PROPERTY_COMPAT_ALLOW_ORIENTATION_OVERRIDE
08-31 16:25:21.376  1449  1976 W OptProp : Cannot read opt property android.window.PROPERTY_COMPAT_ALLOW_RESIZEABLE_ACTIVITY_OVERRIDES
08-31 16:25:21.378  1449  1976 I ActivityTaskManager: START u0 {act=com.google.android.gms.auth.GOOGLE_SIGN_IN xflg=0x4 pkg=com.google.android.gms cmp=com.google.android.gms/.auth.api.signin.ui.SignInActivity (has extras)} with LAUNCH_MULTIPLE from uid 10533 (com.reathm.motivate) (rr=188119920) (BAL_ALLOW_VISIBLE_WINDOW) result code=0
08-31 16:25:21.379 18308 18308 I ContentCaptureHelper: Setting logging level to OFF
08-31 16:25:21.383  1449  2131 D BackgroundInstallControlService: Package event received: 0
08-31 16:25:21.384  1449  1502 D ActivityManager: quick sync unfreeze 13833 for 1
08-31 16:25:21.385  1449  1528 D ActivityManager: sync unfroze 13833 com.google.android.gms.ui for 1
08-31 16:25:21.386 18308 18308 D WindowOnBackDispatcher: setTopOnBackInvokedCallback (unwrapped): android.app.Activity$$ExternalSyntheticLambda0@d007b64
08-31 16:25:21.386  1449  2131 D BackgroundInstallControlService: Package event received: 0
08-31 16:25:21.387  1449  2131 D BackgroundInstallControlService: Package event received: 0
08-31 16:25:21.387  1449  2131 D BackgroundInstallControlService: Package event received: 0
08-31 16:25:21.387  1449  7838 D CoreBackPreview: Window{2855007 u0 com.reathm.motivate/com.google.android.gms.auth.api.signin.internal.SignInHubActivity}: Setting back callback OnBackInvokedCallbackInfo{mCallback=android.window.IOnBackInvokedCallback$Stub$Proxy@2ad381e, mPriority=-1, mIsAnimationCallback=false, mOverrideBehavior=0}
08-31 16:25:21.388  2360  5800 D UidImportanceSource: onUidImportanceBlock: uid=10164 importance=100
08-31 16:25:21.388  2360  5800 D UidImportanceSource: onUidImportanceBlock: packages=[com.google.android.gsf, com.google.android.gms] importance=100
08-31 16:25:21.389  1449  2117 I MR2ServiceImpl: Updating composite discovery preference | preference: RouteDiscoveryRequest{ preferredFeatures={}, activeScan=false }, active routers: []
08-31 16:25:21.397  1449  1538 D ActivityManager: sync unfroze 7513 com.google.android.gms.unstable for 3
08-31 16:25:21.398 13833 13833 W GmsActivityProxy: Error binding root VE for SignInActivity [CONTEXT service_id=264 ]
08-31 16:25:21.398 13833 13833 W GmsActivityProxy: java.lang.IllegalStateException: com.google.android.gms.auth.api.signin.ui.SignInChimeraActivity is missing a @GmsCoreVeId annotation.
08-31 16:25:21.398 13833 13833 W GmsActivityProxy: 	at avya.onCreate(:com.google.android.gms@253532035@25.35.32 (260400-800931275):21)
08-31 16:25:21.398 13833 13833 W GmsActivityProxy: 	at android.app.Activity.performCreate(Activity.java:9244)
08-31 16:25:21.398 13833 13833 W GmsActivityProxy: 	at android.app.Activity.performCreate(Activity.java:9222)
08-31 16:25:21.398 13833 13833 W GmsActivityProxy: 	at android.app.Instrumentation.callActivityOnCreate(Instrumentation.java:1524)
08-31 16:25:21.398 13833 13833 W GmsActivityProxy: 	at android.app.ActivityThread.performLaunchActivity(ActivityThread.java:4302)
08-31 16:25:21.398 13833 13833 W GmsActivityProxy: 	at android.app.ActivityThread.handleLaunchActivity(ActivityThread.java:4504)
08-31 16:25:21.398 13833 13833 W GmsActivityProxy: 	at android.app.servertransaction.LaunchActivityItem.execute(LaunchActivityItem.java:222)
08-31 16:25:21.398 13833 13833 W GmsActivityProxy: 	at android.app.servertransaction.TransactionExecutor.executeNonLifecycleItem(TransactionExecutor.java:133)
08-31 16:25:21.398 13833 13833 W GmsActivityProxy: 	at android.app.servertransaction.TransactionExecutor.executeTransactionItems(TransactionExecutor.java:103)
08-31 16:25:21.398 13833 13833 W GmsActivityProxy: 	at android.app.servertransaction.TransactionExecutor.execute(TransactionExecutor.java:80)
08-31 16:25:21.398 13833 13833 W GmsActivityProxy: 	at android.app.ActivityThread$H.handleMessage(ActivityThread.java:2830)
08-31 16:25:21.398 13833 13833 W GmsActivityProxy: 	at android.os.Handler.dispatchMessage(Handler.java:110)
08-31 16:25:21.398 13833 13833 W GmsActivityProxy: 	at android.os.Looper.dispatchMessage(Looper.java:315)
08-31 16:25:21.398 13833 13833 W GmsActivityProxy: 	at android.os.Looper.loopOnce(Looper.java:251)
08-31 16:25:21.398 13833 13833 W GmsActivityProxy: 	at android.os.Looper.loop(Looper.java:349)
08-31 16:25:21.398 13833 13833 W GmsActivityProxy: 	at android.app.ActivityThread.main(ActivityThread.java:9041)
08-31 16:25:21.398 13833 13833 W GmsActivityProxy: 	at java.lang.reflect.Method.invoke(Native Method)
08-31 16:25:21.398 13833 13833 W GmsActivityProxy: 	at com.android.internal.os.RuntimeInit$MethodAndArgsCaller.run(RuntimeInit.java:593)
08-31 16:25:21.398 13833 13833 W GmsActivityProxy: 	at com.android.internal.os.ZygoteInit.main(ZygoteInit.java:929)
08-31 16:25:21.399  1449  1538 D ActivityManager: sync unfroze 22188 com.google.android.gms.learning for 3
08-31 16:25:21.400 13833 13833 I ContentCaptureHelper: Setting logging level to OFF
08-31 16:25:21.400 25236 19615 D AdvertisingIdClient: AdvertisingIdClient already created.
08-31 16:25:21.400 25236 19615 D AdvertisingIdClient: AdvertisingIdClient is not bounded. Starting to bind it...
08-31 16:25:21.401  1449  1538 D ActivityManager: sync unfroze 25373 com.google.android.gms:snet for 3
08-31 16:25:21.404 13833 13833 D WindowOnBackDispatcher: setTopOnBackInvokedCallback (unwrapped): android.app.Activity$$ExternalSyntheticLambda0@8d1a694
08-31 16:25:21.404  1449  7838 D CoreBackPreview: Window{758dd15 u0 com.google.android.gms/com.google.android.gms.auth.api.signin.ui.SignInActivity}: Setting back callback OnBackInvokedCallbackInfo{mCallback=android.window.IOnBackInvokedCallback$Stub$Proxy@f708364, mPriority=-1, mIsAnimationCallback=false, mOverrideBehavior=0}
08-31 16:25:21.408  1449  1528 W ProcessStats: Tracking association SourceState{6721a99 com.google.android.googlequicksearchbox:googleapp/10172 BFgs #3565409} whose proc state 4 is better than process ProcessState{c2c3495 com.google.android.webview:sandboxed_process0:org.chromium.content.app.SandboxedProcessService0:2/10172 pkg=com.google.android.googlequicksearchbox} proc state 15 (63 skipped)
08-31 16:25:21.409  1449  1524 I ActivityTaskManager: Displayed com.google.android.gms/.auth.api.signin.ui.SignInActivity for user 0: +50ms
08-31 16:25:21.409  1449  1524 V WindowManager: Sent Transition (#3243) createdAt=08-31 16:25:21.360 via request=TransitionRequestInfo { type = OPEN, triggerTask = TaskInfo{userId=0 taskId=4703 effectiveUid=10533 displayId=0 isRunning=true baseIntent=Intent { act=android.intent.action.MAIN cat=[android.intent.category.LAUNCHER] flg=0x10200000 cmp=com.reathm.motivate/.MainActivity } baseActivity=ComponentInfo{com.reathm.motivate/com.reathm.motivate.MainActivity} topActivity=ComponentInfo{com.reathm.motivate/com.google.android.gms.auth.api.signin.internal.SignInHubActivity} origActivity=null realActivity=ComponentInfo{com.reathm.motivate/com.reathm.motivate.MainActivity} numActivities=2 lastActiveTime=543646589 supportsMultiWindow=true resizeMode=1 isResizeable=true minWidth=-1 minHeight=-1 defaultMinSize=220 token=WCT{RemoteToken{75081f7 Task{af03f7d #4703 type=standard I=com.reathm.motivate/.MainActivity}}} topActivityType=1 pictureInPictureParams=null shouldDockBigOverlays=false launchIntoPipHostTaskId=-1 lastParentTaskIdBeforePip=-1 displayCutoutSafeInsets=Rect(0, 0 - 0, 0) topActivityInfo=ActivityInfo{39a0c0b com.google.android.gms.auth.api.signin.internal.SignInHubActivity} launchCookies=[android.os.BinderProxy@e5dfacd] positionInParent=Point(0, 0) parentTaskId=-1 isFocused=true isVisible=true isVisibleRequested=true isTopActivityNoDisplay=false isSleeping=false locusId=null displayAreaFeatureId=1 isTopActivityTransparent=true isActivityStackTransparent=false lastNonFullscreenBounds=Rect(242, 640 - 718, 1600) capturedLink=null capturedLinkTimestamp=0 requestedVisibleTypes=-9 topActivityRequestOpenInBrowserEducationTimestamp=0 appCompatTaskInfo=AppCompatTaskInfo { topActivityInSizeCompat=false eligibleForLetterboxEducation= false isLetterboxEducationEnabled= false isLetterboxDoubleTapEnabled= false eligibleForUserAspectRatioButton= false topActivityBoundsLetterboxed= false isFromLetterboxDoubleTap= false topActivityLetterboxVerticalPosition= -1 topActivityLetterboxHorizontalPosition= -1 topActivityLetterboxWidth=-1 topActivityLetterboxHeight=-1 topActivityAppBounds=Rect(0, 0 - 960, 2142) isUserFullscreenOverrideEnabled=false isSystemFullscreenOverrideEnabled=false hasMinAspectRatioOverride=false topActivityLetterboxBounds=null cameraCompatTaskInfo=CameraCompatTaskInfo { freeformCameraCompatMode=inactiveundefined} topNonResizableActivityAspectRatio=-1.0} topActivityMainWindowFrame=null isAppBubble=false}, pipChange = null, remoteTransition = null, displayChange = null, flags = 0, debugId = 3243 }
08-31 16:25:21.409  1449  1524 V WindowManager:     startWCT=WindowContainerTransaction { changes= {} hops= [] errorCallbackToken=null taskFragmentOrganizer=null }
08-31 16:25:21.409  1449  1524 V WindowManager:     info={id=3243 t=OPEN f=0x0 trk=0 r=[0@Point(0, 0)] c=[
08-31 16:25:21.409  1449  1524 V WindowManager:         {m=OPEN f=TRANSLUCENT|FILLS_TASK leash=Surface(name=ActivityRecord{250813483 u0 com.google.android.gms/.auth.api.signin.ui.SignInActivity t4703})/@0x925e4ce sb=Rect(0, 0 - 0, 0) eb=Rect(0, 0 - 960, 2142) epz=Point(960, 2142) d=-1->0 r=-1->0:-1 bc=fffafafa activity=ActivityTransitionInfo { component = ComponentInfo{com.google.android.gms/com.google.android.gms.auth.api.signin.ui.SignInActivity}, taskId = 4703, appCompatTransitionInfo = null }},
08-31 16:25:21.409  1449  1524 V WindowManager:         {m=OPEN f=TRANSLUCENT|FILLS_TASK leash=Surface(name=ActivityRecord{188119920 u0 com.reathm.motivate/com.google.android.gms.auth.api.signin.internal.SignInHubActivity t4703})/@0xe5205c9 sb=Rect(0, 0 - 0, 0) eb=Rect(0, 0 - 960, 2142) epz=Point(960, 2142) d=-1->0 r=-1->0:-1 bc=fffafafa activity=ActivityTransitionInfo { component = ComponentInfo{com.reathm.motivate/com.google.android.gms.auth.api.signin.internal.SignInHubActivity}, taskId = 4703, appCompatTransitionInfo = null }}
08-31 16:25:21.409  1449  1524 V WindowManager:     ]}
08-31 16:25:21.411  2202  2361 V WindowManagerShell: onTransitionReady(transaction=6223407856622)
08-31 16:25:21.412  2202  2228 V WindowManagerShell: onTransitionReady (#3243) android.os.BinderProxy@92c2c34: {id=3243 t=OPEN f=0x0 trk=0 r=[0@Point(0, 0)] c=[
08-31 16:25:21.412  2202  2228 V WindowManagerShell:         {m=OPEN f=TRANSLUCENT|FILLS_TASK leash=Surface(name=ActivityRecord{250813483 u0 com.google.android.gms/.auth.api.signin.ui.SignInActivity t4703})/@0xa797fd2 sb=Rect(0, 0 - 0, 0) eb=Rect(0, 0 - 960, 2142) epz=Point(960, 2142) d=-1->0 r=-1->0:-1 bc=fffafafa activity=ActivityTransitionInfo { component = ComponentInfo{com.google.android.gms/com.google.android.gms.auth.api.signin.ui.SignInActivity}, taskId = 4703, appCompatTransitionInfo = null }},
08-31 16:25:21.412  2202  2228 V WindowManagerShell:         {m=OPEN f=TRANSLUCENT|FILLS_TASK leash=Surface(name=ActivityRecord{188119920 u0 com.reathm.motivate/com.google.android.gms.auth.api.signin.internal.SignInHubActivity t4703})/@0x91998a3 sb=Rect(0, 0 - 0, 0) eb=Rect(0, 0 - 960, 2142) epz=Point(960, 2142) d=-1->0 r=-1->0:-1 bc=fffafafa activity=ActivityTransitionInfo { component = ComponentInfo{com.reathm.motivate/com.google.android.gms.auth.api.signin.internal.SignInHubActivity}, taskId = 4703, appCompatTransitionInfo = null }}
08-31 16:25:21.412  2202  2228 V WindowManagerShell:     ]}
08-31 16:25:21.412  2202  2228 V WindowManagerShell: Playing animation for (#3243) android.os.BinderProxy@92c2c34@0
08-31 16:25:21.412  2202  2228 V ShellRecents: RecentsTransitionHandler.startAnimation: no controller found
08-31 16:25:21.412  2202  2228 V WindowManagerShell: Transition doesn't have explicit remote, search filters for match for {id=3243 t=OPEN f=0x0 trk=0 r=[0@Point(0, 0)] c=[{m=OPEN f=TRANSLUCENT|FILLS_TASK leash=Surface(name=ActivityRecord{250813483 u0 com.google.android.gms/.auth.api.signin.ui.SignInActivity t4703})/@0xa797fd2 sb=Rect(0, 0 - 0, 0) eb=Rect(0, 0 - 960, 2142) epz=Point(960, 2142) d=-1->0 r=-1->0:-1 bc=fffafafa activity=ActivityTransitionInfo { component = ComponentInfo{com.google.android.gms/com.google.android.gms.auth.api.signin.ui.SignInActivity}, taskId = 4703, appCompatTransitionInfo = null }},{m=OPEN f=TRANSLUCENT|FILLS_TASK leash=Surface(name=ActivityRecord{188119920 u0 com.reathm.motivate/com.google.android.gms.auth.api.signin.internal.SignInHubActivity t4703})/@0x91998a3 sb=Rect(0, 0 - 0, 0) eb=Rect(0, 0 - 960, 2142) epz=Point(960, 2142) d=-1->0 r=-1->0:-1 bc=fffafafa activity=ActivityTransitionInfo { component = ComponentInfo{com.reathm.motivate/com.google.android.gms.auth.api.signin.internal.SignInHubActivity}, taskId = 4703, appCompatTransitionInfo = null }}]}
08-31 16:25:21.412  2202  2228 V WindowManagerShell:  Checking filter Pair{{types=[] flags=0x0] notFlags=0x0 checks=[{atype=dream independent=true modes=[OPEN,TO_FRONT] flags=NONE mustBeTask=false order=ANY topActivity=null launchCookie=null windowingMode=undefined},{atype=home independent=true modes=[CLOSE,TO_BACK] flags=NONE mustBeTask=false order=ANY topActivity=null launchCookie=null windowingMode=undefined}]} RemoteTransition { remoteTransition = android.window.IRemoteTransition$Stub$Proxy@1e958bc, appThread = android.app.IApplicationThread$Stub$Proxy@6cc4045, debugName = LauncherToDream }}
08-31 16:25:21.412  2202  2228 V WindowManagerShell:  Checking filter Pair{{types=[] flags=0x0] notFlags=0x100 checks=[{atype=home independent=true modes=[OPEN,TO_FRONT] flags=NONE mustBeTask=false order=TOP topActivity=ComponentInfo{com.google.android.apps.nexuslauncher/com.google.android.apps.nexuslauncher.NexusLauncherActivity} launchCookie=null windowingMode=undefined},{atype=standard independent=true modes=[CLOSE,TO_BACK] flags=NONE mustBeTask=false order=ANY topActivity=null launchCookie=null windowingMode=undefined},{NOT atype=undefined independent=true modes=[] flags=NONE mustBeTask=true order=ANY topActivity=null launchCookie=null customAnim=true windowingMode=undefined}]} RemoteTransition { remoteTransition = android.window.IRemoteTransition$Stub$Proxy@aea939a, appThread = android.app.IApplicationThread$Stub$Proxy@1f5f4cb, debugName = QuickstepLaunchHome }}
08-31 16:25:21.412  2202  2228 V WindowManagerShell:  Delegate animation for (#3243) to null
08-31 16:25:21.412  2202  2228 V WindowManagerShell: start default transition animation, info = {id=3243 t=OPEN f=0x0 trk=0 r=[0@Point(0, 0)] c=[{m=OPEN f=TRANSLUCENT|FILLS_TASK leash=Surface(name=ActivityRecord{250813483 u0 com.google.android.gms/.auth.api.signin.ui.SignInActivity t4703})/@0xa797fd2 sb=Rect(0, 0 - 0, 0) eb=Rect(0, 0 - 960, 2142) epz=Point(960, 2142) d=-1->0 r=-1->0:-1 bc=fffafafa activity=ActivityTransitionInfo { component = ComponentInfo{com.google.android.gms/com.google.android.gms.auth.api.signin.ui.SignInActivity}, taskId = 4703, appCompatTransitionInfo = null }},{m=OPEN f=TRANSLUCENT|FILLS_TASK leash=Surface(name=ActivityRecord{188119920 u0 com.reathm.motivate/com.google.android.gms.auth.api.signin.internal.SignInHubActivity t4703})/@0x91998a3 sb=Rect(0, 0 - 0, 0) eb=Rect(0, 0 - 960, 2142) epz=Point(960, 2142) d=-1->0 r=-1->0:-1 bc=fffafafa activity=ActivityTransitionInfo { component = ComponentInfo{com.reathm.motivate/com.google.android.gms.auth.api.signin.internal.SignInHubActivity}, taskId = 4703, appCompatTransitionInfo = null }}]}
08-31 16:25:21.412  2202  2228 V WindowManagerShell: loadAnimation: anim=null animAttr=0x4 type=OPEN isEntrance=true
08-31 16:25:21.412  2202  2228 V WindowManagerShell: loadAnimation: anim=null animAttr=0x4 type=OPEN isEntrance=true
08-31 16:25:21.413  2202  2228 V WindowManagerShell: Transition animation finished (aborted=false), notifying core (#3243) android.os.BinderProxy@92c2c34@0
08-31 16:25:21.415 25236 19615 D AdvertisingIdClient: AdvertisingIdClient is bounded
08-31 16:25:21.415  1449  1524 V WindowManager: Finish Transition (#3243): created at 08-31 16:25:21.360 collect-started=0.069ms request-sent=4.304ms started=7.561ms ready=24.94ms sent=48.162ms finished=54.98ms
08-31 16:25:21.416 25236 19615 I AdvertisingIdClient: shouldSendLog 542734358
08-31 16:25:21.416 25236 19615 I AdvertisingIdClient: GetInfoInternal elapse 15ms
08-31 16:25:21.416  2202  2228 V WindowManagerShell: Track 0 became idle
08-31 16:25:21.416  2202  2228 V WindowManagerShell: All active transition animations finished
08-31 16:25:21.416  2202  2228 V WindowManagerShell:  animated by com.android.wm.shell.transition.DefaultTransitionHandler@aa65c5
08-31 16:25:21.416  2202  2228 V WindowManagerShell: Track 0 became idle
08-31 16:25:21.416  2202  2228 V WindowManagerShell: All active transition animations finished
08-31 16:25:21.421  1449  1528 I DisplayDeviceRepository: Display device changed render timings: "Built-in Screen", renderFrameRate=120.00002, presentationDeadlineNanos=11499999, appVsyncOffsetNanos=6233332, frameRateOverrides=[{uid=10244 frameRateHz=60.00001}]
08-31 16:25:21.423  1449  7838 V WindowManager: DesktopModeLaunchParamsModifier: phase= 0 task=null activity=null display-area-from-source=DefaultTaskDisplayArea@14500306 display-id=0 task-display-area-windowing-mode=1 suggested-display-area=DefaultTaskDisplayArea@14500306 task null, skipping
08-31 16:25:21.423  1449  7838 V WindowManager: TaskLaunchParamsModifier:phase=0 task=null activity=null display-area-from-source=DefaultTaskDisplayArea@14500306 display-id=0 task-display-area-windowing-mode=1 suggested-display-area=DefaultTaskDisplayArea@14500306
08-31 16:25:21.424  1449  7838 V WindowManager: DesktopModeLaunchParamsModifier: phase= 0 task=null activity=ActivityRecord{165556274 u0 com.google.android.gms/.common.api.GoogleApiActivity display-area-from-source=DefaultTaskDisplayArea@14500306 display-id=0 task-display-area-windowing-mode=1 suggested-display-area=DefaultTaskDisplayArea@14500306 task null, skipping
08-31 16:25:21.424  1449  7838 V WindowManager: TaskLaunchParamsModifier:phase=0 task=null activity=ActivityRecord{165556274 u0 com.google.android.gms/.common.api.GoogleApiActivity t-1} display-area-from-source=DefaultTaskDisplayArea@14500306 display-id=0 task-display-area-windowing-mode=1 suggested-display-area=DefaultTaskDisplayArea@14500306
08-31 16:25:21.424  1449  7838 V WindowManager: DesktopModeLaunchParamsModifier: phase= 3 task=Task{af03f7d #4703 type=standard I=com.reathm.motivate/.MainActivity} activity=ActivityRecord{165556274 u0 com.google.android.gms/.common.api.GoogleApiActivity t-1} display-area-from-source=DefaultTaskDisplayArea@14500306 display-id=0 task-display-area-windowing-mode=1 suggested-display-area=DefaultTaskDisplayArea@14500306 not entering desktop mode, skipping
08-31 16:25:21.424  1449  7838 V WindowManager: TaskLaunchParamsModifier:phase=3 task=Task{af03f7d #4703 type=standard I=com.reathm.motivate/.MainActivity} activity=ActivityRecord{165556274 u0 com.google.android.gms/.common.api.GoogleApiActivity t-1} display-area-from-source=DefaultTaskDisplayArea@14500306 display-id=0 task-display-area-windowing-mode=1 suggested-display-area=DefaultTaskDisplayArea@14500306 inherit-from-source=fullscreen non-freeform-task-display-area display-area=DefaultTaskDisplayArea@14500306 default-portrait freeform-size-mismatch=Rect(242, 640 - 718, 1600)
08-31 16:25:21.424  1449  7838 V WindowManager: DesktopModeLaunchParamsModifier: phase= 3 task=Task{af03f7d #4703 type=standard I=com.reathm.motivate/.MainActivity} activity=ActivityRecord{165556274 u0 com.google.android.gms/.common.api.GoogleApiActivity t-1} display-area-from-source=DefaultTaskDisplayArea@14500306 display-id=0 task-display-area-windowing-mode=1 suggested-display-area=DefaultTaskDisplayArea@14500306 not entering desktop mode, skipping
08-31 16:25:21.424  1449  7838 V WindowManager: TaskLaunchParamsModifier:phase=3 task=Task{af03f7d #4703 type=standard I=com.reathm.motivate/.MainActivity} activity=ActivityRecord{165556274 u0 com.google.android.gms/.common.api.GoogleApiActivity t-1} display-area-from-source=DefaultTaskDisplayArea@14500306 display-id=0 task-display-area-windowing-mode=1 suggested-display-area=DefaultTaskDisplayArea@14500306 inherit-from-source=fullscreen non-freeform-task-display-area display-area=DefaultTaskDisplayArea@14500306 default-portrait freeform-size-mismatch=Rect(242, 640 - 718, 1600)
08-31 16:25:21.424  1449  7838 W OptProp : Cannot read opt property android.window.PROPERTY_COMPAT_ALLOW_MIN_ASPECT_RATIO_OVERRIDE
08-31 16:25:21.425  1449  7838 W OptProp : Cannot read opt property android.window.PROPERTY_COMPAT_ALLOW_ORIENTATION_OVERRIDE
08-31 16:25:21.425  1449  7838 W OptProp : Cannot read opt property android.window.PROPERTY_COMPAT_ALLOW_RESIZEABLE_ACTIVITY_OVERRIDES
08-31 16:25:21.426 25343 25343 D BoundBrokerSvc: onRebind: Intent { act=com.google.android.gms.presencemanager.service.START dat=chimera-action:/... xflg=0x4 cmp=com.google.android.gms/.chimera.PersistentApiService }
08-31 16:25:21.426  1449  7838 I ActivityTaskManager: START u0 {xflg=0x4 cmp=com.google.android.gms/.common.api.GoogleApiActivity (has extras)} with LAUNCH_MULTIPLE from uid 10164 (com.google.android.gms) (rr=250813483) (BAL_ALLOW_VISIBLE_WINDOW) result code=0
