08-31 16:25:31.125   512   643 D hwc-display: setMinIdleRefreshRate requester = BRIGHTNESS, brightness = 45.906918 nits, vote minimum refresh rate to 1
08-31 16:25:31.125   512   643 I hwc-display: ExynosPrimaryDisplay: onProximitySensorStateChanged: 0
08-31 16:25:31.125   512   643 D hwc-display: Single TE mode votes: [
08-31 16:25:31.125   512   643 D hwc-display: Voter name : PIXEL_DISP single TE mode ? false
08-31 16:25:31.125   512   643 D hwc-display: Voter name : TEST single TE mode ? false
08-31 16:25:31.125   512   643 D hwc-display: Voter name : LHBM single TE mode ? false
08-31 16:25:31.125   512   643 D hwc-display: Voter name : BRIGHTNESS single TE mode ? false
08-31 16:25:31.125   512   643 D hwc-display: ]
08-31 16:25:31.133   512   643 I hwc-display: path=drm, id=0, level=727, nits=45.708458, brightness=0.021356, DimmingOn=0, Hbm=0, LhbmOn=0, OpRate=120
08-31 16:25:31.133   512   643 D hwc-display: setMinIdleRefreshRate requester = BRIGHTNESS, brightness = 45.765617 nits, vote minimum refresh rate to 1
08-31 16:25:31.133   512   643 I hwc-display: ExynosPrimaryDisplay: onProximitySensorStateChanged: 0
08-31 16:25:31.133   512   643 D hwc-display: Single TE mode votes: [
08-31 16:25:31.133   512   643 D hwc-display: Voter name : PIXEL_DISP single TE mode ? false
08-31 16:25:31.133   512   643 D hwc-display: Voter name : TEST single TE mode ? false
08-31 16:25:31.133   512   643 D hwc-display: Voter name : LHBM single TE mode ? false
08-31 16:25:31.133   512   643 D hwc-display: Voter name : BRIGHTNESS single TE mode ? false
08-31 16:25:31.133   512   643 D hwc-display: ]
08-31 16:25:31.141   512   643 I hwc-display: path=drm, id=0, level=726, nits=45.564827, brightness=0.021286, DimmingOn=0, Hbm=0, LhbmOn=0, OpRate=120
08-31 16:25:31.141   512   643 D hwc-display: setMinIdleRefreshRate requester = BRIGHTNESS, brightness = 45.624325 nits, vote minimum refresh rate to 1
08-31 16:25:31.141   512   643 I hwc-display: ExynosPrimaryDisplay: onProximitySensorStateChanged: 0
08-31 16:25:31.141   512   643 D hwc-display: Single TE mode votes: [
08-31 16:25:31.141   512   643 D hwc-display: Voter name : PIXEL_DISP single TE mode ? false
08-31 16:25:31.141   512   643 D hwc-display: Voter name : TEST single TE mode ? false
08-31 16:25:31.141   512   643 D hwc-display: Voter name : LHBM single TE mode ? false
08-31 16:25:31.141   512   643 D hwc-display: Voter name : BRIGHTNESS single TE mode ? false
08-31 16:25:31.141   512   643 D hwc-display: ]
08-31 16:25:31.149   512   643 I hwc-display: path=drm, id=0, level=725, nits=45.421200, brightness=0.021215, DimmingOn=0, Hbm=0, LhbmOn=0, OpRate=120
08-31 16:25:31.150   512   643 D hwc-display: setMinIdleRefreshRate requester = BRIGHTNESS, brightness = 45.483025 nits, vote minimum refresh rate to 1
08-31 16:25:31.150   512   643 I hwc-display: ExynosPrimaryDisplay: onProximitySensorStateChanged: 0
08-31 16:25:31.150   512   643 D hwc-display: Single TE mode votes: [
08-31 16:25:31.150   512   643 D hwc-display: Voter name : PIXEL_DISP single TE mode ? false
08-31 16:25:31.150   512   643 D hwc-display: Voter name : TEST single TE mode ? false
08-31 16:25:31.150   512   643 D hwc-display: Voter name : LHBM single TE mode ? false
08-31 16:25:31.150   512   643 D hwc-display: Voter name : BRIGHTNESS single TE mode ? false
08-31 16:25:31.150   512   643 D hwc-display: ]
08-31 16:25:31.158  1229  1229 D AOC     : A3:MSG: tmd3733_device.cc, 3256: USF: TMD3733: dbv:726 luma:254 leak:0.73 rr:120 te2:120 status:1 op_hz:120 [0]
08-31 16:25:31.158   512   643 I hwc-display: path=drm, id=0, level=724, nits=45.277981, brightness=0.021145, DimmingOn=0, Hbm=0, LhbmOn=0, OpRate=120
08-31 16:25:31.158   512   643 D hwc-display: setMinIdleRefreshRate requester = BRIGHTNESS, brightness = 45.341724 nits, vote minimum refresh rate to 1
08-31 16:25:31.158   512   643 I hwc-display: ExynosPrimaryDisplay: onProximitySensorStateChanged: 0
08-31 16:25:31.158   512   643 D hwc-display: Single TE mode votes: [
08-31 16:25:31.158   512   643 D hwc-display: Voter name : PIXEL_DISP single TE mode ? false
08-31 16:25:31.158   512   643 D hwc-display: Voter name : TEST single TE mode ? false
08-31 16:25:31.158   512   643 D hwc-display: Voter name : LHBM single TE mode ? false
08-31 16:25:31.158   512   643 D hwc-display: Voter name : BRIGHTNESS single TE mode ? false
08-31 16:25:31.158   512   643 D hwc-display: ]
08-31 16:25:31.166   512   643 I hwc-display: path=drm, id=0, level=723, nits=45.135033, brightness=0.021076, DimmingOn=0, Hbm=0, LhbmOn=0, OpRate=120
08-31 16:25:31.166   512   643 D hwc-display: setMinIdleRefreshRate requester = BRIGHTNESS, brightness = 45.200428 nits, vote minimum refresh rate to 1
08-31 16:25:31.166   512   643 I hwc-display: ExynosPrimaryDisplay: onProximitySensorStateChanged: 0
08-31 16:25:31.167   512   643 D hwc-display: Single TE mode votes: [
08-31 16:25:31.167   512   643 D hwc-display: Voter name : PIXEL_DISP single TE mode ? false
08-31 16:25:31.167   512   643 D hwc-display: Voter name : TEST single TE mode ? false
08-31 16:25:31.167   512   643 D hwc-display: Voter name : LHBM single TE mode ? false
08-31 16:25:31.167   512   643 D hwc-display: Voter name : BRIGHTNESS single TE mode ? false
08-31 16:25:31.167   512   643 D hwc-display: ]
08-31 16:25:31.175   512   643 I hwc-display: path=drm, id=0, level=722, nits=44.992344, brightness=0.021006, DimmingOn=0, Hbm=0, LhbmOn=0, OpRate=120
08-31 16:25:31.175   512   643 D hwc-display: setMinIdleRefreshRate requester = BRIGHTNESS, brightness = 45.059132 nits, vote minimum refresh rate to 1
08-31 16:25:31.175   512   643 I hwc-display: ExynosPrimaryDisplay: onProximitySensorStateChanged: 0
08-31 16:25:31.175   512   643 D hwc-display: Single TE mode votes: [
08-31 16:25:31.175   512   643 D hwc-display: Voter name : PIXEL_DISP single TE mode ? false
08-31 16:25:31.175   512   643 D hwc-display: Voter name : TEST single TE mode ? false
08-31 16:25:31.175   512   643 D hwc-display: Voter name : LHBM single TE mode ? false
08-31 16:25:31.175   512   643 D hwc-display: Voter name : BRIGHTNESS single TE mode ? false
08-31 16:25:31.175   512   643 D hwc-display: ]
08-31 16:25:31.183   512   643 I hwc-display: path=drm, id=0, level=721, nits=44.849819, brightness=0.020936, DimmingOn=0, Hbm=0, LhbmOn=0, OpRate=120
08-31 16:25:31.183   512   643 D hwc-display: setMinIdleRefreshRate requester = BRIGHTNESS, brightness = 44.917831 nits, vote minimum refresh rate to 1
08-31 16:25:31.183   512   643 I hwc-display: ExynosPrimaryDisplay: onProximitySensorStateChanged: 0
08-31 16:25:31.183   512   643 D hwc-display: Single TE mode votes: [
08-31 16:25:31.183   512   643 D hwc-display: Voter name : PIXEL_DISP single TE mode ? false
08-31 16:25:31.183   512   643 D hwc-display: Voter name : TEST single TE mode ? false
08-31 16:25:31.183   512   643 D hwc-display: Voter name : LHBM single TE mode ? false
08-31 16:25:31.183   512   643 D hwc-display: Voter name : BRIGHTNESS single TE mode ? false
08-31 16:25:31.183   512   643 D hwc-display: ]
08-31 16:25:31.191   512   643 I hwc-display: path=drm, id=0, level=720, nits=44.707596, brightness=0.020867, DimmingOn=0, Hbm=0, LhbmOn=0, OpRate=120
08-31 16:25:31.191   512   643 D hwc-display: setMinIdleRefreshRate requester = BRIGHTNESS, brightness = 44.776539 nits, vote minimum refresh rate to 1
08-31 16:25:31.191   512   643 I hwc-display: ExynosPrimaryDisplay: onProximitySensorStateChanged: 0
08-31 16:25:31.191   512   643 D hwc-display: Single TE mode votes: [
08-31 16:25:31.191   512   643 D hwc-display: Voter name : PIXEL_DISP single TE mode ? false
08-31 16:25:31.191   512   643 D hwc-display: Voter name : TEST single TE mode ? false
08-31 16:25:31.191   512   643 D hwc-display: Voter name : LHBM single TE mode ? false
08-31 16:25:31.191   512   643 D hwc-display: Voter name : BRIGHTNESS single TE mode ? false
08-31 16:25:31.191   512   643 D hwc-display: ]
08-31 16:25:31.199   512   643 I hwc-display: path=drm, id=0, level=719, nits=44.565483, brightness=0.020797, DimmingOn=0, Hbm=0, LhbmOn=0, OpRate=120
08-31 16:25:31.200   512   643 D hwc-display: setMinIdleRefreshRate requester = BRIGHTNESS, brightness = 44.635239 nits, vote minimum refresh rate to 1
08-31 16:25:31.200   512   643 I hwc-display: ExynosPrimaryDisplay: onProximitySensorStateChanged: 0
08-31 16:25:31.200   512   643 D hwc-display: Single TE mode votes: [
08-31 16:25:31.200   512   643 D hwc-display: Voter name : PIXEL_DISP single TE mode ? false
08-31 16:25:31.200   512   643 D hwc-display: Voter name : TEST single TE mode ? false
08-31 16:25:31.200   512   643 D hwc-display: Voter name : LHBM single TE mode ? false
08-31 16:25:31.200   512   643 D hwc-display: Voter name : BRIGHTNESS single TE mode ? false
08-31 16:25:31.200   512   643 D hwc-display: ]
08-31 16:25:31.208   512   643 I hwc-display: path=drm, id=0, level=718, nits=44.423737, brightness=0.020728, DimmingOn=0, Hbm=0, LhbmOn=0, OpRate=120
08-31 16:25:31.208   512   643 D hwc-display: setMinIdleRefreshRate requester = BRIGHTNESS, brightness = 44.493938 nits, vote minimum refresh rate to 1
08-31 16:25:31.208   512   643 I hwc-display: ExynosPrimaryDisplay: onProximitySensorStateChanged: 0
08-31 16:25:31.208   512   643 D hwc-display: Single TE mode votes: [
08-31 16:25:31.208   512   643 D hwc-display: Voter name : PIXEL_DISP single TE mode ? false
08-31 16:25:31.208   512   643 D hwc-display: Voter name : TEST single TE mode ? false
08-31 16:25:31.208   512   643 D hwc-display: Voter name : LHBM single TE mode ? false
08-31 16:25:31.208   512   643 D hwc-display: Voter name : BRIGHTNESS single TE mode ? false
08-31 16:25:31.208   512   643 D hwc-display: ]
08-31 16:25:31.209  1229  1229 D AOC     : A3:MSG: tmd3733_device.cc, 3256: USF: TMD3733: dbv:719 luma:254 leak:0.72 rr:120 te2:120 status:1 op_hz:120 [0]
08-31 16:25:31.213   951  2188 I WifiHAL : index: 0 per_rate_size 32, data_rem_len 1152
08-31 16:25:31.213   951  2188 I WifiHAL : index: 1 per_rate_size 32, data_rem_len 1120
08-31 16:25:31.213   951  2188 I WifiHAL : index: 2 per_rate_size 32, data_rem_len 1088
08-31 16:25:31.213   951  2188 I WifiHAL : index: 3 per_rate_size 32, data_rem_len 1056
08-31 16:25:31.213   951  2188 I WifiHAL : index: 4 per_rate_size 32, data_rem_len 1024
08-31 16:25:31.213   951  2188 I WifiHAL : index: 5 per_rate_size 32, data_rem_len 992
08-31 16:25:31.213   951  2188 I WifiHAL : index: 6 per_rate_size 32, data_rem_len 960
08-31 16:25:31.213   951  2188 I WifiHAL : index: 7 per_rate_size 32, data_rem_len 928
08-31 16:25:31.213   951  2188 I WifiHAL : index: 8 per_rate_size 32, data_rem_len 896
08-31 16:25:31.213   951  2188 I WifiHAL : index: 9 per_rate_size 32, data_rem_len 864
08-31 16:25:31.213   951  2188 I WifiHAL : index: 10 per_rate_size 32, data_rem_len 832
08-31 16:25:31.213   951  2188 I WifiHAL : index: 11 per_rate_size 32, data_rem_len 800
08-31 16:25:31.213   951  2188 I WifiHAL : index: 12 per_rate_size 32, data_rem_len 768
08-31 16:25:31.213   951  2188 I WifiHAL : index: 13 per_rate_size 32, data_rem_len 736
08-31 16:25:31.213   951  2188 I WifiHAL : index: 14 per_rate_size 32, data_rem_len 704
08-31 16:25:31.213   951  2188 I WifiHAL : index: 15 per_rate_size 32, data_rem_len 672
08-31 16:25:31.213   951  2188 I WifiHAL : index: 16 per_rate_size 32, data_rem_len 640
08-31 16:25:31.213   951  2188 I WifiHAL : index: 17 per_rate_size 32, data_rem_len 608
08-31 16:25:31.213   951  2188 I WifiHAL : index: 18 per_rate_size 32, data_rem_len 576
08-31 16:25:31.213   951  2188 I WifiHAL : index: 19 per_rate_size 32, data_rem_len 544
08-31 16:25:31.213   951  2188 I WifiHAL : index: 20 per_rate_size 32, data_rem_len 512
08-31 16:25:31.213   951  2188 I WifiHAL : index: 21 per_rate_size 32, data_rem_len 480
08-31 16:25:31.213   951  2188 I WifiHAL : index: 22 per_rate_size 32, data_rem_len 448
08-31 16:25:31.213   951  2188 I WifiHAL : index: 23 per_rate_size 32, data_rem_len 416
08-31 16:25:31.213   951  2188 I WifiHAL : index: 24 per_rate_size 32, data_rem_len 384
08-31 16:25:31.213   951  2188 I WifiHAL : index: 25 per_rate_size 32, data_rem_len 352
08-31 16:25:31.213   951  2188 I WifiHAL : index: 26 per_rate_size 32, data_rem_len 320
08-31 16:25:31.213   951  2188 I WifiHAL : index: 27 per_rate_size 32, data_rem_len 288
08-31 16:25:31.213   951  2188 I WifiHAL : index: 28 per_rate_size 32, data_rem_len 256
08-31 16:25:31.213   951  2188 I WifiHAL : index: 29 per_rate_size 32, data_rem_len 224
08-31 16:25:31.213   951  2188 I WifiHAL : index: 30 per_rate_size 32, data_rem_len 192
08-31 16:25:31.213   951  2188 I WifiHAL : index: 31 per_rate_size 32, data_rem_len 160
08-31 16:25:31.213   951  2188 I WifiHAL : index: 32 per_rate_size 32, data_rem_len 128
08-31 16:25:31.213   951  2188 I WifiHAL : index: 33 per_rate_size 32, data_rem_len 96
08-31 16:25:31.213   951  2188 I WifiHAL : index: 34 per_rate_size 32, data_rem_len 64
08-31 16:25:31.214   951  2188 I WifiHAL : index: 35 per_rate_size 32, data_rem_len 32
08-31 16:25:31.215   951  2188 I WifiHAL : Getting cached scan results, iface handle = 0xb40000798ced5290
08-31 16:25:31.215   951  2188 E WifiHAL : Creating message to get cached scan results
08-31 16:25:31.216   512   643 I hwc-display: path=drm, id=0, level=717, nits=44.282242, brightness=0.020659, DimmingOn=0, Hbm=0, LhbmOn=0, OpRate=120
08-31 16:25:31.216   512   643 D hwc-display: setMinIdleRefreshRate requester = BRIGHTNESS, brightness = 44.352642 nits, vote minimum refresh rate to 1
08-31 16:25:31.216   512   643 I hwc-display: ExynosPrimaryDisplay: onProximitySensorStateChanged: 0
08-31 16:25:31.216   512   643 D hwc-display: Single TE mode votes: [
08-31 16:25:31.216   512   643 D hwc-display: Voter name : PIXEL_DISP single TE mode ? false
08-31 16:25:31.216   512   643 D hwc-display: Voter name : TEST single TE mode ? false
08-31 16:25:31.216   512   643 D hwc-display: Voter name : LHBM single TE mode ? false
08-31 16:25:31.216   512   643 D hwc-display: Voter name : BRIGHTNESS single TE mode ? false
08-31 16:25:31.216   512   643 D hwc-display: ]
08-31 16:25:31.225   512   643 I hwc-display: path=drm, id=0, level=716, nits=44.140888, brightness=0.020590, DimmingOn=0, Hbm=0, LhbmOn=0, OpRate=120
08-31 16:25:31.225   512   643 D hwc-display: setMinIdleRefreshRate requester = BRIGHTNESS, brightness = 44.211346 nits, vote minimum refresh rate to 1
08-31 16:25:31.225   512   643 I hwc-display: ExynosPrimaryDisplay: onProximitySensorStateChanged: 0
08-31 16:25:31.225   512   643 D hwc-display: Single TE mode votes: [
08-31 16:25:31.225   512   643 D hwc-display: Voter name : PIXEL_DISP single TE mode ? false
08-31 16:25:31.225   512   643 D hwc-display: Voter name : TEST single TE mode ? false
08-31 16:25:31.225   512   643 D hwc-display: Voter name : LHBM single TE mode ? false
08-31 16:25:31.225   512   643 D hwc-display: Voter name : BRIGHTNESS single TE mode ? false
08-31 16:25:31.225   512   643 D hwc-display: ]
08-31 16:25:31.227   951  2188 I WifiHAL : In GetCachedScanResultsCommand::handleResponse
08-31 16:25:31.233   512   643 I hwc-display: path=drm, id=0, level=715, nits=43.999557, brightness=0.020521, DimmingOn=0, Hbm=0, LhbmOn=0, OpRate=120
08-31 16:25:31.233   512   643 D hwc-display: setMinIdleRefreshRate requester = BRIGHTNESS, brightness = 44.070045 nits, vote minimum refresh rate to 1
08-31 16:25:31.233   512   643 I hwc-display: ExynosPrimaryDisplay: onProximitySensorStateChanged: 0
08-31 16:25:31.234   512   643 D hwc-display: Single TE mode votes: [
08-31 16:25:31.234   512   643 D hwc-display: Voter name : PIXEL_DISP single TE mode ? false
08-31 16:25:31.234   512   643 D hwc-display: Voter name : TEST single TE mode ? false
08-31 16:25:31.234   512   643 D hwc-display: Voter name : LHBM single TE mode ? false
08-31 16:25:31.234   512   643 D hwc-display: Voter name : BRIGHTNESS single TE mode ? false
08-31 16:25:31.234   512   643 D hwc-display: ]
08-31 16:25:31.241   512   643 I hwc-display: path=drm, id=0, level=713, nits=43.858795, brightness=0.020452, DimmingOn=0, Hbm=0, LhbmOn=0, OpRate=120
08-31 16:25:31.241   512   643 D hwc-display: setMinIdleRefreshRate requester = BRIGHTNESS, brightness = 43.801750 nits, vote minimum refresh rate to 1
08-31 16:25:31.241   512   643 I hwc-display: ExynosPrimaryDisplay: onProximitySensorStateChanged: 0
08-31 16:25:31.242   512   643 D hwc-display: Single TE mode votes: [
08-31 16:25:31.242   512   643 D hwc-display: Voter name : PIXEL_DISP single TE mode ? false
08-31 16:25:31.242   512   643 D hwc-display: Voter name : TEST single TE mode ? false
08-31 16:25:31.242   512   643 D hwc-display: Voter name : LHBM single TE mode ? false
08-31 16:25:31.242   512   643 D hwc-display: Voter name : BRIGHTNESS single TE mode ? false
08-31 16:25:31.242   512   643 D hwc-display: ]
08-31 16:25:31.250   512   643 I hwc-display: path=drm, id=0, level=712, nits=43.718216, brightness=0.020383, DimmingOn=0, Hbm=0, LhbmOn=0, OpRate=120
08-31 16:25:31.250   512   643 D hwc-display: setMinIdleRefreshRate requester = BRIGHTNESS, brightness = 43.674755 nits, vote minimum refresh rate to 1
08-31 16:25:31.250   512   643 I hwc-display: ExynosPrimaryDisplay: onProximitySensorStateChanged: 0
08-31 16:25:31.250   512   643 D hwc-display: Single TE mode votes: [
08-31 16:25:31.250   512   643 D hwc-display: Voter name : PIXEL_DISP single TE mode ? false
08-31 16:25:31.250   512   643 D hwc-display: Voter name : TEST single TE mode ? false
08-31 16:25:31.250   512   643 D hwc-display: Voter name : LHBM single TE mode ? false
08-31 16:25:31.250   512   643 D hwc-display: Voter name : BRIGHTNESS single TE mode ? false
08-31 16:25:31.250   512   643 D hwc-display: ]
08-31 16:25:31.258   512   643 I hwc-display: path=drm, id=0, level=711, nits=43.577927, brightness=0.020314, DimmingOn=0, Hbm=0, LhbmOn=0, OpRate=120
08-31 16:25:31.258   512   643 D hwc-display: setMinIdleRefreshRate requester = BRIGHTNESS, brightness = 43.547760 nits, vote minimum refresh rate to 1
08-31 16:25:31.258   512   643 I hwc-display: ExynosPrimaryDisplay: onProximitySensorStateChanged: 0
08-31 16:25:31.258   512   643 D hwc-display: Single TE mode votes: [
08-31 16:25:31.258   512   643 D hwc-display: Voter name : PIXEL_DISP single TE mode ? false
08-31 16:25:31.258   512   643 D hwc-display: Voter name : TEST single TE mode ? false
08-31 16:25:31.258   512   643 D hwc-display: Voter name : LHBM single TE mode ? false
08-31 16:25:31.258   512   643 D hwc-display: Voter name : BRIGHTNESS single TE mode ? false
08-31 16:25:31.258   512   643 D hwc-display: ]
08-31 16:25:31.265  1229  1229 D AOC     : A3:MSG: tmd3733_device.cc, 3256: USF: TMD3733: dbv:712 luma:254 leak:0.70 rr:120 te2:120 status:1 op_hz:120 [0]
08-31 16:25:31.266   512   512 I hwc-display: path=drm, id=0, level=710, nits=43.437847, brightness=0.020246, DimmingOn=0, Hbm=0, LhbmOn=0, OpRate=120
08-31 16:25:31.266   512   512 D hwc-display: setMinIdleRefreshRate requester = BRIGHTNESS, brightness = 43.420761 nits, vote minimum refresh rate to 1
08-31 16:25:31.266   512   512 I hwc-display: ExynosPrimaryDisplay: onProximitySensorStateChanged: 0
08-31 16:25:31.266   512   512 D hwc-display: Single TE mode votes: [
08-31 16:25:31.266   512   512 D hwc-display: Voter name : PIXEL_DISP single TE mode ? false
08-31 16:25:31.266   512   512 D hwc-display: Voter name : TEST single TE mode ? false
08-31 16:25:31.266   512   512 D hwc-display: Voter name : LHBM single TE mode ? false
08-31 16:25:31.266   512   512 D hwc-display: Voter name : BRIGHTNESS single TE mode ? false
08-31 16:25:31.266   512   512 D hwc-display: ]
08-31 16:25:31.275   512   512 I hwc-display: path=drm, id=0, level=709, nits=43.297932, brightness=0.020178, DimmingOn=0, Hbm=0, LhbmOn=0, OpRate=120
08-31 16:25:31.275   512   512 D hwc-display: setMinIdleRefreshRate requester = BRIGHTNESS, brightness = 43.293762 nits, vote minimum refresh rate to 1
08-31 16:25:31.275   512   512 I hwc-display: ExynosPrimaryDisplay: onProximitySensorStateChanged: 0
08-31 16:25:31.275   512   512 D hwc-display: Single TE mode votes: [
08-31 16:25:31.275   512   512 D hwc-display: Voter name : PIXEL_DISP single TE mode ? false
08-31 16:25:31.275   512   512 D hwc-display: Voter name : TEST single TE mode ? false
08-31 16:25:31.275   512   512 D hwc-display: Voter name : LHBM single TE mode ? false
08-31 16:25:31.275   512   512 D hwc-display: Voter name : BRIGHTNESS single TE mode ? false
08-31 16:25:31.275   512   512 D hwc-display: ]
08-31 16:25:31.283   512   512 I hwc-display: path=drm, id=0, level=708, nits=43.158348, brightness=0.020109, DimmingOn=0, Hbm=0, LhbmOn=0, OpRate=120
08-31 16:25:31.283   512   512 D hwc-display: setMinIdleRefreshRate requester = BRIGHTNESS, brightness = 43.166767 nits, vote minimum refresh rate to 1
08-31 16:25:31.283   512   512 I hwc-display: ExynosPrimaryDisplay: onProximitySensorStateChanged: 0
08-31 16:25:31.283   512   512 D hwc-display: Single TE mode votes: [
08-31 16:25:31.283   512   512 D hwc-display: Voter name : PIXEL_DISP single TE mode ? false
08-31 16:25:31.283   512   512 D hwc-display: Voter name : TEST single TE mode ? false
08-31 16:25:31.283   512   512 D hwc-display: Voter name : LHBM single TE mode ? false
08-31 16:25:31.283   512   512 D hwc-display: Voter name : BRIGHTNESS single TE mode ? false
08-31 16:25:31.283   512   512 D hwc-display: ]
08-31 16:25:31.289   968  1018 D shamp   : [TEA] [Domain: LTE DM] [Token: 9c07e879] [Timestamp: 1756650328086]: | 1_S |CC0 Mx0 Sc0| PCell SFN [ 716,7105 ], DL EARFCN [ 3, 1600], PCell ID [322], DL Bandwidth [ 5]
08-31 16:25:31.290   968  1018 D shamp   : [TEA] [Domain: LTE_DM] [Token: b4155ea3] [Timestamp: 1756650328086]: |CC0 Mx0 Sc0| PCell SINR Avg: -5.65 RX Count: 2]
08-31 16:25:31.290   968  1018 D shamp   : [TEA] [Domain: LTE_RRM] [Token: 48fb20ca] [Timestamp: 1756650328127]: Srxlev(8.59dB) S_NonIntraSearchP_Ind(1) S_NonIntraSearchP(14dB) LTERRM_S_NONINTRASEARCH_OFFSET(0dB)
08-31 16:25:31.290   968  1018 D shamp   : [TEA] [Domain: LTE DM] [Token: 9c07e879] [Timestamp: 1756650328291]: | 1_S |CC0 Mx0 Sc0| PCell SFN [ 2413,7310 ], DL EARFCN [20, 6300], PCell ID [107], DL Bandwidth [ 3]
08-31 16:25:31.290   968  1018 D shamp   : [TEA] [Domain: LTE_DM] [Token: b4155ea3] [Timestamp: 1756650328291]: |CC0 Mx0 Sc0| PCell SINR Avg: 9.28 RX Count: 2]
08-31 16:25:31.290   968  1018 D shamp   : [TEA] [Domain: LTE_RRM] [Token: 48fb20ca] [Timestamp: 1756650328292]: Srxlev(21.45dB) S_NonIntraSearchP_Ind(1) S_NonIntraSearchP(62dB) LTERRM_S_NONINTRASEARCH_OFFSET(0dB)
08-31 16:25:31.290   968  1018 D shamp   : [TEA] [Domain: LTE DM] [Token: 9c07e879] [Timestamp: 1756650328406]: | 1_S |CC0 Mx0 Sc0| PCell SFN [ 716,7425 ], DL EARFCN [ 3, 1600], PCell ID [322], DL Bandwidth [ 5]
08-31 16:25:31.290   968  1018 D shamp   : [TEA] [Domain: LTE_DM] [Token: b4155ea3] [Timestamp: 1756650328406]: |CC0 Mx0 Sc0| PCell SINR Avg: -5.21 RX Count: 2]
08-31 16:25:31.290   968  1018 D shamp   : [TEA] [Domain: LTE_RRM] [Token: 48fb20ca] [Timestamp: 1756650328452]: Srxlev(8.33dB) S_NonIntraSearchP_Ind(1) S_NonIntraSearchP(14dB) LTERRM_S_NONINTRASEARCH_OFFSET(0dB)
08-31 16:25:31.290   968  1018 D shamp   : [TEA] [Domain: LTE DM] [Token: 9c07e879] [Timestamp: 1756650328612]: | 1_S |CC0 Mx0 Sc0| PCell SFN [ 2413,7631 ], DL EARFCN [20, 6300], PCell ID [107], DL Bandwidth [ 3]
08-31 16:25:31.290   968  1018 D shamp   : [TEA] [Domain: LTE_DM] [Token: b4155ea3] [Timestamp: 1756650328612]: |CC0 Mx0 Sc0| PCell SINR Avg: -0.91 RX Count: 2]
08-31 16:25:31.290   968  1018 D shamp   : [TEA] [Domain: LTE_RRM] [Token: 48fb20ca] [Timestamp: 1756650328657]: Srxlev(21.22dB) S_NonIntraSearchP_Ind(1) S_NonIntraSearchP(62dB) LTERRM_S_NONINTRASEARCH_OFFSET(0dB)
08-31 16:25:31.290   968  1018 D shamp   : [TEA] [Domain: LTE DM] [Token: 9c07e879] [Timestamp: 1756650328726]: | 1_S |CC0 Mx0 Sc0| PCell SFN [ 716,7745 ], DL EARFCN [ 3, 1600], PCell ID [322], DL Bandwidth [ 5]
08-31 16:25:31.290   968  1018 D shamp   : [TEA] [Domain: LTE_DM] [Token: b4155ea3] [Timestamp: 1756650328726]: |CC0 Mx0 Sc0| PCell SINR Avg: -5.32 RX Count: 2]
08-31 16:25:31.290   968  1018 D shamp   : [TEA] [Domain: LTE_RRM] [Token: 48fb20ca] [Timestamp: 1756650328768]: Srxlev(8.33dB) S_NonIntraSearchP_Ind(1) S_NonIntraSearchP(14dB) LTERRM_S_NONINTRASEARCH_OFFSET(0dB)
08-31 16:25:31.290   968  1018 D shamp   : [TEA] [Domain: LTE DM] [Token: 9c07e879] [Timestamp: 1756650328931]: | 1_S |CC0 Mx0 Sc0| PCell SFN [ 2413,7950 ], DL EARFCN [20, 6300], PCell ID [107], DL Bandwidth [ 3]
08-31 16:25:31.290   968  1018 D shamp   : [TEA] [Domain: LTE_DM] [Token: b4155ea3] [Timestamp: 1756650328931]: |CC0 Mx0 Sc0| PCell SINR Avg: -0.94 RX Count: 2]
08-31 16:25:31.290   968  1018 D shamp   : [TEA] [Domain: LTE_RRM] [Token: 48fb20ca] [Timestamp: 1756650328932]: Srxlev(21.22dB) S_NonIntraSearchP_Ind(1) S_NonIntraSearchP(62dB) LTERRM_S_NONINTRASEARCH_OFFSET(0dB)
08-31 16:25:31.290   968  1018 D shamp   : [TEA] [Domain: LTE DM] [Token: 9c07e879] [Timestamp: 1756650329046]: | 1_S |CC0 Mx0 Sc0| PCell SFN [ 716,8065 ], DL EARFCN [ 3, 1600], PCell ID [322], DL Bandwidth [ 5]
08-31 16:25:31.290   968  1018 D shamp   : [TEA] [Domain: LTE_DM] [Token: b4155ea3] [Timestamp: 1756650329046]: |CC0 Mx0 Sc0| PCell SINR Avg: -3.37 RX Count: 2]
08-31 16:25:31.290   968  1018 D shamp   : [TEA] [Domain: LTE_RRM] [Token: 48fb20ca] [Timestamp: 1756650329092]: Srxlev(8.28dB) S_NonIntraSearchP_Ind(1) S_NonIntraSearchP(14dB) LTERRM_S_NONINTRASEARCH_OFFSET(0dB)
08-31 16:25:31.290   968  1018 D shamp   : [TEA] [Domain: LTE DM] [Token: 9c07e879] [Timestamp: 1756650329252]: | 1_S |CC0 Mx0 Sc0| PCell SFN [ 2413,8271 ], DL EARFCN [20, 6300], PCell ID [107], DL Bandwidth [ 3]
08-31 16:25:31.290   968  1018 D shamp   : [TEA] [Domain: LTE_DM] [Token: b4155ea3] [Timestamp: 1756650329252]: |CC0 Mx0 Sc0| PCell SINR Avg: -1.58 RX Count: 2]
08-31 16:25:31.291   968  1018 D shamp   : [TEA] [Domain: LTE_RRM] [Token: 48fb20ca] [Timestamp: 1756650329297]: Srxlev(21.30dB) S_NonIntraSearchP_Ind(1) S_NonIntraSearchP(62dB) LTERRM_S_NONINTRASEARCH_OFFSET(0dB)
08-31 16:25:31.291   968  1018 D shamp   : [TEA] [Domain: LTE DM] [Token: 9c07e879] [Timestamp: 1756650329366]: | 1_S |CC0 Mx0 Sc0| PCell SFN [ 716,8385 ], DL EARFCN [ 3, 1600], PCell ID [322], DL Bandwidth [ 5]
08-31 16:25:31.291   968  1018 D shamp   : [TEA] [Domain: LTE_DM] [Token: b4155ea3] [Timestamp: 1756650329366]: |CC0 Mx0 Sc0| PCell SINR Avg: -4.91 RX Count: 2]
08-31 16:25:31.291   968  1018 D shamp   : [TEA] [Domain: LTE_RRM] [Token: 48fb20ca] [Timestamp: 1756650329407]: Srxlev(8.28dB) S_NonIntraSearchP_Ind(1) S_NonIntraSearchP(14dB) LTERRM_S_NONINTRASEARCH_OFFSET(0dB)
08-31 16:25:31.291   968  1018 D shamp   : [TEA] [Domain: LTE DM] [Token: 9c07e879] [Timestamp: 1756650329571]: | 1_S |CC0 Mx0 Sc0| PCell SFN [ 2413,8590 ], DL EARFCN [20, 6300], PCell ID [107], DL Bandwidth [ 3]
08-31 16:25:31.291   968  1018 D shamp   : [TEA] [Domain: LTE_DM] [Token: b4155ea3] [Timestamp: 1756650329571]: |CC0 Mx0 Sc0| PCell SINR Avg: -0.69 RX Count: 2]
08-31 16:25:31.291   968  1018 D shamp   : [TEA] [Domain: LTE_RRM] [Token: 48fb20ca] [Timestamp: 1756650329572]: Srxlev(21.30dB) S_NonIntraSearchP_Ind(1) S_NonIntraSearchP(62dB) LTERRM_S_NONINTRASEARCH_OFFSET(0dB)
08-31 16:25:31.291   968  1018 D shamp   : [TEA] [Domain: LTE DM] [Token: 9c07e879] [Timestamp: 1756650329686]: | 1_S |CC0 Mx0 Sc0| PCell SFN [ 716,8705 ], DL EARFCN [ 3, 1600], PCell ID [322], DL Bandwidth [ 5]
08-31 16:25:31.291   968  1018 D shamp   : [TEA] [Domain: LTE_DM] [Token: b4155ea3] [Timestamp: 1756650329686]: |CC0 Mx0 Sc0| PCell SINR Avg: -4.57 RX Count: 2]
08-31 16:25:31.291   968  1018 D shamp   : [TEA] [Domain: LTE_RRM] [Token: 48fb20ca] [Timestamp: 1756650329732]: Srxlev(8.28dB) S_NonIntraSearchP_Ind(1) S_NonIntraSearchP(14dB) LTERRM_S_NONINTRASEARCH_OFFSET(0dB)
08-31 16:25:31.291   968  1018 D shamp   : [TEA] [Domain: LTE DM] [Token: 9c07e879] [Timestamp: 1756650329891]: | 1_S |CC0 Mx0 Sc0| PCell SFN [ 2413,8910 ], DL EARFCN [20, 6300], PCell ID [107], DL Bandwidth [ 3]
08-31 16:25:31.291   968  1018 D shamp   : [TEA] [Domain: LTE_DM] [Token: b4155ea3] [Timestamp: 1756650329891]: |CC0 Mx0 Sc0| PCell SINR Avg: 0.05 RX Count: 2]
08-31 16:25:31.291   968  1018 D shamp   : [TEA] [Domain: LTE_RRM] [Token: 48fb20ca] [Timestamp: 1756650329937]: Srxlev(21.47dB) S_NonIntraSearchP_Ind(1) S_NonIntraSearchP(62dB) LTERRM_S_NONINTRASEARCH_OFFSET(0dB)
08-31 16:25:31.291   968  1018 D shamp   : [TEA] [Domain: LTE DM] [Token: 9c07e879] [Timestamp: 1756650330006]: | 1_S |CC0 Mx0 Sc0| PCell SFN [ 716,9025 ], DL EARFCN [ 3, 1600], PCell ID [322], DL Bandwidth [ 5]
08-31 16:25:31.291   968  1018 D shamp   : [TEA] [Domain: LTE_DM] [Token: b4155ea3] [Timestamp: 1756650330006]: |CC0 Mx0 Sc0| PCell SINR Avg: -4.80 RX Count: 2]
08-31 16:25:31.291   968  1018 D shamp   : [TEA] [Domain: LTE_RRM] [Token: 48fb20ca] [Timestamp: 1756650330048]: Srxlev(8.28dB) S_NonIntraSearchP_Ind(1) S_NonIntraSearchP(14dB) LTERRM_S_NONINTRASEARCH_OFFSET(0dB)
08-31 16:25:31.291   968  1018 D shamp   : [TEA] [Domain: LTE DM] [Token: 9c07e879] [Timestamp: 1756650330211]: | 1_S |CC0 Mx0 Sc0| PCell SFN [ 2413,9230 ], DL EARFCN [20, 6300], PCell ID [107], DL Bandwidth [ 3]
08-31 16:25:31.291   968  1018 D shamp   : [TEA] [Domain: LTE_DM] [Token: b4155ea3] [Timestamp: 1756650330211]: |CC0 Mx0 Sc0| PCell SINR Avg: 10.85 RX Count: 2]
08-31 16:25:31.291   968  1018 D shamp   : [TEA] [Domain: LTE_RRM] [Token: 48fb20ca] [Timestamp: 1756650330212]: Srxlev(21.47dB) S_NonIntraSearchP_Ind(1) S_NonIntraSearchP(62dB) LTERRM_S_NONINTRASEARCH_OFFSET(0dB)
08-31 16:25:31.291   512   512 I hwc-display: path=drm, id=0, level=707, nits=43.018913, brightness=0.020041, DimmingOn=0, Hbm=0, LhbmOn=0, OpRate=120
08-31 16:25:31.291   512   512 D hwc-display: setMinIdleRefreshRate requester = BRIGHTNESS, brightness = 43.039772 nits, vote minimum refresh rate to 1
08-31 16:25:31.291   968  1018 D shamp   : [TEA] [Domain: LTE DM] [Token: 9c07e879] [Timestamp: 1756650330326]: | 1_S |CC0 Mx0 Sc0| PCell SFN [ 716,9345 ], DL EARFCN [ 3, 1600], PCell ID [322], DL Bandwidth [ 5]
08-31 16:25:31.291   512   512 I hwc-display: ExynosPrimaryDisplay: onProximitySensorStateChanged: 0
08-31 16:25:31.291   968  1018 D shamp   : [TEA] [Domain: LTE_DM] [Token: b4155ea3] [Timestamp: 1756650330326]: |CC0 Mx0 Sc0| PCell SINR Avg: -4.85 RX Count: 2]
08-31 16:25:31.291   968  1018 D shamp   : [TEA] [Domain: LTE_RRM] [Token: 48fb20ca] [Timestamp: 1756650330372]: Srxlev(8.65dB) S_NonIntraSearchP_Ind(1) S_NonIntraSearchP(14dB) LTERRM_S_NONINTRASEARCH_OFFSET(0dB)
08-31 16:25:31.291   968  1018 D shamp   : [TEA] [Domain: LTE DM] [Token: 9c07e879] [Timestamp: 1756650330531]: | 1_S |CC0 Mx0 Sc0| PCell SFN [ 2413,9550 ], DL EARFCN [20, 6300], PCell ID [107], DL Bandwidth [ 3]
08-31 16:25:31.291   968  1018 D shamp   : [TEA] [Domain: LTE_DM] [Token: b4155ea3] [Timestamp: 1756650330531]: |CC0 Mx0 Sc0| PCell SINR Avg: -2.56 RX Count: 2]
08-31 16:25:31.291   512   512 D hwc-display: Single TE mode votes: [
08-31 16:25:31.291   512   512 D hwc-display: Voter name : PIXEL_DISP single TE mode ? false
08-31 16:25:31.291   512   512 D hwc-display: Voter name : TEST single TE mode ? false
08-31 16:25:31.291   512   512 D hwc-display: Voter name : LHBM single TE mode ? false
08-31 16:25:31.291   512   512 D hwc-display: Voter name : BRIGHTNESS single TE mode ? false
08-31 16:25:31.291   512   512 D hwc-display: ]
08-31 16:25:31.291   968  1018 D shamp   : [TEA] [Domain: LTE_RRM] [Token: 48fb20ca] [Timestamp: 1756650330576]: Srxlev(21.65dB) S_NonIntraSearchP_Ind(1) S_NonIntraSearchP(62dB) LTERRM_S_NONINTRASEARCH_OFFSET(0dB)
08-31 16:25:31.292   968  1018 D shamp   : [TEA] [Domain: LTE DM] [Token: 9c07e879] [Timestamp: 1756650330646]: | 1_S |CC0 Mx0 Sc0| PCell SFN [ 716,9665 ], DL EARFCN [ 3, 1600], PCell ID [322], DL Bandwidth [ 5]
08-31 16:25:31.292   968  1018 D shamp   : [TEA] [Domain: LTE_DM] [Token: b4155ea3] [Timestamp: 1756650330646]: |CC0 Mx0 Sc0| PCell SINR Avg: -4.72 RX Count: 2]
08-31 16:25:31.292   968  1018 D shamp   : [TEA] [Domain: LTE_RRM] [Token: 48fb20ca] [Timestamp: 1756650330688]: Srxlev(8.65dB) S_NonIntraSearchP_Ind(1) S_NonIntraSearchP(14dB) LTERRM_S_NONINTRASEARCH_OFFSET(0dB)
08-31 16:25:31.292   968  1018 D shamp   : [TEA] [Domain: LTE DM] [Token: 9c07e879] [Timestamp: 1756650330851]: | 1_S |CC0 Mx0 Sc0| PCell SFN [ 2413,9870 ], DL EARFCN [20, 6300], PCell ID [107], DL Bandwidth [ 3]
08-31 16:25:31.292   968  1018 D shamp   : [TEA] [Domain: LTE_DM] [Token: b4155ea3] [Timestamp: 1756650330851]: |CC0 Mx0 Sc0| PCell SINR Avg: -0.63 RX Count: 2]
08-31 16:25:31.292   968  1018 D shamp   : [TEA] [Domain: LTE_RRM] [Token: 48fb20ca] [Timestamp: 1756650330852]: Srxlev(21.65dB) S_NonIntraSearchP_Ind(1) S_NonIntraSearchP(62dB) LTERRM_S_NONINTRASEARCH_OFFSET(0dB)
08-31 16:25:31.292   968  1018 D shamp   : [TEA] [Domain: LTE DM] [Token: 9c07e879] [Timestamp: 1756650330966]: | 1_S |CC0 Mx0 Sc0| PCell SFN [ 716,9985 ], DL EARFCN [ 3, 1600], PCell ID [322], DL Bandwidth [ 5]
08-31 16:25:31.292   968  1018 D shamp   : [TEA] [Domain: LTE_DM] [Token: b4155ea3] [Timestamp: 1756650330966]: |CC0 Mx0 Sc0| PCell SINR Avg: -4.65 RX Count: 2]
08-31 16:25:31.292   968  1018 D shamp   : [TEA] [Domain: LTE_RRM] [Token: 48fb20ca] [Timestamp: 1756650331012]: Srxlev(8.68dB) S_NonIntraSearchP_Ind(1) S_NonIntraSearchP(14dB) LTERRM_S_NONINTRASEARCH_OFFSET(0dB)
08-31 16:25:31.292   968  1018 D shamp   : [TEA] [Domain: LTE DM] [Token: 9c07e879] [Timestamp: 1756650331171]: | 1_S |CC0 Mx0 Sc0| PCell SFN [ 2413,10190 ], DL EARFCN [20, 6300], PCell ID [107], DL Bandwidth [ 3]
08-31 16:25:31.292   968  1018 D shamp   : [TEA] [Domain: LTE_DM] [Token: b4155ea3] [Timestamp: 1756650331171]: |CC0 Mx0 Sc0| PCell SINR Avg: -0.54 RX Count: 2]
08-31 16:25:31.292   968  1018 D shamp   : [TEA] [Domain: LTE_RRM] [Token: 48fb20ca] [Timestamp: 1756650331196]: Srxlev(21.69dB) S_NonIntraSearchP_Ind(1) S_NonIntraSearchP(62dB) LTERRM_S_NONINTRASEARCH_OFFSET(0dB)
08-31 16:25:31.292   968  1018 D shamp   : [TEA] [Domain: LTE DM] [Token: 9c07e879] [Timestamp: 1756650331287]: | 1_S |CC0 Mx0 Sc0| PCell SFN [ 716,66 ], DL EARFCN [ 3, 1600], PCell ID [322], DL Bandwidth [ 5]
08-31 16:25:31.292   968  1018 D shamp   : [TEA] [Domain: LTE_DM] [Token: b4155ea3] [Timestamp: 1756650331287]: |CC0 Mx0 Sc0| PCell SINR Avg: -5.75 RX Count: 2]
08-31 16:25:31.300   512   512 I hwc-display: path=drm, id=0, level=706, nits=42.879795, brightness=0.019973, DimmingOn=0, Hbm=0, LhbmOn=0, OpRate=120
08-31 16:25:31.300   512   512 D hwc-display: setMinIdleRefreshRate requester = BRIGHTNESS, brightness = 42.912773 nits, vote minimum refresh rate to 1
08-31 16:25:31.300   512   512 I hwc-display: ExynosPrimaryDisplay: onProximitySensorStateChanged: 0
08-31 16:25:31.300   512   512 D hwc-display: Single TE mode votes: [
08-31 16:25:31.300   512   512 D hwc-display: Voter name : PIXEL_DISP single TE mode ? false
08-31 16:25:31.300   512   512 D hwc-display: Voter name : TEST single TE mode ? false
08-31 16:25:31.300   512   512 D hwc-display: Voter name : LHBM single TE mode ? false
08-31 16:25:31.300   512   512 D hwc-display: Voter name : BRIGHTNESS single TE mode ? false
08-31 16:25:31.300   512   512 D hwc-display: ]
08-31 16:25:31.301  1449  2066 D ConnectivityService: NetReassign [no changes] [c 6] [a 4] [i 7]
08-31 16:25:31.308   512   512 I hwc-display: path=drm, id=0, level=705, nits=42.740841, brightness=0.019905, DimmingOn=0, Hbm=0, LhbmOn=0, OpRate=120
08-31 16:25:31.308   512   512 D hwc-display: setMinIdleRefreshRate requester = BRIGHTNESS, brightness = 42.785774 nits, vote minimum refresh rate to 1
08-31 16:25:31.308   512   512 I hwc-display: ExynosPrimaryDisplay: onProximitySensorStateChanged: 0
08-31 16:25:31.308   512   512 D hwc-display: Single TE mode votes: [
08-31 16:25:31.308   512   512 D hwc-display: Voter name : PIXEL_DISP single TE mode ? false
08-31 16:25:31.308   512   512 D hwc-display: Voter name : TEST single TE mode ? false
08-31 16:25:31.308   512   512 D hwc-display: Voter name : LHBM single TE mode ? false
08-31 16:25:31.308   512   512 D hwc-display: Voter name : BRIGHTNESS single TE mode ? false
08-31 16:25:31.308   512   512 D hwc-display: ]
08-31 16:25:31.316   512   643 I hwc-display: path=drm, id=0, level=704, nits=42.602039, brightness=0.019837, DimmingOn=0, Hbm=0, LhbmOn=0, OpRate=120
08-31 16:25:31.316   512   643 D hwc-display: setMinIdleRefreshRate requester = BRIGHTNESS, brightness = 42.658779 nits, vote minimum refresh rate to 1
08-31 16:25:31.316   512   643 I hwc-display: ExynosPrimaryDisplay: onProximitySensorStateChanged: 0
08-31 16:25:31.316   512   643 D hwc-display: Single TE mode votes: [
08-31 16:25:31.316   512   643 D hwc-display: Voter name : PIXEL_DISP single TE mode ? false
08-31 16:25:31.316   512   643 D hwc-display: Voter name : TEST single TE mode ? false
08-31 16:25:31.316   512   643 D hwc-display: Voter name : LHBM single TE mode ? false
08-31 16:25:31.316   512   643 D hwc-display: Voter name : BRIGHTNESS single TE mode ? false
08-31 16:25:31.316   512   643 D hwc-display: ]
08-31 16:25:31.320  1229  1229 D AOC     : A3:MSG: tmd3733_device.cc, 3256: USF: TMD3733: dbv:705 luma:254 leak:0.69 rr:120 te2:120 status:1 op_hz:120 [0]
08-31 16:25:31.325   512   643 I hwc-display: path=drm, id=0, level=702, nits=42.463619, brightness=0.019770, DimmingOn=0, Hbm=0, LhbmOn=0, OpRate=120
08-31 16:25:31.325   512   643 D hwc-display: setMinIdleRefreshRate requester = BRIGHTNESS, brightness = 42.404785 nits, vote minimum refresh rate to 1
08-31 16:25:31.325   512   643 I hwc-display: ExynosPrimaryDisplay: onProximitySensorStateChanged: 0
08-31 16:25:31.325   512   643 D hwc-display: Single TE mode votes: [
08-31 16:25:31.325   512   643 D hwc-display: Voter name : PIXEL_DISP single TE mode ? false
08-31 16:25:31.325   512   643 D hwc-display: Voter name : TEST single TE mode ? false
08-31 16:25:31.325   512   643 D hwc-display: Voter name : LHBM single TE mode ? false
08-31 16:25:31.325   512   643 D hwc-display: Voter name : BRIGHTNESS single TE mode ? false
08-31 16:25:31.325   512   643 D hwc-display: ]
08-31 16:25:31.333   512   643 I hwc-display: path=drm, id=0, level=701, nits=42.325459, brightness=0.019702, DimmingOn=0, Hbm=0, LhbmOn=0, OpRate=120
08-31 16:25:31.333   512   643 D hwc-display: setMinIdleRefreshRate requester = BRIGHTNESS, brightness = 42.277786 nits, vote minimum refresh rate to 1
08-31 16:25:31.333   512   643 I hwc-display: ExynosPrimaryDisplay: onProximitySensorStateChanged: 0
08-31 16:25:31.333   512   643 D hwc-display: Single TE mode votes: [
08-31 16:25:31.333   512   643 D hwc-display: Voter name : PIXEL_DISP single TE mode ? false
08-31 16:25:31.333   512   643 D hwc-display: Voter name : TEST single TE mode ? false
08-31 16:25:31.333   512   643 D hwc-display: Voter name : LHBM single TE mode ? false
08-31 16:25:31.333   512   643 D hwc-display: Voter name : BRIGHTNESS single TE mode ? false
08-31 16:25:31.333   512   643 D hwc-display: ]
08-31 16:25:31.341   512   643 I hwc-display: path=drm, id=0, level=700, nits=42.187599, brightness=0.019635, DimmingOn=0, Hbm=0, LhbmOn=0, OpRate=120
08-31 16:25:31.341   512   643 D hwc-display: setMinIdleRefreshRate requester = BRIGHTNESS, brightness = 42.150791 nits, vote minimum refresh rate to 1
08-31 16:25:31.341   512   643 I hwc-display: ExynosPrimaryDisplay: onProximitySensorStateChanged: 0
08-31 16:25:31.342   512   643 D hwc-display: Single TE mode votes: [
08-31 16:25:31.342   512   643 D hwc-display: Voter name : PIXEL_DISP single TE mode ? false
08-31 16:25:31.342   512   643 D hwc-display: Voter name : TEST single TE mode ? false
08-31 16:25:31.342   512   643 D hwc-display: Voter name : LHBM single TE mode ? false
08-31 16:25:31.342   512   643 D hwc-display: Voter name : BRIGHTNESS single TE mode ? false
08-31 16:25:31.342   512   643 D hwc-display: ]
08-31 16:25:31.350   512   643 I hwc-display: path=drm, id=0, level=699, nits=42.049931, brightness=0.019568, DimmingOn=0, Hbm=0, LhbmOn=0, OpRate=120
08-31 16:25:31.350   512   643 D hwc-display: setMinIdleRefreshRate requester = BRIGHTNESS, brightness = 42.023796 nits, vote minimum refresh rate to 1
08-31 16:25:31.350   512   643 I hwc-display: ExynosPrimaryDisplay: onProximitySensorStateChanged: 0
08-31 16:25:31.350   512   643 D hwc-display: Single TE mode votes: [
08-31 16:25:31.350   512   643 D hwc-display: Voter name : PIXEL_DISP single TE mode ? false
08-31 16:25:31.350   512   643 D hwc-display: Voter name : TEST single TE mode ? false
08-31 16:25:31.350   512   643 D hwc-display: Voter name : LHBM single TE mode ? false
08-31 16:25:31.350   512   643 D hwc-display: Voter name : BRIGHTNESS single TE mode ? false
08-31 16:25:31.350   512   643 D hwc-display: ]
08-31 16:25:31.358   512   643 I hwc-display: path=drm, id=0, level=698, nits=41.912415, brightness=0.019500, DimmingOn=0, Hbm=0, LhbmOn=0, OpRate=120
08-31 16:25:31.359   512   643 D hwc-display: setMinIdleRefreshRate requester = BRIGHTNESS, brightness = 41.896797 nits, vote minimum refresh rate to 1
08-31 16:25:31.359   512   643 I hwc-display: ExynosPrimaryDisplay: onProximitySensorStateChanged: 0
08-31 16:25:31.359   512   643 D hwc-display: Single TE mode votes: [
08-31 16:25:31.359   512   643 D hwc-display: Voter name : PIXEL_DISP single TE mode ? false
08-31 16:25:31.359   512   643 D hwc-display: Voter name : TEST single TE mode ? false
08-31 16:25:31.359   512   643 D hwc-display: Voter name : LHBM single TE mode ? false
08-31 16:25:31.359   512   643 D hwc-display: Voter name : BRIGHTNESS single TE mode ? false
08-31 16:25:31.359   512   643 D hwc-display: ]
08-31 16:25:31.366   512   643 I hwc-display: path=drm, id=0, level=697, nits=41.775097, brightness=0.019433, DimmingOn=0, Hbm=0, LhbmOn=0, OpRate=120
08-31 16:25:31.366   512   643 D hwc-display: setMinIdleRefreshRate requester = BRIGHTNESS, brightness = 41.769798 nits, vote minimum refresh rate to 1
08-31 16:25:31.366   512   643 I hwc-display: ExynosPrimaryDisplay: onProximitySensorStateChanged: 0
08-31 16:25:31.367   512   643 D hwc-display: Single TE mode votes: [
08-31 16:25:31.367   512   643 D hwc-display: Voter name : PIXEL_DISP single TE mode ? false
08-31 16:25:31.367   512   643 D hwc-display: Voter name : TEST single TE mode ? false
08-31 16:25:31.367   512   643 D hwc-display: Voter name : LHBM single TE mode ? false
08-31 16:25:31.367   512   643 D hwc-display: Voter name : BRIGHTNESS single TE mode ? false
08-31 16:25:31.367   512   643 D hwc-display: ]
08-31 16:25:31.374   512   643 I hwc-display: path=drm, id=0, level=696, nits=41.638088, brightness=0.019366, DimmingOn=0, Hbm=0, LhbmOn=0, OpRate=120
08-31 16:25:31.375   512   643 D hwc-display: setMinIdleRefreshRate requester = BRIGHTNESS, brightness = 41.642803 nits, vote minimum refresh rate to 1
08-31 16:25:31.375   512   643 I hwc-display: ExynosPrimaryDisplay: onProximitySensorStateChanged: 0
08-31 16:25:31.375   512   643 D hwc-display: Single TE mode votes: [
08-31 16:25:31.375   512   643 D hwc-display: Voter name : PIXEL_DISP single TE mode ? false
08-31 16:25:31.375   512   643 D hwc-display: Voter name : TEST single TE mode ? false
08-31 16:25:31.375   512   643 D hwc-display: Voter name : LHBM single TE mode ? false
08-31 16:25:31.375   512   643 D hwc-display: Voter name : BRIGHTNESS single TE mode ? false
08-31 16:25:31.375   512   643 D hwc-display: ]
08-31 16:25:31.378  1229  1229 D AOC     : A3:MSG: tmd3733_device.cc, 3256: USF: TMD3733: dbv:698 luma:254 leak:0.67 rr:120 te2:120 status:1 op_hz:120 [0]
08-31 16:25:31.383   512   643 I hwc-display: path=drm, id=0, level=695, nits=41.501377, brightness=0.019299, DimmingOn=0, Hbm=0, LhbmOn=0, OpRate=120
08-31 16:25:31.383   512   643 D hwc-display: setMinIdleRefreshRate requester = BRIGHTNESS, brightness = 41.515804 nits, vote minimum refresh rate to 1
08-31 16:25:31.383   512   643 I hwc-display: ExynosPrimaryDisplay: onProximitySensorStateChanged: 0
08-31 16:25:31.383   512   643 D hwc-display: Single TE mode votes: [
08-31 16:25:31.383   512   643 D hwc-display: Voter name : PIXEL_DISP single TE mode ? false
08-31 16:25:31.383   512   643 D hwc-display: Voter name : TEST single TE mode ? false
08-31 16:25:31.383   512   643 D hwc-display: Voter name : LHBM single TE mode ? false
08-31 16:25:31.383   512   643 D hwc-display: Voter name : BRIGHTNESS single TE mode ? false
08-31 16:25:31.383   512   643 D hwc-display: ]
08-31 16:25:31.391   512   643 I hwc-display: path=drm, id=0, level=694, nits=41.371574, brightness=0.019236, DimmingOn=0, Hbm=0, LhbmOn=0, OpRate=120
08-31 16:25:31.391   512   643 D hwc-display: setMinIdleRefreshRate requester = BRIGHTNESS, brightness = 41.388809 nits, vote minimum refresh rate to 1
08-31 16:25:31.391   512   643 I hwc-display: ExynosPrimaryDisplay: onProximitySensorStateChanged: 0
08-31 16:25:31.391   512   643 D hwc-display: Single TE mode votes: [
08-31 16:25:31.391   512   643 D hwc-display: Voter name : PIXEL_DISP single TE mode ? false
08-31 16:25:31.391   512   643 D hwc-display: Voter name : TEST single TE mode ? false
08-31 16:25:31.391   512   643 D hwc-display: Voter name : LHBM single TE mode ? false
08-31 16:25:31.391   512   643 D hwc-display: Voter name : BRIGHTNESS single TE mode ? false
08-31 16:25:31.391   512   643 D hwc-display: ]
08-31 16:25:31.391   512   643 D hwc-display: setMinIdleRefreshRate requester = BRIGHTNESS, brightness = 41.388809 nits, vote minimum refresh rate to 1
08-31 16:25:31.391   512   643 I hwc-display: ExynosPrimaryDisplay: onProximitySensorStateChanged: 0
08-31 16:25:31.391   512   643 D hwc-display: Single TE mode votes: [
08-31 16:25:31.391   512   643 D hwc-display: Voter name : PIXEL_DISP single TE mode ? false
08-31 16:25:31.391   512   643 D hwc-display: Voter name : TEST single TE mode ? false
08-31 16:25:31.391   512   643 D hwc-display: Voter name : LHBM single TE mode ? false
08-31 16:25:31.391   512   643 D hwc-display: Voter name : BRIGHTNESS single TE mode ? false
08-31 16:25:31.391   512   643 D hwc-display: ]
08-31 16:25:31.398   512   643 I hwc-display: path=sysfs, id=0, level=694, nits=41.371574, brightness=0.019236, DimmingOn=0, Hbm=0, LhbmOn=0, OpRate=120
08-31 16:25:31.401  3127  3161 W pixelstats-vendor: Thread Pool max thread count is 0. Cannot cache binder as linkToDeath cannot be implemented. serviceName: android.frameworks.stats.IStats/default
08-31 16:25:31.430  1449  2000 D ActivityManager: freezing 22188 com.google.android.gms.learning
08-31 16:25:31.434  1449  2000 D ActivityManager: freezing 25373 com.google.android.gms:snet
08-31 16:25:31.801 11721 11744 I pixel-thermal: VIRTUAL-SKIN-MODEL: model_input: [31416.00 35512.00 31683.00 33197.00 34621.00 34065.00 35534.00 31483.00 ]
08-31 16:25:31.801 11721 11744 I native  : I0000 00:00:1756650331.801256   11744 thermal_tflite_wrapper.cc:261] ThermalTfliteInvoke
08-31 16:25:31.801 11721 11744 I pixel-thermal: VIRTUAL-SKIN-MODEL: model_output: [32469.3 ]
08-31 16:25:31.801 11721 11744 I pixel-thermal: VIRTUAL-SKIN-MODEL: predicted_value: [32469.3 ]
08-31 16:25:31.802 11721 11744 I pixel-thermal: VIRTUAL-SKIN-CPU-MID:32.4583 raw data: VIRTUAL-SKIN:32458.3 VIRTUAL-SKIN-CPU-MID:32458.3 VIRTUAL-SKIN-LEGACY:32218.7 VIRTUAL-SKIN-LEGACY-MODEL-DIFF:-250.58 VIRTUAL-SKIN-LEGACY-SHUTDOWN:0 VIRTUAL-SKIN-MODEL:32469.3 VIRTUAL-SKIN-MODEL-CLAMPED:32469.3 VIRTUAL-SKIN-MODEL-LEGACY-DIFF:250.58 VIRTUAL-SKIN-MODEL-UPDATED:32458.3 VIRTUAL-SKIN-MODEL-UPPER-CLAMPED:32469.3 VIRTUAL-SKIN-SUB-0:29262.9 VIRTUAL-SKIN-SUB-1:31198 VIRTUAL-SKIN-SUB-2:32218.7 VIRTUAL-SKIN-SUB-3:32075.1 VIRTUAL-SKIN-SUB-4:30417.2 VIRTUAL-SKIN-SUB-5:32052 VIRTUAL-SKIN-SUB-6:31568.7 VT_LEGACY_WEIGHT:0 VT_MODEL_WEIGHT:1 btmspkr_therm:31416 charging_therm:35512 disp_therm:31683 north_therm:33197 quiet_therm:34621 rfpa_therm:34065 soc_therm:35534 usb_pwr_therm:31483 
08-31 16:25:31.809 11721 11744 I pixel-thermal: STATS-UPDATOR:0 raw data: STATS-UPDATOR:0 VIRTUAL-SKIN-LEGACY:32218.7 VIRTUAL-SKIN-MODEL:32469.3 VIRTUAL-SKIN-MODEL-LEGACY-DIFF:250.58 
08-31 16:25:31.810 11721 11744 I pixel-thermal: VIRTUAL-SKIN-CHARGE-WIRED:31.9674 raw data: NO_WLC:1 VIRTUAL-SKIN-CHARGE:31967.4 VIRTUAL-SKIN-CHARGE-SUB-0:29262.9 VIRTUAL-SKIN-CHARGE-SUB-1:30417.2 VIRTUAL-SKIN-CHARGE-SUB-2:31937.6 VIRTUAL-SKIN-CHARGE-SUB-3:31967.4 VIRTUAL-SKIN-CHARGE-SUB-4:31922.8 VIRTUAL-SKIN-CHARGE-SUB-5:31568.7 VIRTUAL-SKIN-CHARGE-WIRED:31967.4 WLC_CHECK:1 btmspkr_therm:31416 charging_therm:35512 disp_therm:31683 north_therm:33197 quiet_therm:34621 rfpa_therm:34065 soc_therm:35534 thb_hda:54 usb_pwr_therm:31483 
08-31 16:25:31.810 11721 11744 I pixel-thermal: VIRTUAL-SKIN-CPU-ODPM:32.4583 raw data: VIRTUAL-SKIN:32458.3 VIRTUAL-SKIN-CPU-ODPM:32458.3 
08-31 16:25:31.810 11721 11744 I pixel-thermal: quiet_therm:34.621 raw data: quiet_therm:34621 
08-31 16:25:31.810 11721 11744 I pixel-thermal: VIRTUAL-SKIN:32.4583 raw data: VIRTUAL-SKIN:32458.3 
08-31 16:25:31.810 11721 11744 I pixel-thermal: VIRTUAL-SKIN-HINT:32.4583 raw data: VIRTUAL-SKIN:32458.3 VIRTUAL-SKIN-HINT:32458.3 
08-31 16:25:31.810 11721 11744 I pixel-thermal: VIRTUAL-SKIN-CPU-HIGH:32.4583 raw data: VIRTUAL-SKIN:32458.3 VIRTUAL-SKIN-CPU-HIGH:32458.3 
08-31 16:25:31.811 11721 11744 I pixel-thermal: VIRTUAL-SKIN-SOC:32.4583 raw data: VIRTUAL-SKIN:32458.3 VIRTUAL-SKIN-SOC:32458.3 
08-31 16:25:31.811 11721 11744 I pixel-thermal: VIRTUAL-SKIN-SPEAKER:36.1487 raw data: VIRTUAL-SKIN-SPEAKER:36148.6 VIRTUAL-SKIN-SPEAKER-SUB-0:36148.6 btmspkr_therm:31416 charging_therm:35512 disp_therm:31683 north_therm:33197 quiet_therm:34621 rfpa_therm:34065 soc_therm:35534 usb_pwr_therm:31483 
08-31 16:25:31.811 11721 11744 I pixel-thermal: VIRTUAL-SKIN-CPU-LIGHT-ODPM:32.4583 raw data: VIRTUAL-SKIN:32458.3 VIRTUAL-SKIN-CPU-LIGHT-ODPM:32458.3 
08-31 16:25:31.811 11721 11744 I pixel-thermal: VIRTUAL-SKIN-GPU:32.4583 raw data: VIRTUAL-SKIN:32458.3 VIRTUAL-SKIN-GPU:32458.3 
